\BOOKMARK [1][-]{section.1}{\376\377\000S\000e\000t\000s\000\040\000a\000n\000d\000\040\000I\000n\000d\000i\000c\000e\000s}{}% 1
\BOOKMARK [1][-]{section.2}{\376\377\000V\000R\000P\000-\000D\000R\000\040\000F\000e\000a\000t\000u\000r\000e\000\040\000M\000a\000p}{}% 2
\BOOKMARK [1][-]{section.3}{\376\377\000O\000r\000d\000e\000r\000e\000d\000\040\000S\000o\000r\000t\000i\000e\000\040\000C\000a\000n\000d\000i\000d\000a\000t\000e\000s}{}% 3
\BOOKMARK [1][-]{section.4}{\376\377\000P\000a\000r\000a\000m\000e\000t\000e\000r\000s}{}% 4
\BOOKMARK [2][-]{subsection.4.1}{\376\377\000T\000r\000a\000v\000e\000l\000-\000c\000o\000s\000t\000\040\000c\000o\000e\000f\000f\000i\000c\000i\000e\000n\000t\000s}{section.4}% 5
\BOOKMARK [1][-]{section.5}{\376\377\000D\000e\000c\000i\000s\000i\000o\000n\000\040\000V\000a\000r\000i\000a\000b\000l\000e\000s}{}% 6
\BOOKMARK [2][-]{subsection.5.1}{\376\377\000D\000e\000r\000i\000v\000e\000d\000\040\000s\000e\000r\000v\000i\000c\000e\000\040\000a\000n\000d\000\040\000t\000r\000i\000p\000-\000u\000s\000e\000\040\000i\000n\000d\000i\000c\000a\000t\000o\000r\000s}{section.5}% 7
\BOOKMARK [1][-]{section.6}{\376\377\000O\000b\000j\000e\000c\000t\000i\000v\000e\000\040\000F\000u\000n\000c\000t\000i\000o\000n}{}% 8
\BOOKMARK [2][-]{subsection.6.1}{\376\377\000V\000a\000r\000i\000a\000b\000l\000e\000\040\000\050\000d\000i\000s\000t\000a\000n\000c\000e\000/\000t\000i\000m\000e\000\051\000\040\000c\000o\000s\000t}{section.6}% 9
\BOOKMARK [2][-]{subsection.6.2}{\376\377\000F\000i\000x\000e\000d\000\040\000a\000c\000t\000i\000v\000a\000t\000i\000o\000n\000\040\000c\000o\000s\000t}{section.6}% 10
\BOOKMARK [2][-]{subsection.6.3}{\376\377\000O\000p\000e\000r\000a\000t\000i\000n\000g\000\040\000c\000o\000s\000t\000,\000\040\000m\000a\000k\000e\000s\000p\000a\000n\000\040\000b\000l\000e\000n\000d\000,\000\040\000a\000n\000d\000\040\000p\000e\000n\000a\000l\000t\000i\000e\000s}{section.6}% 11
\BOOKMARK [2][-]{subsection.6.4}{\376\377\000O\000b\000j\000e\000c\000t\000i\000v\000e}{section.6}% 12
\BOOKMARK [1][-]{section.7}{\376\377\000C\000o\000n\000s\000t\000r\000a\000i\000n\000t\000s}{}% 13
\BOOKMARK [2][-]{subsection.7.1}{\376\377\000C\000u\000s\000t\000o\000m\000e\000r\000\040\000s\000e\000r\000v\000i\000c\000e\000\040\000\050\000a\000s\000s\000i\000g\000n\000m\000e\000n\000t\000\051}{section.7}% 14
\BOOKMARK [2][-]{subsection.7.2}{\376\377\000R\000e\000l\000a\000x\000e\000d\000\040\000t\000r\000u\000c\000k\000\040\000c\000a\000p\000a\000c\000i\000t\000y}{section.7}% 15
\BOOKMARK [2][-]{subsection.7.3}{\376\377\000D\000r\000o\000n\000e\000/\000r\000o\000b\000o\000t\000\040\000p\000e\000r\000-\000s\000o\000r\000t\000i\000e\000\040\000p\000a\000y\000l\000o\000a\000d\000\040\000\050\000h\000a\000r\000d\000\051}{section.7}% 16
\BOOKMARK [2][-]{subsection.7.4}{\376\377\000R\000e\000l\000a\000x\000e\000d\000\040\000e\000n\000e\000r\000g\000y\000/\000e\000n\000d\000u\000r\000a\000n\000c\000e}{section.7}% 17
\BOOKMARK [2][-]{subsection.7.5}{\376\377\000D\000r\000o\000n\000e\000\040\000s\000o\000r\000t\000i\000e\040\023\000t\000r\000u\000c\000k\000\040\000a\000s\000s\000i\000g\000n\000m\000e\000n\000t\000\040\000a\000n\000d\000\040\000s\000y\000n\000c\000h\000r\000o\000n\000i\000z\000a\000t\000i\000o\000n}{section.7}% 18
\BOOKMARK [2][-]{subsection.7.6}{\376\377\000M\000u\000l\000t\000i\000-\000t\000r\000i\000p\000\040\000s\000e\000q\000u\000e\000n\000c\000i\000n\000g}{section.7}% 19
\BOOKMARK [2][-]{subsection.7.7}{\376\377\000B\000a\000t\000t\000e\000r\000y\000\040\000a\000n\000d\000\040\000e\000n\000-\000r\000o\000u\000t\000e\000\040\000c\000h\000a\000r\000g\000i\000n\000g}{section.7}% 20
\BOOKMARK [2][-]{subsection.7.8}{\376\377\000T\000r\000u\000c\000k\000\040\000t\000i\000m\000i\000n\000g\000\040\000w\000i\000t\000h\000\040\000r\000e\000a\000d\000y\000\040\000t\000i\000m\000e\000s\000\040\000\050\000c\000y\000c\000l\000i\000c\000-\000r\000e\000a\000d\000y\000\051}{section.7}% 21
\BOOKMARK [2][-]{subsection.7.9}{\376\377\000D\000r\000o\000n\000e\000\040\000a\000n\000d\000\040\000r\000o\000b\000o\000t\000\040\000t\000i\000m\000e\000\040\000w\000i\000n\000d\000o\000w\000s}{section.7}% 22
\BOOKMARK [2][-]{subsection.7.10}{\376\377\000O\000r\000d\000e\000r\000e\000d\000\040\000s\000o\000r\000t\000i\000e\000\040\000t\000i\000m\000i\000n\000g}{section.7}% 23
\BOOKMARK [2][-]{subsection.7.11}{\376\377\000T\000r\000u\000c\000k\000\040\000r\000o\000u\000t\000i\000n\000g\000\040\000c\000o\000m\000p\000l\000e\000t\000e\000n\000e\000s\000s}{section.7}% 24
\BOOKMARK [2][-]{subsection.7.12}{\376\377\000R\000o\000u\000t\000e\000-\000d\000u\000r\000a\000t\000i\000o\000n\000\040\000c\000o\000n\000s\000t\000r\000a\000i\000n\000t\000s}{section.7}% 25
\BOOKMARK [2][-]{subsection.7.13}{\376\377\000M\000T\000Z\000\040\000s\000u\000b\000t\000o\000u\000r\000\040\000e\000l\000i\000m\000i\000n\000a\000t\000i\000o\000n}{section.7}% 26
\BOOKMARK [2][-]{subsection.7.14}{\376\377\000T\000r\000u\000c\000k\040\023\000p\000l\000a\000t\000f\000o\000r\000m\000\040\000p\000a\000i\000r\000i\000n\000g\000\040\000l\000i\000m\000i\000t\000s}{section.7}% 27
\BOOKMARK [2][-]{subsection.7.15}{\376\377\000L\000a\000u\000n\000c\000h\000/\000r\000e\000c\000o\000v\000e\000r\000y\000\040\000n\000o\000d\000e\000\040\000c\000a\000p\000a\000c\000i\000t\000y\000\040\000l\000i\000m\000i\000t\000s}{section.7}% 28
\BOOKMARK [2][-]{subsection.7.16}{\376\377\000S\000y\000m\000m\000e\000t\000r\000y\000\040\000b\000r\000e\000a\000k\000i\000n\000g}{section.7}% 29
\BOOKMARK [2][-]{subsection.7.17}{\376\377\000M\000a\000k\000e\000s\000p\000a\000n}{section.7}% 30
\BOOKMARK [1][-]{section.8}{\376\377\000L\000o\000s\000s\000l\000e\000s\000s\000\040\000F\000l\000e\000e\000t\000\040\000T\000r\000i\000m\000m\000i\000n\000g}{}% 31
\BOOKMARK [1][-]{section.9}{\376\377\000T\000i\000m\000e\000-\000D\000e\000p\000e\000n\000d\000e\000n\000t\000\040\000T\000r\000a\000v\000e\000l\000\040\000T\000i\000m\000e\000s}{}% 32
\BOOKMARK [1][-]{section.10}{\376\377\000D\000e\000v\000i\000a\000t\000i\000o\000n\000s\000\040\000f\000r\000o\000m\000\040\000t\000h\000e\000\040\000F\000r\000i\000e\000n\000d\000\040\000F\000o\000r\000m\000u\000l\000a\000t\000i\000o\000n\000s}{}% 33
\BOOKMARK [1][-]{appendix.A}{\376\377\000S\000i\000d\000e\000-\000b\000y\000-\000S\000i\000d\000e\000\040\000C\000o\000m\000p\000a\000r\000i\000s\000o\000n\000\040\000w\000i\000t\000h\000\040\000t\000h\000e\000\040\000F\000r\000i\000e\000n\000d\000\040\000F\000o\000r\000m\000u\000l\000a\000t\000i\000o\000n\000s}{}% 34
