
Operational model information
------------------------------------------------------------
Model: drone_robot_truck_ordered_sorties_first_instance
 - number of variables: 44761
   - binary=44660, integer=0, continuous=101
 - number of constraints: 125304
   - linear=125304
 - parameters:
     parameters.threads = 2
     parameters.timelimit = 300.00000000000000
     parameters.workmem = 4096.00000000000000
     parameters.emphasis.memory = 1
     parameters.mip.strategy.file = 3
 - objective: minimize
 - problem type is: MILP
Truck-only warm start added: True
LP exported to: results/final_5min/tdrp_10_75_ordered_sorties_github_final_5min_3_10_no_cmax_arrival_status_model.lp
Version identifier: 22.1.1.0 | 2022-11-27 | 9160aff4d
CPXPARAM_Read_DataCheck                          1
CPXPARAM_Threads                                 2
CPXPARAM_Emphasis_Memory                         1
CPXPARAM_MIP_Strategy_File                       3
CPXPARAM_TimeLimit                               300
CPXPARAM_WorkMem                                 4096
1 of 1 MIP starts provided solutions.
MIP start 'm1' defined initial solution with objective 9368.9778.
Tried aggregator 2 times.
MIP Presolve eliminated 19748 rows and 10 columns.
MIP Presolve modified 3626 coefficients.
Aggregator did 1 substitutions.
Reduced MIP has 105555 rows, 44750 columns, and 490114 nonzeros.
Reduced MIP has 44659 binaries, 0 generals, 0 SOSs, and 0 indicators.
Presolve time = 1.88 sec. (2140.54 ticks)
Probing time = 0.16 sec. (64.81 ticks)
Tried aggregator 1 time.
Detecting symmetries...
Reduced MIP has 105555 rows, 44750 columns, and 490114 nonzeros.
Reduced MIP has 44659 binaries, 0 generals, 0 SOSs, and 0 indicators.
Presolve time = 2.11 sec. (1584.00 ticks)
Probing time = 0.33 sec. (64.02 ticks)
Clique table members: 262147.
MIP emphasis: balance optimality and feasibility.
MIP search method: dynamic search.
Parallel mode: deterministic, using up to 2 threads.
Root relaxation solution time = 17.14 sec. (20212.52 ticks)

        Nodes                                         Cuts/
   Node  Left     Objective  IInf  Best Integer    Best Bound    ItCnt     Gap

*     0+    0                         9368.9778        0.0000           100.00%
      0     0       58.2600    80     9368.9778       58.2600    10660   99.38%
*     0+    0                         9363.1778       58.2600            99.38%
      0     0       58.6587    59     9363.1778     Cuts: 883    21279   99.37%
      0     0       59.4643   117     9363.1778     Cuts: 396    24448   99.36%
      0     0       60.6478   119     9363.1778     Cuts: 865    29062   99.35%

Cover cuts applied:  2
Implied bound cuts applied:  37
Flow cuts applied:  2
Mixed integer rounding cuts applied:  7
Zero-half cuts applied:  1

Root node processing (before b&c):
  Real time             =  300.11 sec. (124787.47 ticks)
Parallel b&c, 2 threads:
  Real time             =    0.00 sec. (0.00 ticks)
  Sync time (average)   =    0.00 sec.
  Wait time (average)   =    0.00 sec.
                          ------------
Total (root+branch&cut) =  300.11 sec. (124787.47 ticks)

Operational solve summary
------------------------------------------------------------
Solve status: time limit exceeded
Objective value: 9363.177777800583
Runtime seconds: 311.7931

KPI values
Solve Status: time limit exceeded
Objective Value: 9363.177777800583
Runtime Seconds: 311.79314790002536
Truck Only Mode: 0
Truck Warm Start: 1
Drones In Model: 4
Robots In Model: 4
Reported Makespan: 19.257777777800584
Objective: 9363.177777800583
Operating Cost: 105.39999999999998
Route Duration Penalty: 9257.777777800584
Route Duration Excess: 9.257777777800584
Time Window Penalty: 0.0
Total Penalty: 9257.777777800584
Used Trucks: 1.0
truck_variable_cost: 75.39999999999998
drone_variable_cost: 0.0
robot_variable_cost: 0.0
truck_fixed_cost: 30.0
drone_fixed_cost: 0.0
robot_fixed_cost: 0.0
total_variable_cost: 75.39999999999998
total_fixed_cost: 30.0
operating_cost: 105.39999999999998
route_duration_penalty: 9257.777777800584
time_window_penalty: 0.0
total_penalty: 9257.777777800584
objective_value: 9363.177777800583

Selected truck route arcs
 truck  i  j  value
     1  0  5    1.0
     1  1  3    1.0
     1  2  6    1.0
     1  3 11    1.0
     1  4  2    1.0
     1  5  7    1.0
     1  6  8    1.0
     1  7 10    1.0
     1  8  9    1.0
     1  9  1    1.0
     1 10  4    1.0

Reconstructed truck routes
 truck                                                      route  arc_count  starts_at_depot  ends_at_end_depot status
     1 0 -> 5 -> 7 -> 10 -> 4 -> 2 -> 6 -> 8 -> 9 -> 1 -> 3 -> 11         11             True               True   used
     2                                                     unused          0            False              False unused

Selected drone sorties
(none)

Selected robot sorties
(none)

Sortie timing audit
platform vehicle sortie_id truck launch_truck recovery_truck route leg  travel_duration_hr  arrival_before_wait_hr  wait_hr  service_start_hr  service_duration_hr  service_finish_hr
  (none)                                                                               0.0                     0.0      0.0               0.0                  0.0                0.0

Customer assignment
 customer_id assigned_mode assignment_detail
           1         truck  truck 1: visit 1
           2         truck  truck 1: visit 2
           3         truck  truck 1: visit 3
           4         truck  truck 1: visit 4
           5         truck  truck 1: visit 5
           6         truck  truck 1: visit 6
           7         truck  truck 1: visit 7
           8         truck  truck 1: visit 8
           9         truck  truck 1: visit 9
          10         truck truck 1: visit 10

Arrival times
 mode vehicle  node_id                     status arrival_time
truck       1        0                    visited          0.0
truck       1        1                    visited         16.7
truck       1        2                    visited     5.224444
truck       1        3                    visited         19.0
truck       1        4                    visited          5.1
truck       1        5                    visited         0.38
truck       1        6                    visited         9.75
truck       1        7                    visited     0.482222
truck       1        8                    visited        12.05
truck       1        9                    visited        14.38
truck       1       10                    visited     0.584444
truck       1       11                    visited    19.257778
truck       2        0               unused_truck             
truck       2        1               unused_truck             
truck       2        2               unused_truck             
truck       2        3               unused_truck             
truck       2        4               unused_truck             
truck       2        5               unused_truck             
truck       2        6               unused_truck             
truck       2        7               unused_truck             
truck       2        8               unused_truck             
truck       2        9               unused_truck             
truck       2       10               unused_truck             
truck       2       11               unused_truck             
drone                0                      depot          0.0
robot                0                      depot          0.0
drone                1 not_served_value_arbitrary          0.0
robot                1 not_served_value_arbitrary          0.0
drone                2 not_served_value_arbitrary          0.0
robot                2 not_served_value_arbitrary          0.0
drone                3 not_served_value_arbitrary          0.0
robot                3 not_served_value_arbitrary          0.0
drone                4 not_served_value_arbitrary          0.0
robot                4 not_served_value_arbitrary          0.0
drone                5 not_served_value_arbitrary          0.0
robot                5 not_served_value_arbitrary          0.0
drone                6 not_served_value_arbitrary          0.0
robot                6 not_served_value_arbitrary          0.0
drone                7 not_served_value_arbitrary          0.0
robot                7 not_served_value_arbitrary          0.0
drone                8 not_served_value_arbitrary          0.0
robot                8 not_served_value_arbitrary          0.0
drone                9 not_served_value_arbitrary          0.0
robot                9 not_served_value_arbitrary          0.0
drone               10 not_served_value_arbitrary          0.0
robot               10 not_served_value_arbitrary          0.0
drone               11                      depot          0.0
robot               11                      depot          0.0

Positive penalty variables
route_late_t[1]: 9.257778
route_late_global[global]: 9.257778

Warnings / modeling notes
- Operational constraints are route-completeness constraints, not explicit PDF constraints.
- Flexible docking uses h_launch/h_recover and g_launch/g_recover.
- Big-M used: 10000.0

Excel exported to: results/final_5min/tdrp_10_75_ordered_sorties_github_final_5min_3_10_no_cmax_arrival_status_solution.xlsx
LP file: results/final_5min/tdrp_10_75_ordered_sorties_github_final_5min_3_10_no_cmax_arrival_status_model.lp
Operational notes: results/final_5min/tdrp_10_75_ordered_sorties_github_final_5min_3_10_no_cmax_arrival_status_model_notes.md

