
Operational model information
------------------------------------------------------------
Model: drone_robot_truck_ordered_sorties_first_instance
 - number of variables: 105633
   - binary=105512, integer=0, continuous=121
 - number of constraints: 258344
   - linear=258344
 - parameters:
     parameters.threads = 2
     parameters.timelimit = 300.00000000000000
     parameters.workmem = 4096.00000000000000
     parameters.emphasis.memory = 1
     parameters.mip.strategy.file = 3
 - objective: minimize
 - problem type is: MILP
Truck-only warm start added: True
LP exported to: results/final_5min/tdrp_8_50_ordered_sorties_github_final_5min_3_10_no_cmax_arrival_status_model.lp
Version identifier: 22.1.1.0 | 2022-11-27 | 9160aff4d
CPXPARAM_Read_DataCheck                          1
CPXPARAM_Threads                                 2
CPXPARAM_Emphasis_Memory                         1
CPXPARAM_MIP_Strategy_File                       3
CPXPARAM_TimeLimit                               300
CPXPARAM_WorkMem                                 4096
1 of 1 MIP starts provided solutions.
MIP start 'm1' defined initial solution with objective 3024.4778.
Tried aggregator 1 time.
MIP Presolve eliminated 29412 rows and 12 columns.
MIP Presolve modified 11692 coefficients.
Reduced MIP has 228932 rows, 105621 columns, and 1057674 nonzeros.
Reduced MIP has 105512 binaries, 0 generals, 0 SOSs, and 0 indicators.
Presolve time = 6.64 sec. (6526.27 ticks)
Probing time = 0.45 sec. (146.45 ticks)
Tried aggregator 1 time.
Detecting symmetries...
Reduced MIP has 228932 rows, 105621 columns, and 1057674 nonzeros.
Reduced MIP has 105512 binaries, 0 generals, 0 SOSs, and 0 indicators.
Presolve time = 5.16 sec. (3758.58 ticks)
Probing time = 0.45 sec. (153.31 ticks)
Clique table members: 573000.
MIP emphasis: balance optimality and feasibility.
MIP search method: dynamic search.
Parallel mode: deterministic, using up to 2 threads.
Root relaxation solution time = 67.27 sec. (30136.62 ticks)

        Nodes                                         Cuts/
   Node  Left     Objective  IInf  Best Integer    Best Bound    ItCnt     Gap

*     0+    0                         3024.4778        0.0000           100.00%
      0     0       52.4714    85     3024.4778       52.4714    21564   98.27%

Root node processing (before b&c):
  Real time             =  300.36 sec. (86574.04 ticks)
Parallel b&c, 2 threads:
  Real time             =    0.00 sec. (0.00 ticks)
  Sync time (average)   =    0.00 sec.
  Wait time (average)   =    0.00 sec.
                          ------------
Total (root+branch&cut) =  300.36 sec. (86574.04 ticks)

Operational solve summary
------------------------------------------------------------
Solve status: time limit exceeded
Objective value: 3024.4777778006564
Runtime seconds: 325.3030

KPI values
Solve Status: time limit exceeded
Objective Value: 3024.4777778006564
Runtime Seconds: 325.3030329000321
Truck Only Mode: 0
Truck Warm Start: 1
Drones In Model: 8
Robots In Model: 8
Reported Makespan: 12.927777777800657
Objective: 3024.4777778006564
Operating Cost: 96.69999999999999
Route Duration Penalty: 2927.7777778006566
Route Duration Excess: 2.9277777778006566
Time Window Penalty: 0.0
Total Penalty: 2927.7777778006566
Used Trucks: 1.0
truck_variable_cost: 66.69999999999999
drone_variable_cost: 0.0
robot_variable_cost: 0.0
truck_fixed_cost: 30.0
drone_fixed_cost: 0.0
robot_fixed_cost: 0.0
total_variable_cost: 66.69999999999999
total_fixed_cost: 30.0
operating_cost: 96.69999999999999
route_duration_penalty: 2927.7777778006566
time_window_penalty: 0.0
total_penalty: 2927.7777778006566
objective_value: 3024.4777778006564

Selected truck route arcs
 truck  i  j  value
     1  0  7    1.0
     1  1  4    1.0
     1  2  1    1.0
     1  3  2    1.0
     1  4  8    1.0
     1  5  9    1.0
     1  6  5    1.0
     1  7  3    1.0
     1  8  6    1.0

Reconstructed truck routes
 truck                                          route  arc_count  starts_at_depot  ends_at_end_depot status
     1 0 -> 7 -> 3 -> 2 -> 1 -> 4 -> 8 -> 6 -> 5 -> 9          9             True               True   used
     2                                         unused          0            False              False unused
     3                                         unused          0            False              False unused
     4                                         unused          0            False              False unused

Selected drone sorties
(none)

Selected robot sorties
(none)

Sortie timing audit
platform vehicle sortie_id truck launch_truck recovery_truck route leg  travel_duration_hr  arrival_before_wait_hr  wait_hr  service_start_hr  service_duration_hr  service_finish_hr
  (none)                                                                               0.0                     0.0      0.0               0.0                  0.0                0.0

Customer assignment
 customer_id assigned_mode assignment_detail
           1         truck  truck 1: visit 1
           2         truck  truck 1: visit 2
           3         truck  truck 1: visit 3
           4         truck  truck 1: visit 4
           5         truck  truck 1: visit 5
           6         truck  truck 1: visit 6
           7         truck  truck 1: visit 7
           8         truck  truck 1: visit 8

Arrival times
 mode vehicle  node_id                     status arrival_time
truck       1        0                    visited          0.0
truck       1        1                    visited         1.83
truck       1        2                    visited     0.624444
truck       1        3                    visited     0.352222
truck       1        4                    visited         8.03
truck       1        5                    visited        12.67
truck       1        6                    visited        11.13
truck       1        7                    visited         0.25
truck       1        8                    visited         9.58
truck       1        9                    visited    12.927778
truck       2        0               unused_truck             
truck       2        1               unused_truck             
truck       2        2               unused_truck             
truck       2        3               unused_truck             
truck       2        4               unused_truck             
truck       2        5               unused_truck             
truck       2        6               unused_truck             
truck       2        7               unused_truck             
truck       2        8               unused_truck             
truck       2        9               unused_truck             
truck       3        0               unused_truck             
truck       3        1               unused_truck             
truck       3        2               unused_truck             
truck       3        3               unused_truck             
truck       3        4               unused_truck             
truck       3        5               unused_truck             
truck       3        6               unused_truck             
truck       3        7               unused_truck             
truck       3        8               unused_truck             
truck       3        9               unused_truck             
truck       4        0               unused_truck             
truck       4        1               unused_truck             
truck       4        2               unused_truck             
truck       4        3               unused_truck             
truck       4        4               unused_truck             
truck       4        5               unused_truck             
truck       4        6               unused_truck             
truck       4        7               unused_truck             
truck       4        8               unused_truck             
truck       4        9               unused_truck             
drone                0                      depot          0.0
robot                0                      depot          0.0
drone                1 not_served_value_arbitrary          0.0
robot                1 not_served_value_arbitrary          0.0
drone                2 not_served_value_arbitrary          0.0
robot                2 not_served_value_arbitrary          0.0
drone                3 not_served_value_arbitrary          0.0
robot                3 not_served_value_arbitrary          0.0
drone                4 not_served_value_arbitrary          0.0
robot                4 not_served_value_arbitrary          0.0
drone                5 not_served_value_arbitrary          0.0
robot                5 not_served_value_arbitrary          0.0
drone                6 not_served_value_arbitrary          0.0
robot                6 not_served_value_arbitrary          0.0
drone                7 not_served_value_arbitrary          0.0
robot                7 not_served_value_arbitrary          0.0
drone                8 not_served_value_arbitrary          0.0
robot                8 not_served_value_arbitrary          0.0
drone                9                      depot          0.0
robot                9                      depot          0.0

Positive penalty variables
route_late_t[1]: 2.927778
route_late_global[global]: 2.927778

Warnings / modeling notes
- Operational constraints are route-completeness constraints, not explicit PDF constraints.
- Flexible docking uses h_launch/h_recover and g_launch/g_recover.
- Big-M used: 10000.0

Excel exported to: results/final_5min/tdrp_8_50_ordered_sorties_github_final_5min_3_10_no_cmax_arrival_status_solution.xlsx
LP file: results/final_5min/tdrp_8_50_ordered_sorties_github_final_5min_3_10_no_cmax_arrival_status_model.lp
Operational notes: results/final_5min/tdrp_8_50_ordered_sorties_github_final_5min_3_10_no_cmax_arrival_status_model_notes.md

