
Operational model information
------------------------------------------------------------
Model: drone_robot_truck_ordered_sorties_first_instance
 - number of variables: 25802
   - binary=25722, integer=0, continuous=80
 - number of constraints: 64116
   - linear=64116
 - parameters:
     parameters.threads = 2
     parameters.timelimit = 300.00000000000000
     parameters.workmem = 4096.00000000000000
     parameters.emphasis.memory = 1
     parameters.mip.strategy.file = 3
 - objective: minimize
 - problem type is: MILP
Truck-only warm start added: True
LP exported to: results/final_5min/tdrp_6_50_ordered_sorties_github_final_5min_3_10_no_cmax_arrival_status_model.lp
Version identifier: 22.1.1.0 | 2022-11-27 | 9160aff4d
CPXPARAM_Read_DataCheck                          1
CPXPARAM_Threads                                 2
CPXPARAM_Emphasis_Memory                         1
CPXPARAM_MIP_Strategy_File                       3
CPXPARAM_TimeLimit                               300
CPXPARAM_WorkMem                                 4096
1 of 1 MIP starts provided solutions.
MIP start 'm1' defined initial solution with objective 5852.1000.
Tried aggregator 1 time.
MIP Presolve eliminated 8753 rows and 15 columns.
MIP Presolve modified 2847 coefficients.
Reduced MIP has 55363 rows, 25787 columns, and 252651 nonzeros.
Reduced MIP has 25722 binaries, 0 generals, 0 SOSs, and 0 indicators.
Presolve time = 0.75 sec. (858.02 ticks)
Probing fixed 0 vars, tightened 3 bounds.
Probing time = 0.17 sec. (144.36 ticks)
Tried aggregator 1 time.
Detecting symmetries...
Reduced MIP has 55363 rows, 25787 columns, and 252651 nonzeros.
Reduced MIP has 25722 binaries, 0 generals, 0 SOSs, and 0 indicators.
Presolve time = 0.86 sec. (763.01 ticks)
Probing time = 0.06 sec. (44.15 ticks)
Clique table members: 137961.
MIP emphasis: balance optimality and feasibility.
MIP search method: dynamic search.
Parallel mode: deterministic, using up to 2 threads.
Root relaxation solution time = 0.16 sec. (180.41 ticks)

        Nodes                                         Cuts/
   Node  Left     Objective  IInf  Best Integer    Best Bound    ItCnt     Gap

*     0+    0                         5852.1000        0.0000           100.00%
      0     0       37.8000    16     5852.1000       37.8000      310   99.35%
      0     0       37.8000    16     5852.1000      Cuts: 32      337   99.35%
*     0+    0                         5799.5000       37.8000            99.35%
*     0+    0                         5746.8400       37.8000            99.34%
      0     0       47.5957    59     5746.8400      Cuts: 21      453   99.12%
      0     0       51.2856    42     5746.8400      Cuts: 30      510   99.11%
      0     0       65.9067    24     5746.8400      Cuts: 12      637   98.85%
      0     0       79.8567    12     5746.8400      Cuts: 15      665   98.61%
      0     0       81.7700    12     5746.8400      Cuts: 10      674   98.58%
      0     0       84.6100    25     5746.8400   ZeroHalf: 2      703   98.53%
*     0+    0                         5682.0400       84.6100            98.51%
      0     0  -1.00000e+75     0     5682.0400       84.6100      703   98.51%

Repeating presolve.
Tried aggregator 3 times.
MIP Presolve eliminated 22136 rows and 9594 columns.
MIP Presolve modified 22364 coefficients.
Aggregator did 1231 substitutions.
Reduced MIP has 31996 rows, 14962 columns, and 152812 nonzeros.
Reduced MIP has 14905 binaries, 0 generals, 0 SOSs, and 0 indicators.
Presolve time = 0.64 sec. (491.28 ticks)
Probing fixed 11811 vars, tightened 0 bounds.
Probing time = 10.98 sec. (8596.79 ticks)
Tried aggregator 2 times.
MIP Presolve eliminated 25619 rows and 11813 columns.
MIP Presolve modified 1887 coefficients.
Aggregator did 15 substitutions.
Reduced MIP has 6362 rows, 3134 columns, and 28366 nonzeros.
Reduced MIP has 3077 binaries, 0 generals, 0 SOSs, and 0 indicators.
Presolve time = 0.09 sec. (83.14 ticks)
Probing fixed 171 vars, tightened 0 bounds.
Probing time = 0.53 sec. (596.08 ticks)
Cover probing fixed 0 vars, tightened 4 bounds.
Tried aggregator 2 times.
MIP Presolve eliminated 374 rows and 171 columns.
MIP Presolve modified 921 coefficients.
Aggregator did 13 substitutions.
Reduced MIP has 5975 rows, 2950 columns, and 26621 nonzeros.
Reduced MIP has 2893 binaries, 0 generals, 0 SOSs, and 0 indicators.
Presolve time = 0.03 sec. (32.12 ticks)
Probing time = 0.02 sec. (10.08 ticks)
Tried aggregator 1 time.
Detecting symmetries...
Reduced MIP has 5975 rows, 2950 columns, and 26621 nonzeros.
Reduced MIP has 2893 binaries, 0 generals, 0 SOSs, and 0 indicators.
Presolve time = 0.03 sec. (23.84 ticks)
Represolve time = 12.52 sec. (9902.51 ticks)
Probing time = 0.00 sec. (10.05 ticks)
Clique table members: 44227.
MIP emphasis: balance optimality and feasibility.
MIP search method: dynamic search.
Parallel mode: deterministic, using up to 2 threads.
Root relaxation solution time = 0.00 sec. (10.31 ticks)

        Nodes                                         Cuts/
   Node  Left     Objective  IInf  Best Integer    Best Bound    ItCnt     Gap

*     0+    0                         5682.0400       84.6100            98.51%
      0     0       84.6100    26     5682.0400       84.6100      793   98.51%
      0     0       84.6400     6     5682.0400      Cuts: 17      806   98.51%
      0     0       84.7000     8     5682.0400       Cuts: 4      821   98.51%
      0     0       85.0240    23     5682.0400       Cuts: 5      837   98.50%
*     0+    0                         5621.9600       85.0240            98.49%
      0     0       85.4686    15     5621.9600      Cuts: 16      848   98.48%
      0     0       85.5600    38     5621.9600       Cuts: 6      872   98.48%
Detecting symmetries...
      0     0       85.6067    28     5621.9600      Cuts: 12      877   98.48%
      0     0       85.8000    19     5621.9600   ZeroHalf: 5      879   98.47%
      0     0       86.0900    10     5621.9600       Cuts: 5      883   98.47%
      0     0       86.0900    10     5621.9600       Cuts: 7      891   98.47%
      0     0       86.0900    10     5621.9600   Flowcuts: 2      892   98.47%
Detecting symmetries...
      0     2       86.0900    10     5621.9600       86.0900      892   98.47%
Elapsed time = 124.06 sec. (43228.04 ticks, tree = 0.02 MB, solutions = 5)
    108    60       93.3651    12     5621.9600       93.3651     3541   98.34%
    295   188     4413.9602    30     5621.9600       95.4442     6436   98.30%
    478   295     4411.8033    29     5621.9600      108.4880     8582   98.07%
    633   435      159.4297    85     5621.9600      117.4950    11518   97.91%
    803   522    infeasible           5621.9600      118.8240    15242   97.89%
    984   604     4290.7693     6     5621.9600      126.8600    17947   97.74%
*  1134+  678                         5621.9600      136.6167            97.57%
   1190   727     4359.4937    31     5621.9600      136.6167    20343   97.57%
   1390   823     4358.2300     8     5621.9600      145.9717    22932   97.40%
   1565   853      171.0163    57     5621.9600      157.4150    27103   97.20%
   2105  1096      169.6969    84     5621.9600      160.6243    41190   97.14%
Elapsed time = 128.67 sec. (46348.48 ticks, tree = 2.49 MB, solutions = 5)

Performing restart 1

Repeating presolve.
Tried aggregator 1 time.
MIP Presolve eliminated 8 rows and 0 columns.
MIP Presolve modified 5386 coefficients.
Reduced MIP has 5967 rows, 2950 columns, and 26040 nonzeros.
Reduced MIP has 2893 binaries, 0 generals, 0 SOSs, and 0 indicators.
Presolve time = 0.03 sec. (35.62 ticks)
Tried aggregator 1 time.
MIP Presolve eliminated 1 rows and 0 columns.
MIP Presolve modified 1499 coefficients.
Reduced MIP has 5966 rows, 2950 columns, and 26038 nonzeros.
Reduced MIP has 2893 binaries, 0 generals, 0 SOSs, and 0 indicators.
Presolve time = 0.03 sec. (24.81 ticks)
Represolve time = 0.22 sec. (208.23 ticks)
   2418     0       87.5057    10     5621.9600       Cuts: 5    47185   97.08%
   2418     0       88.3761    19     5621.9600       Cuts: 9    47200   97.08%
   2418     0       90.4100    14     5621.9600      Cuts: 10    47216   97.08%
   2418     0       91.8900    12     5621.9600       Cuts: 5    47231   97.08%
   2418     0       93.2801    26     5621.9600      Cuts: 10    47260   97.08%
   2418     2       93.2801    33     5621.9600      164.2520    47260   97.08%
   2499    25     4932.7428    11     5621.9600      164.2520    48420   97.08%
   2563    45     4357.3171    41     5621.9600      164.2520    50385   97.08%
   2724   112     5005.1739     6     5621.9600      175.4371    52878   96.88%
   2961   146     4299.1000     9     5621.9600     4293.4000    58861   23.63%
   3061   163     4314.2550    40     5621.9600     4293.4551    62944   23.63%
   3142   183     4322.0427   110     5621.9600     4293.6037    68230   23.63%
   3311   189     4357.4400     4     5621.9600     4295.5400    72269   23.59%
   3436   159     4364.3534    61     5621.9600     4324.9500    77967   23.07%
   3536   116     4415.7146    66     5621.9600     4359.7000    84730   22.45%
Elapsed time = 140.66 sec. (56777.07 ticks, tree = 0.29 MB, solutions = 5)

Cover cuts applied:  3
Implied bound cuts applied:  5
Flow cuts applied:  5
Mixed integer rounding cuts applied:  6
Zero-half cuts applied:  5
Gomory fractional cuts applied:  3

Root node processing (before b&c):
  Real time             =  124.08 sec. (43227.03 ticks)
Parallel b&c, 2 threads:
  Real time             =   17.59 sec. (14459.53 ticks)
  Sync time (average)   =    0.78 sec.
  Wait time (average)   =    0.01 sec.
                          ------------
Total (root+branch&cut) =  141.67 sec. (57686.56 ticks)

Operational solve summary
------------------------------------------------------------
Solve status: integer optimal solution
Objective value: 5621.959998999709
Runtime seconds: 150.0660

KPI values
Solve Status: integer optimal solution
Objective Value: 5621.959998999709
Runtime Seconds: 150.06600560003426
Truck Only Mode: 0
Truck Warm Start: 1
Drones In Model: 6
Robots In Model: 6
Reported Makespan: 15.52
Objective: 5621.959998999709
Operating Cost: 101.95999999999998
Route Duration Penalty: 5519.999998999709
Route Duration Excess: 5.519999998999708
Time Window Penalty: 0.0
Total Penalty: 5519.999998999709
Used Trucks: 1.0
truck_variable_cost: 52.19999999999999
drone_variable_cost: 1.52
robot_variable_cost: 0.24
truck_fixed_cost: 30.0
drone_fixed_cost: 10.0
robot_fixed_cost: 8.0
total_variable_cost: 53.959999999999994
total_fixed_cost: 48.0
operating_cost: 101.95999999999998
route_duration_penalty: 5519.999998999709
time_window_penalty: 0.0
total_penalty: 5519.999998999709
objective_value: 5621.959998999709

Selected truck route arcs
 truck  i  j  value
     2  0  2    1.0
     2  2  6    1.0
     2  3  7    1.0
     2  6  3    1.0

Reconstructed truck routes
 truck                 route  arc_count  starts_at_depot  ends_at_end_depot status
     1                unused          0            False              False unused
     2 0 -> 2 -> 6 -> 3 -> 7          4             True               True   used
     3                unused          0            False              False unused

Selected drone sorties
 launch_truck  recovery_truck  drone  sortie_id  value_launch  value_recovery truck  i  k sequence sequence_text       route  customer_count  payload  travel_distance  travel_duration_precomputed_hr  cost  truck_launch_time_hr  truck_recovery_time_hr  platform_finish_time_hr  recovery_slack_hr  travel_duration_hr  service_duration_hr  active_duration_hr  elapsed_schedule_time_hr  waiting_time_hr
            2               2      1        309           1.0             1.0  2->2  6  7     (5,)             5 6 -> 5 -> 7               1     2.44             19.0                        0.253333  1.52                 12.12                   15.52                    15.52      -1.000291e-09            0.253333                 0.08            0.333333                       3.4         3.066667

Selected robot sorties
 launch_truck  recovery_truck  robot  sortie_id  value_launch  value_recovery truck  i  k sequence sequence_text            route  customer_count  payload  travel_distance  travel_duration_precomputed_hr  cost  truck_launch_time_hr  truck_recovery_time_hr  platform_finish_time_hr  recovery_slack_hr  travel_duration_hr  service_duration_hr  active_duration_hr  elapsed_schedule_time_hr  waiting_time_hr
            2               2      1        115           1.0             1.0  2->2  2  6   (4, 1)           4,1 2 -> 4 -> 1 -> 6               2     4.36              4.0                            0.16  0.24                  1.08                   12.12                    10.64               1.48                0.16                 0.33                0.49                     11.04             9.07

Sortie timing audit
platform  vehicle  sortie_id truck  launch_truck  recovery_truck            route    leg  from_node  to_node  travel_distance  travel_duration_hr  arrival_before_wait_hr  wait_hr  service_start_hr  service_duration_hr  service_finish_hr
   drone        1        309  2->2             2               2      6 -> 5 -> 7 6 -> 5          6        5              1.0            0.013333               12.133333 3.066667             15.20                 0.08              15.28
   drone        1        309  2->2             2               2      6 -> 5 -> 7 5 -> 7          5        7             18.0            0.240000               15.520000 0.000000             15.52                 0.00              15.52
   robot        1        115  2->2             2               2 2 -> 4 -> 1 -> 6 2 -> 4          2        4              1.0            0.040000                1.120000 0.000000              1.12                 0.08               1.20
   robot        1        115  2->2             2               2 2 -> 4 -> 1 -> 6 4 -> 1          4        1              2.0            0.080000                1.280000 9.070000             10.35                 0.25              10.60
   robot        1        115  2->2             2               2 2 -> 4 -> 1 -> 6 1 -> 6          1        6              1.0            0.040000               10.640000 0.000000             10.64                 0.00              10.64

Customer assignment
 customer_id assigned_mode                      assignment_detail
           1         robot robot 1: 2 -> 4 -> 1 -> 6 (truck 2->2)
           2         truck                       truck 2: visit 2
           3         truck                       truck 2: visit 3
           4         robot robot 1: 2 -> 4 -> 1 -> 6 (truck 2->2)
           5         drone      drone 1: 6 -> 5 -> 7 (truck 2->2)
           6         truck                       truck 2: visit 6

Arrival times
 mode vehicle  node_id                     status arrival_time
truck       1        0               unused_truck             
truck       1        1               unused_truck             
truck       1        2               unused_truck             
truck       1        3               unused_truck             
truck       1        4               unused_truck             
truck       1        5               unused_truck             
truck       1        6               unused_truck             
truck       1        7               unused_truck             
truck       2        0                    visited          0.0
truck       2        1                not_visited             
truck       2        2                    visited         1.08
truck       2        3                    visited        13.75
truck       2        4                not_visited             
truck       2        5                not_visited             
truck       2        6                    visited        12.12
truck       2        7                    visited        15.52
truck       3        0               unused_truck             
truck       3        1               unused_truck             
truck       3        2               unused_truck             
truck       3        3               unused_truck             
truck       3        4               unused_truck             
truck       3        5               unused_truck             
truck       3        6               unused_truck             
truck       3        7               unused_truck             
drone                0                      depot          0.0
robot                0                      depot          0.0
drone                1 not_served_value_arbitrary         11.7
robot                1                     served         11.7
drone                2 not_served_value_arbitrary          0.0
robot                2 not_served_value_arbitrary          0.0
drone                3 not_served_value_arbitrary          0.0
robot                3 not_served_value_arbitrary          0.0
drone                4 not_served_value_arbitrary         1.12
robot                4                     served         1.12
drone                5                     served         15.2
robot                5 not_served_value_arbitrary          0.0
drone                6 not_served_value_arbitrary         14.5
robot                6 not_served_value_arbitrary         14.5
drone                7                      depot          0.0
robot                7                      depot          0.0

Positive penalty variables
route_late_t[2]: 5.520000
route_late_global[global]: 5.520000

Warnings / modeling notes
- Operational constraints are route-completeness constraints, not explicit PDF constraints.
- Flexible docking uses h_launch/h_recover and g_launch/g_recover.
- Big-M used: 10000.0

Excel exported to: results/final_5min/tdrp_6_50_ordered_sorties_github_final_5min_3_10_no_cmax_arrival_status_solution.xlsx
LP file: results/final_5min/tdrp_6_50_ordered_sorties_github_final_5min_3_10_no_cmax_arrival_status_model.lp
Operational notes: results/final_5min/tdrp_6_50_ordered_sorties_github_final_5min_3_10_no_cmax_arrival_status_model_notes.md

