
Operational model information
------------------------------------------------------------
Model: drone_robot_truck_ordered_sorties_first_instance
 - number of variables: 36710
   - binary=36618, integer=0, continuous=92
 - number of constraints: 102760
   - linear=102760
 - parameters:
     parameters.threads = 2
     parameters.timelimit = 300.00000000000000
     parameters.workmem = 4096.00000000000000
     parameters.emphasis.memory = 1
     parameters.mip.strategy.file = 3
 - objective: minimize
 - problem type is: MILP
Truck-only warm start added: True
LP exported to: results/final_5min/tdrp_9_75_ordered_sorties_github_final_5min_3_10_no_cmax_arrival_status_model.lp
Version identifier: 22.1.1.0 | 2022-11-27 | 9160aff4d
CPXPARAM_Read_DataCheck                          1
CPXPARAM_Threads                                 2
CPXPARAM_Emphasis_Memory                         1
CPXPARAM_MIP_Strategy_File                       3
CPXPARAM_TimeLimit                               300
CPXPARAM_WorkMem                                 4096
1 of 1 MIP starts provided solutions.
MIP start 'm1' defined initial solution with objective 4187.3778.
Tried aggregator 2 times.
MIP Presolve eliminated 16349 rows and 10 columns.
MIP Presolve modified 3296 coefficients.
Aggregator did 1 substitutions.
Reduced MIP has 86410 rows, 36699 columns, and 401366 nonzeros.
Reduced MIP has 36617 binaries, 0 generals, 0 SOSs, and 0 indicators.
Presolve time = 1.66 sec. (1665.10 ticks)
Probing time = 0.11 sec. (53.75 ticks)
Tried aggregator 1 time.
Detecting symmetries...
Reduced MIP has 86410 rows, 36699 columns, and 401366 nonzeros.
Reduced MIP has 36617 binaries, 0 generals, 0 SOSs, and 0 indicators.
Presolve time = 1.38 sec. (1288.57 ticks)
Probing time = 0.08 sec. (53.13 ticks)
Clique table members: 214640.
MIP emphasis: balance optimality and feasibility.
MIP search method: dynamic search.
Parallel mode: deterministic, using up to 2 threads.
Root relaxation solution time = 10.75 sec. (14579.80 ticks)

        Nodes                                         Cuts/
   Node  Left     Objective  IInf  Best Integer    Best Bound    ItCnt     Gap

*     0+    0                         4187.3778        0.0000           100.00%
      0     0       55.1978    96     4187.3778       55.1978     9943   98.68%
*     0+    0                         4184.0778       55.1978            98.68%
      0     0       55.6815   125     4184.0778     Cuts: 214    11280   98.67%

Clique cuts applied:  1
Implied bound cuts applied:  24
Gomory fractional cuts applied:  2

Root node processing (before b&c):
  Real time             =  300.12 sec. (90136.94 ticks)
Parallel b&c, 2 threads:
  Real time             =    0.00 sec. (0.00 ticks)
  Sync time (average)   =    0.00 sec.
  Wait time (average)   =    0.00 sec.
                          ------------
Total (root+branch&cut) =  300.12 sec. (90136.94 ticks)

Operational solve summary
------------------------------------------------------------
Solve status: time limit exceeded
Objective value: 4184.077777800511
Runtime seconds: 309.7573

KPI values
Solve Status: time limit exceeded
Objective Value: 4184.077777800511
Runtime Seconds: 309.7572862000088
Truck Only Mode: 0
Truck Warm Start: 1
Drones In Model: 4
Robots In Model: 4
Reported Makespan: 14.087777777800511
Objective: 4184.077777800511
Operating Cost: 96.3
Route Duration Penalty: 4087.777777800511
Route Duration Excess: 4.087777777800511
Time Window Penalty: 0.0
Total Penalty: 4087.777777800511
Used Trucks: 1.0
truck_variable_cost: 58.0
drone_variable_cost: 0.0
robot_variable_cost: 0.3
truck_fixed_cost: 30.0
drone_fixed_cost: 0.0
robot_fixed_cost: 8.0
total_variable_cost: 58.3
total_fixed_cost: 38.0
operating_cost: 96.3
route_duration_penalty: 4087.777777800511
time_window_penalty: 0.0
total_penalty: 4087.777777800511
objective_value: 4184.077777800511

Selected truck route arcs
 truck  i  j  value
     1  0  8    1.0
     1  1  9    1.0
     1  5  6    1.0
     1  6  1    1.0
     1  7  5    1.0
     1  8  7    1.0
     1  9 10    1.0

Reconstructed truck routes
 truck                                 route  arc_count  starts_at_depot  ends_at_end_depot status
     1 0 -> 8 -> 7 -> 5 -> 6 -> 1 -> 9 -> 10          7             True               True   used
     2                                unused          0            False              False unused

Selected drone sorties
(none)

Selected robot sorties
 launch_truck  recovery_truck  robot  sortie_id  value_launch  value_recovery truck  i  k  sequence sequence_text                 route  customer_count  payload  travel_distance  travel_duration_precomputed_hr  cost  truck_launch_time_hr  truck_recovery_time_hr  platform_finish_time_hr  recovery_slack_hr  travel_duration_hr  service_duration_hr  active_duration_hr  elapsed_schedule_time_hr  waiting_time_hr
            1               1      1        683           1.0             1.0  1->1  7  5 (3, 4, 2)         3,4,2 7 -> 3 -> 4 -> 2 -> 5               3    11.53              5.0                             0.2   0.3                  1.45                    8.32                     7.44               0.88                 0.2                 0.41                0.61                      6.87             5.38

Sortie timing audit
platform  vehicle  sortie_id truck  launch_truck  recovery_truck                 route    leg  from_node  to_node  travel_distance  travel_duration_hr  arrival_before_wait_hr  wait_hr  service_start_hr  service_duration_hr  service_finish_hr
   robot        1        683  1->1             1               1 7 -> 3 -> 4 -> 2 -> 5 7 -> 3          7        3              1.0                0.04                    1.49     0.00              1.49                 0.08               1.57
   robot        1        683  1->1             1               1 7 -> 3 -> 4 -> 2 -> 5 3 -> 4          3        4              2.0                0.08                    1.65     0.85              2.50                 0.08               2.58
   robot        1        683  1->1             1               1 7 -> 3 -> 4 -> 2 -> 5 4 -> 2          4        2              1.0                0.04                    2.62     4.53              7.15                 0.25               7.40
   robot        1        683  1->1             1               1 7 -> 3 -> 4 -> 2 -> 5 2 -> 5          2        5              1.0                0.04                    7.44     0.00              7.44                 0.00               7.44

Customer assignment
 customer_id assigned_mode                           assignment_detail
           1         truck                            truck 1: visit 1
           2         robot robot 1: 7 -> 3 -> 4 -> 2 -> 5 (truck 1->1)
           3         robot robot 1: 7 -> 3 -> 4 -> 2 -> 5 (truck 1->1)
           4         robot robot 1: 7 -> 3 -> 4 -> 2 -> 5 (truck 1->1)
           5         truck                            truck 1: visit 5
           6         truck                            truck 1: visit 6
           7         truck                            truck 1: visit 7
           8         truck                            truck 1: visit 8
           9         truck                            truck 1: visit 9

Arrival times
 mode vehicle  node_id                     status arrival_time
truck       1        0                    visited          0.0
truck       1        1                    visited         12.6
truck       1        2                not_visited             
truck       1        3                not_visited             
truck       1        4                not_visited             
truck       1        5                    visited         8.32
truck       1        6                    visited        10.72
truck       1        7                    visited         1.45
truck       1        8                    visited         0.25
truck       1        9                    visited        13.83
truck       1       10                    visited    14.087778
truck       2        0               unused_truck             
truck       2        1               unused_truck             
truck       2        2               unused_truck             
truck       2        3               unused_truck             
truck       2        4               unused_truck             
truck       2        5               unused_truck             
truck       2        6               unused_truck             
truck       2        7               unused_truck             
truck       2        8               unused_truck             
truck       2        9               unused_truck             
truck       2       10               unused_truck             
drone                0                      depot          0.0
robot                0                      depot          0.0
drone                1 not_served_value_arbitrary          0.0
robot                1 not_served_value_arbitrary          0.0
drone                2 not_served_value_arbitrary          0.0
robot                2                     served         7.15
drone                3 not_served_value_arbitrary          0.0
robot                3                     served         1.49
drone                4 not_served_value_arbitrary          0.0
robot                4                     served          2.5
drone                5 not_served_value_arbitrary          0.0
robot                5 not_served_value_arbitrary          0.0
drone                6 not_served_value_arbitrary          0.0
robot                6 not_served_value_arbitrary          0.0
drone                7 not_served_value_arbitrary          0.0
robot                7 not_served_value_arbitrary          0.0
drone                8 not_served_value_arbitrary          0.0
robot                8 not_served_value_arbitrary          0.0
drone                9 not_served_value_arbitrary          0.0
robot                9 not_served_value_arbitrary          0.0
drone               10                      depot          0.0
robot               10                      depot          0.0

Positive penalty variables
route_late_t[1]: 4.087778
route_late_global[global]: 4.087778

Warnings / modeling notes
- Operational constraints are route-completeness constraints, not explicit PDF constraints.
- Flexible docking uses h_launch/h_recover and g_launch/g_recover.
- Big-M used: 10000.0

Excel exported to: results/final_5min/tdrp_9_75_ordered_sorties_github_final_5min_3_10_no_cmax_arrival_status_solution.xlsx
LP file: results/final_5min/tdrp_9_75_ordered_sorties_github_final_5min_3_10_no_cmax_arrival_status_model.lp
Operational notes: results/final_5min/tdrp_9_75_ordered_sorties_github_final_5min_3_10_no_cmax_arrival_status_model_notes.md

