
Operational model information
------------------------------------------------------------
Model: drone_robot_truck_ordered_sorties_first_instance
 - number of variables: 499016
   - binary=498756, integer=0, continuous=260
 - number of constraints: 1115808
   - linear=1115808
 - parameters:
     parameters.threads = 2
     parameters.timelimit = 300.00000000000000
     parameters.workmem = 4096.00000000000000
     parameters.emphasis.memory = 1
     parameters.mip.strategy.file = 3
 - objective: minimize
 - problem type is: MILP
Truck-only warm start added: True
LP exported to: results/final_5min/tdrp_11_25_ordered_sorties_github_final_5min_3_10_no_cmax_arrival_status_model.lp
Version identifier: 22.1.1.0 | 2022-11-27 | 9160aff4d
CPXPARAM_Read_DataCheck                          1
CPXPARAM_Threads                                 2
CPXPARAM_Emphasis_Memory                         1
CPXPARAM_MIP_Strategy_File                       3
CPXPARAM_TimeLimit                               300
CPXPARAM_WorkMem                                 4096
1 of 1 MIP starts provided solutions.
MIP start 'm1' defined initial solution with objective 3208.9778.
Tried aggregator 1 time.
Presolve has eliminated 79706 rows and 26 columns...
Presolve has improved bounds 252 times...
MIP Presolve eliminated 79706 rows and 26 columns.
MIP Presolve modified 42616 coefficients.
Reduced MIP has 1036102 rows, 498990 columns, and 4739707 nonzeros.
Reduced MIP has 498756 binaries, 0 generals, 0 SOSs, and 0 indicators.
Presolve time = 143.41 sec. (46340.65 ticks)
Probing time = 2.11 sec. (518.34 ticks)
Tried aggregator 1 time.
Presolve has eliminated 0 rows and 0 columns...
Detecting symmetries...
Reduced MIP has 1036102 rows, 498990 columns, and 4739707 nonzeros.
Reduced MIP has 498756 binaries, 0 generals, 0 SOSs, and 0 indicators.
Presolve time = 60.67 sec. (18277.62 ticks)
Probing time = 1.88 sec. (533.33 ticks)
Clique table members: 2594749.
MIP emphasis: balance optimality and feasibility.
MIP search method: dynamic search.
Parallel mode: deterministic, using up to 2 threads.
Root relaxation solution time = 76.64 sec. (15971.67 ticks)

        Nodes                                         Cuts/
   Node  Left     Objective  IInf  Best Integer    Best Bound    ItCnt     Gap

*     0+    0                         3208.9778        0.0000           100.00%
      0     0  -1.00000e+37     0     3208.9778        0.0000     2028  100.00%

Root node processing (before b&c):
  Real time             =  303.84 sec. (88133.05 ticks)
Parallel b&c, 2 threads:
  Real time             =    0.00 sec. (0.00 ticks)
  Sync time (average)   =    0.00 sec.
  Wait time (average)   =    0.00 sec.
                          ------------
Total (root+branch&cut) =  303.84 sec. (88133.05 ticks)

Operational solve summary
------------------------------------------------------------
Solve status: time limit exceeded
Objective value: 3208.977777800729
Runtime seconds: 407.4247

KPI values
Solve Status: time limit exceeded
Objective Value: 3208.977777800729
Runtime Seconds: 407.4246830000193
Truck Only Mode: 0
Truck Warm Start: 1
Drones In Model: 11
Robots In Model: 11
Reported Makespan: 13.09777777780073
Objective: 3208.977777800729
Operating Cost: 111.2
Route Duration Penalty: 3097.7777778007294
Route Duration Excess: 3.0977777778007294
Time Window Penalty: 0.0
Total Penalty: 3097.7777778007294
Used Trucks: 1.0
truck_variable_cost: 81.2
drone_variable_cost: 0.0
robot_variable_cost: 0.0
truck_fixed_cost: 30.0
drone_fixed_cost: 0.0
robot_fixed_cost: 0.0
total_variable_cost: 81.2
total_fixed_cost: 30.0
operating_cost: 111.2
route_duration_penalty: 3097.7777778007294
time_window_penalty: 0.0
total_penalty: 3097.7777778007294
objective_value: 3208.977777800729

Selected truck route arcs
 truck  i  j  value
     1  0  9    1.0
     1  1 11    1.0
     1  2 12    1.0
     1  3  5    1.0
     1  4  3    1.0
     1  5  7    1.0
     1  6  8    1.0
     1  7  2    1.0
     1  8  1    1.0
     1  9  6    1.0
     1 10  4    1.0
     1 11 10    1.0

Reconstructed truck routes
 truck                                                            route  arc_count  starts_at_depot  ends_at_end_depot status
     1 0 -> 9 -> 6 -> 8 -> 1 -> 11 -> 10 -> 4 -> 3 -> 5 -> 7 -> 2 -> 12         12             True               True   used
     2                                                           unused          0            False              False unused
     3                                                           unused          0            False              False unused
     4                                                           unused          0            False              False unused
     5                                                           unused          0            False              False unused
     6                                                           unused          0            False              False unused
     7                                                           unused          0            False              False unused
     8                                                           unused          0            False              False unused

Selected drone sorties
(none)

Selected robot sorties
(none)

Sortie timing audit
platform vehicle sortie_id truck launch_truck recovery_truck route leg  travel_duration_hr  arrival_before_wait_hr  wait_hr  service_start_hr  service_duration_hr  service_finish_hr
  (none)                                                                               0.0                     0.0      0.0               0.0                  0.0                0.0

Customer assignment
 customer_id assigned_mode assignment_detail
           1         truck  truck 1: visit 1
           2         truck  truck 1: visit 2
           3         truck  truck 1: visit 3
           4         truck  truck 1: visit 4
           5         truck  truck 1: visit 5
           6         truck  truck 1: visit 6
           7         truck  truck 1: visit 7
           8         truck  truck 1: visit 8
           9         truck  truck 1: visit 9
          10         truck truck 1: visit 10
          11         truck truck 1: visit 11

Arrival times
 mode vehicle  node_id                     status arrival_time
truck       1        0                    visited          0.0
truck       1        1                    visited         1.83
truck       1        2                    visited        12.67
truck       1        3                    visited         8.03
truck       1        4                    visited          6.5
truck       1        5                    visited         9.58
truck       1        6                    visited     0.352222
truck       1        7                    visited        11.13
truck       1        8                    visited     0.624444
truck       1        9                    visited         0.25
truck       1       10                    visited         4.95
truck       1       11                    visited          3.4
truck       1       12                    visited    13.097778
truck       2        0               unused_truck             
truck       2        1               unused_truck             
truck       2        2               unused_truck             
truck       2        3               unused_truck             
truck       2        4               unused_truck             
truck       2        5               unused_truck             
truck       2        6               unused_truck             
truck       2        7               unused_truck             
truck       2        8               unused_truck             
truck       2        9               unused_truck             
truck       2       10               unused_truck             
truck       2       11               unused_truck             
truck       2       12               unused_truck             
truck       3        0               unused_truck             
truck       3        1               unused_truck             
truck       3        2               unused_truck             
truck       3        3               unused_truck             
truck       3        4               unused_truck             
truck       3        5               unused_truck             
truck       3        6               unused_truck             
truck       3        7               unused_truck             
truck       3        8               unused_truck             
truck       3        9               unused_truck             
truck       3       10               unused_truck             
truck       3       11               unused_truck             
truck       3       12               unused_truck             
truck       4        0               unused_truck             
truck       4        1               unused_truck             
truck       4        2               unused_truck             
truck       4        3               unused_truck             
truck       4        4               unused_truck             
truck       4        5               unused_truck             
truck       4        6               unused_truck             
truck       4        7               unused_truck             
truck       4        8               unused_truck             
truck       4        9               unused_truck             
truck       4       10               unused_truck             
truck       4       11               unused_truck             
truck       4       12               unused_truck             
truck       5        0               unused_truck             
truck       5        1               unused_truck             
truck       5        2               unused_truck             
truck       5        3               unused_truck             
truck       5        4               unused_truck             
truck       5        5               unused_truck             
truck       5        6               unused_truck             
truck       5        7               unused_truck             
truck       5        8               unused_truck             
truck       5        9               unused_truck             
truck       5       10               unused_truck             
truck       5       11               unused_truck             
truck       5       12               unused_truck             
truck       6        0               unused_truck             
truck       6        1               unused_truck             
truck       6        2               unused_truck             
truck       6        3               unused_truck             
truck       6        4               unused_truck             
truck       6        5               unused_truck             
truck       6        6               unused_truck             
truck       6        7               unused_truck             
truck       6        8               unused_truck             
truck       6        9               unused_truck             
truck       6       10               unused_truck             
truck       6       11               unused_truck             
truck       6       12               unused_truck             
truck       7        0               unused_truck             
truck       7        1               unused_truck             
truck       7        2               unused_truck             
truck       7        3               unused_truck             
truck       7        4               unused_truck             
truck       7        5               unused_truck             
truck       7        6               unused_truck             
truck       7        7               unused_truck             
truck       7        8               unused_truck             
truck       7        9               unused_truck             
truck       7       10               unused_truck             
truck       7       11               unused_truck             
truck       7       12               unused_truck             
truck       8        0               unused_truck             
truck       8        1               unused_truck             
truck       8        2               unused_truck             
truck       8        3               unused_truck             
truck       8        4               unused_truck             
truck       8        5               unused_truck             
truck       8        6               unused_truck             
truck       8        7               unused_truck             
truck       8        8               unused_truck             
truck       8        9               unused_truck             
truck       8       10               unused_truck             
truck       8       11               unused_truck             
truck       8       12               unused_truck             
drone                0                      depot          0.0
robot                0                      depot          0.0
drone                1 not_served_value_arbitrary          0.0
robot                1 not_served_value_arbitrary          0.0
drone                2 not_served_value_arbitrary          0.0
robot                2 not_served_value_arbitrary          0.0
drone                3 not_served_value_arbitrary          0.0
robot                3 not_served_value_arbitrary          0.0
drone                4 not_served_value_arbitrary          0.0
robot                4 not_served_value_arbitrary          0.0
drone                5 not_served_value_arbitrary          0.0
robot                5 not_served_value_arbitrary          0.0
drone                6 not_served_value_arbitrary          0.0
robot                6 not_served_value_arbitrary          0.0
drone                7 not_served_value_arbitrary          0.0
robot                7 not_served_value_arbitrary          0.0
drone                8 not_served_value_arbitrary          0.0
robot                8 not_served_value_arbitrary          0.0
drone                9 not_served_value_arbitrary          0.0
robot                9 not_served_value_arbitrary          0.0
drone               10 not_served_value_arbitrary          0.0
robot               10 not_served_value_arbitrary          0.0
drone               11 not_served_value_arbitrary          0.0
robot               11 not_served_value_arbitrary          0.0
drone               12                      depot          0.0
robot               12                      depot          0.0

Positive penalty variables
route_late_t[1]: 3.097778
route_late_global[global]: 3.097778

Warnings / modeling notes
- Operational constraints are route-completeness constraints, not explicit PDF constraints.
- Flexible docking uses h_launch/h_recover and g_launch/g_recover.
- Big-M used: 10000.0

Excel exported to: results/final_5min/tdrp_11_25_ordered_sorties_github_final_5min_3_10_no_cmax_arrival_status_solution.xlsx
LP file: results/final_5min/tdrp_11_25_ordered_sorties_github_final_5min_3_10_no_cmax_arrival_status_model.lp
Operational notes: results/final_5min/tdrp_11_25_ordered_sorties_github_final_5min_3_10_no_cmax_arrival_status_model_notes.md

