
Operational model information
------------------------------------------------------------
Model: drone_robot_truck_ordered_sorties_first_instance
 - number of variables: 23020
   - binary=22946, integer=0, continuous=74
 - number of constraints: 64428
   - linear=64428
 - parameters:
     parameters.threads = 2
     parameters.timelimit = 300.00000000000000
     parameters.workmem = 4096.00000000000000
     parameters.emphasis.memory = 1
     parameters.mip.strategy.file = 3
 - objective: minimize
 - problem type is: MILP
Truck-only warm start added: True
LP exported to: results/final_5min/tdrp_7_75_ordered_sorties_github_final_5min_3_10_no_cmax_arrival_status_model.lp
Version identifier: 22.1.1.0 | 2022-11-27 | 9160aff4d
CPXPARAM_Read_DataCheck                          1
CPXPARAM_Threads                                 2
CPXPARAM_Emphasis_Memory                         1
CPXPARAM_MIP_Strategy_File                       3
CPXPARAM_TimeLimit                               300
CPXPARAM_WorkMem                                 4096
1 of 1 MIP starts provided solutions.
MIP start 'm1' defined initial solution with objective 3018.6778.
Tried aggregator 2 times.
MIP Presolve eliminated 10523 rows and 10 columns.
MIP Presolve modified 2636 coefficients.
Aggregator did 1 substitutions.
Reduced MIP has 53904 rows, 23009 columns, and 250630 nonzeros.
Reduced MIP has 22945 binaries, 0 generals, 0 SOSs, and 0 indicators.
Presolve time = 0.78 sec. (880.47 ticks)
Probing fixed 0 vars, tightened 2 bounds.
Probing time = 0.14 sec. (132.10 ticks)
Tried aggregator 1 time.
Detecting symmetries...
Reduced MIP has 53904 rows, 23009 columns, and 250630 nonzeros.
Reduced MIP has 22945 binaries, 0 generals, 0 SOSs, and 0 indicators.
Presolve time = 0.70 sec. (738.93 ticks)
Probing time = 0.03 sec. (35.09 ticks)
Clique table members: 133966.
MIP emphasis: balance optimality and feasibility.
MIP search method: dynamic search.
Parallel mode: deterministic, using up to 2 threads.
Root relaxation solution time = 0.52 sec. (475.09 ticks)

        Nodes                                         Cuts/
   Node  Left     Objective  IInf  Best Integer    Best Bound    ItCnt     Gap

*     0+    0                         3018.6778        0.0000           100.00%
      0     0       49.6123    58     3018.6778       49.6123      950   98.36%
      0     0       49.7000    44     3018.6778      Cuts: 24     2674   98.35%
      0     0       49.7382    64     3018.6778      Cuts: 10     3290   98.35%
      0     0       49.7385    70     3018.6778       Cuts: 6     3841   98.35%
*     0+    0                         3018.2778       49.7385            98.35%
*     0+    0                         3015.3778       49.7385            98.35%
      0     0  -1.00000e+75     0     3015.3778       49.7385     3841   98.35%
      0     0       49.7390    70     3015.3778       Cuts: 7     4241   98.35%
Detecting symmetries...
      0     2       49.7416    69     3015.3778       50.0143     4837   98.34%
Elapsed time = 145.50 sec. (61547.76 ticks, tree = 0.02 MB, solutions = 3)
      1     3       49.7416    50     3015.3778       50.0143     5044   98.34%
      2     4       49.7663    51     3015.3778       50.0143     5449   98.34%
     10    10       54.1724    17     3015.3778       50.0143     5655   98.34%
     25    22       84.7000    15     3015.3778       50.0143     5774   98.34%
     47    25       49.7615    54     3015.3778       50.0143     6114   98.34%
     49    27       50.2357    47     3015.3778       50.0143     6564   98.34%
     59    36       57.1181    25     3015.3778       50.0143     7621   98.34%
     64    39       51.5571    14     3015.3778       50.0143    10531   98.34%
     87    48       59.0606    22     3015.3778       50.0143    10717   98.34%
    149   103        cutoff           3015.3778       50.0143    12708   98.34%
Elapsed time = 155.11 sec. (66079.11 ticks, tree = 1.34 MB, solutions = 3)
    189   126       54.4871    18     3015.3778       50.0143    13967   98.34%
    250   170       55.6971    31     3015.3778       50.0143    15325   98.34%
    299   207       57.2874    57     3015.3778       50.0143    18743   98.34%
    353   235       89.9334    45     3015.3778       50.0143    21877   98.34%
    424   274      115.1125    41     3015.3778       50.0143    25375   98.34%
    511   335      120.0117    46     3015.3778       50.0143    26431   98.34%
    572   396       54.0286     9     3015.3778       50.0143    28598   98.34%
    592   387       84.7650    13     3015.3778       50.0143    28849   98.34%
    652   430       50.2939    23     3015.3778       50.0143    31427   98.34%
    734   478       52.9562    22     3015.3778       50.0143    32655   98.34%
Elapsed time = 174.83 sec. (75735.28 ticks, tree = 7.70 MB, solutions = 3)
    812   552       84.7602    32     3015.3778       50.0143    33958   98.34%

Performing restart 1

Repeating presolve.
Tried aggregator 2 times.
MIP Presolve eliminated 9235 rows and 3496 columns.
MIP Presolve modified 54532 coefficients.
Aggregator did 128 substitutions.
Reduced MIP has 44541 rows, 19385 columns, and 205652 nonzeros.
Reduced MIP has 19321 binaries, 0 generals, 0 SOSs, and 0 indicators.
Presolve time = 0.70 sec. (841.53 ticks)
Tried aggregator 1 time.
MIP Presolve eliminated 40565 rows and 17696 columns.
MIP Presolve modified 862 coefficients.
Reduced MIP has 3976 rows, 1689 columns, and 17042 nonzeros.
Reduced MIP has 1625 binaries, 0 generals, 0 SOSs, and 0 indicators.
Presolve time = 0.05 sec. (38.41 ticks)
Tried aggregator 1 time.
MIP Presolve modified 16 coefficients.
Reduced MIP has 3976 rows, 1689 columns, and 17042 nonzeros.
Reduced MIP has 1625 binaries, 0 generals, 0 SOSs, and 0 indicators.
Presolve time = 0.03 sec. (17.16 ticks)
Represolve time = 16.58 sec. (15613.67 ticks)
    860     0       49.8550    21     3015.3778      Cuts: 17    34712   98.34%
    860     0       50.2182    42     3015.3778      Cuts: 20    34831   98.33%
    860     0       51.2300    47     3015.3778      Cuts: 13    34886   98.30%
    860     0       51.9219    45     3015.3778      Cuts: 27    34943   98.28%
    860     0       52.0937    45     3015.3778      Cuts: 27    34994   98.27%
    860     0       52.3654    51     3015.3778      Cuts: 27    35079   98.26%
*   860+    0                         2952.6467       52.3654            98.23%
    860     0       52.3654    50     2952.6467      Cuts: 16    35102   98.23%
    860     0       52.3654    46     2952.6467      Cuts: 14    35133   98.23%
    860     0       52.3654    22     2952.6467    MIRcuts: 1    35135   98.23%
    860     0       52.3654    29     2952.6467      Cuts: 19    35154   98.23%
    860     0       52.3654    24     2952.6467       Cuts: 5    35160   98.23%
    860     2       52.3654    24     2952.6467       52.3654    35160   98.23%
    926    30        cutoff           2952.6467       52.4618    36604   98.22%
   1251   155       61.1029    22     2952.6467       53.2000    41500   98.20%
   1412   138     1750.4404    19     2952.6467       65.8029    46283   97.77%
   2058   177     1746.1261     8     2952.6467       86.8156    52010   97.06%

GUB cover cuts applied:  4
Clique cuts applied:  4
Cover cuts applied:  8
Implied bound cuts applied:  1
Flow cuts applied:  9
Mixed integer rounding cuts applied:  9
Zero-half cuts applied:  1
Gomory fractional cuts applied:  3

Root node processing (before b&c):
  Real time             =  144.56 sec. (61203.99 ticks)
Parallel b&c, 2 threads:
  Real time             =   56.55 sec. (38002.48 ticks)
  Sync time (average)   =    2.17 sec.
  Wait time (average)   =    0.01 sec.
                          ------------
Total (root+branch&cut) =  201.11 sec. (99206.47 ticks)

Operational solve summary
------------------------------------------------------------
Solve status: integer optimal solution
Objective value: 2952.6466626980814
Runtime seconds: 207.1887

KPI values
Solve Status: integer optimal solution
Objective Value: 2952.6466626980814
Runtime Seconds: 207.1887481000158
Truck Only Mode: 0
Truck Warm Start: 1
Drones In Model: 4
Robots In Model: 4
Reported Makespan: 12.8566666667
Objective: 2952.6466626980814
Operating Cost: 95.97999999999999
Route Duration Penalty: 2856.6666626980814
Route Duration Excess: 2.8566666626980814
Time Window Penalty: 0.0
Total Penalty: 2856.6666626980814
Used Trucks: 1.0
truck_variable_cost: 55.099999999999994
drone_variable_cost: 0.88
robot_variable_cost: 0.0
truck_fixed_cost: 30.0
drone_fixed_cost: 10.0
robot_fixed_cost: 0.0
total_variable_cost: 55.98
total_fixed_cost: 40.0
operating_cost: 95.97999999999999
route_duration_penalty: 2856.6666626980814
time_window_penalty: 0.0
total_penalty: 2856.6666626980814
objective_value: 2952.6466626980814

Selected truck route arcs
 truck  i  j  value
     1  0  1    1.0
     1  1  4    1.0
     1  2  6    1.0
     1  4  2    1.0
     1  6  8    1.0

Reconstructed truck routes
 truck                      route  arc_count  starts_at_depot  ends_at_end_depot status
     1 0 -> 1 -> 4 -> 2 -> 6 -> 8          5             True               True   used
     2                     unused          0            False              False unused

Selected drone sorties
 launch_truck  recovery_truck  drone  sortie_id  value_launch  value_recovery truck  i  k  sequence sequence_text                 route  customer_count  payload  travel_distance  travel_duration_precomputed_hr  cost  truck_launch_time_hr  truck_recovery_time_hr  platform_finish_time_hr  recovery_slack_hr  travel_duration_hr  service_duration_hr  active_duration_hr  elapsed_schedule_time_hr  waiting_time_hr
            1               1      1        357           1.0             1.0  1->1  4  8 (5, 7, 3)         5,7,3 4 -> 5 -> 7 -> 3 -> 8               3     4.35             11.0                        0.146667  0.88              0.542222               12.856667                12.856667      -2.000762e-09            0.146667                 0.24            0.386667                 12.314444        11.927778

Selected robot sorties
(none)

Sortie timing audit
platform  vehicle  sortie_id truck  launch_truck  recovery_truck                 route    leg  from_node  to_node  travel_distance  travel_duration_hr  arrival_before_wait_hr  wait_hr  service_start_hr  service_duration_hr  service_finish_hr
   drone        1        357  1->1             1               1 4 -> 5 -> 7 -> 3 -> 8 4 -> 5          4        5              1.0            0.013333                0.555556 0.000000          0.555556                 0.08           0.635556
   drone        1        357  1->1             1               1 4 -> 5 -> 7 -> 3 -> 8 5 -> 7          5        7              1.0            0.013333                0.648889 8.931111          9.580000                 0.08           9.660000
   drone        1        357  1->1             1               1 4 -> 5 -> 7 -> 3 -> 8 7 -> 3          7        3              1.0            0.013333                9.673333 2.996667         12.670000                 0.08          12.750000
   drone        1        357  1->1             1               1 4 -> 5 -> 7 -> 3 -> 8 3 -> 8          3        8              8.0            0.106667               12.856667 0.000000         12.856667                 0.00          12.856667

Customer assignment
 customer_id assigned_mode                           assignment_detail
           1         truck                            truck 1: visit 1
           2         truck                            truck 1: visit 2
           3         drone drone 1: 4 -> 5 -> 7 -> 3 -> 8 (truck 1->1)
           4         truck                            truck 1: visit 4
           5         drone drone 1: 4 -> 5 -> 7 -> 3 -> 8 (truck 1->1)
           6         truck                            truck 1: visit 6
           7         drone drone 1: 4 -> 5 -> 7 -> 3 -> 8 (truck 1->1)

Arrival times
 mode vehicle  node_id                     status arrival_time
truck       1        0                    visited          0.0
truck       1        1                    visited         0.27
truck       1        2                    visited        11.13
truck       1        3                not_visited             
truck       1        4                    visited     0.542222
truck       1        5                not_visited             
truck       1        6                    visited    11.424444
truck       1        7                not_visited             
truck       1        8                    visited    12.856667
truck       2        0               unused_truck             
truck       2        1               unused_truck             
truck       2        2               unused_truck             
truck       2        3               unused_truck             
truck       2        4               unused_truck             
truck       2        5               unused_truck             
truck       2        6               unused_truck             
truck       2        7               unused_truck             
truck       2        8               unused_truck             
drone                0                      depot          0.0
robot                0                      depot          0.0
drone                1 not_served_value_arbitrary          0.0
robot                1 not_served_value_arbitrary          0.0
drone                2 not_served_value_arbitrary          0.0
robot                2 not_served_value_arbitrary        17.13
drone                3                     served        12.67
robot                3 not_served_value_arbitrary        18.67
drone                4 not_served_value_arbitrary          0.0
robot                4 not_served_value_arbitrary          0.0
drone                5                     served     0.555556
robot                5 not_served_value_arbitrary          0.0
drone                6 not_served_value_arbitrary          0.0
robot                6 not_served_value_arbitrary          0.0
drone                7                     served         9.58
robot                7 not_served_value_arbitrary          0.0
drone                8                      depot          0.0
robot                8                      depot          0.0

Positive penalty variables
route_late_t[1]: 2.856667
route_late_global[global]: 2.856667

Warnings / modeling notes
- Operational constraints are route-completeness constraints, not explicit PDF constraints.
- Flexible docking uses h_launch/h_recover and g_launch/g_recover.
- Big-M used: 10000.0

Excel exported to: results/final_5min/tdrp_7_75_ordered_sorties_github_final_5min_3_10_no_cmax_arrival_status_solution.xlsx
LP file: results/final_5min/tdrp_7_75_ordered_sorties_github_final_5min_3_10_no_cmax_arrival_status_model.lp
Operational notes: results/final_5min/tdrp_7_75_ordered_sorties_github_final_5min_3_10_no_cmax_arrival_status_model_notes.md

