
Operational model information
------------------------------------------------------------
Model: drone_robot_truck_ordered_sorties_first_instance
 - number of variables: 29463
   - binary=29380, integer=0, continuous=83
 - number of constraints: 82436
   - linear=82436
 - parameters:
     parameters.threads = 2
     parameters.timelimit = 300.00000000000000
     parameters.workmem = 4096.00000000000000
     parameters.emphasis.memory = 1
     parameters.mip.strategy.file = 3
 - objective: minimize
 - problem type is: MILP
Truck-only warm start added: True
LP exported to: results/final_5min/tdrp_8_75_ordered_sorties_github_final_5min_3_10_no_cmax_arrival_status_model.lp
Version identifier: 22.1.1.0 | 2022-11-27 | 9160aff4d
CPXPARAM_Read_DataCheck                          1
CPXPARAM_Threads                                 2
CPXPARAM_Emphasis_Memory                         1
CPXPARAM_MIP_Strategy_File                       3
CPXPARAM_TimeLimit                               300
CPXPARAM_WorkMem                                 4096
1 of 1 MIP starts provided solutions.
MIP start 'm1' defined initial solution with objective 3024.4778.
Tried aggregator 2 times.
MIP Presolve eliminated 13280 rows and 14 columns.
MIP Presolve modified 2966 coefficients.
Aggregator did 2 substitutions.
Reduced MIP has 69154 rows, 29447 columns, and 321334 nonzeros.
Reduced MIP has 29378 binaries, 0 generals, 0 SOSs, and 0 indicators.
Presolve time = 1.17 sec. (1239.25 ticks)
Probing fixed 0 vars, tightened 2 bounds.
Probing time = 0.27 sec. (160.92 ticks)
Tried aggregator 1 time.
Detecting symmetries...
Reduced MIP has 69154 rows, 29447 columns, and 321334 nonzeros.
Reduced MIP has 29378 binaries, 0 generals, 0 SOSs, and 0 indicators.
Presolve time = 0.97 sec. (1000.78 ticks)
Probing time = 0.05 sec. (42.53 ticks)
Clique table members: 171822.
MIP emphasis: balance optimality and feasibility.
MIP search method: dynamic search.
Parallel mode: deterministic, using up to 2 threads.
Root relaxation solution time = 1.28 sec. (891.00 ticks)

        Nodes                                         Cuts/
   Node  Left     Objective  IInf  Best Integer    Best Bound    ItCnt     Gap

*     0+    0                         3024.4778        0.0000           100.00%
      0     0       52.4525    84     3024.4778       52.4525     1558   98.27%
*     0+    0                         3021.2378       52.4525            98.26%
      0     0       52.5139    94     3021.2378      Cuts: 33     7083   98.26%
      0     0       52.5152    91     3021.2378      Cuts: 24     9202   98.26%
      0     0       52.5478   116     3021.2378       Cuts: 9    10825   98.26%
      0     0       52.6008    87     3021.2378      Cuts: 10    15914   98.26%

Clique cuts applied:  1
Cover cuts applied:  1
Implied bound cuts applied:  21
Mixed integer rounding cuts applied:  1
Zero-half cuts applied:  7
Gomory fractional cuts applied:  2

Root node processing (before b&c):
  Real time             =  300.06 sec. (101867.89 ticks)
Parallel b&c, 2 threads:
  Real time             =    0.00 sec. (0.00 ticks)
  Sync time (average)   =    0.00 sec.
  Wait time (average)   =    0.00 sec.
                          ------------
Total (root+branch&cut) =  300.06 sec. (101867.89 ticks)

Operational solve summary
------------------------------------------------------------
Solve status: time limit exceeded
Objective value: 3021.2377778006567
Runtime seconds: 307.7313

KPI values
Solve Status: time limit exceeded
Objective Value: 3021.2377778006567
Runtime Seconds: 307.73133119998965
Truck Only Mode: 0
Truck Warm Start: 1
Drones In Model: 4
Robots In Model: 4
Reported Makespan: 12.927777777800657
Objective: 3021.2377778006567
Operating Cost: 93.46
Route Duration Penalty: 2927.7777778006566
Route Duration Excess: 2.9277777778006566
Time Window Penalty: 0.0
Total Penalty: 2927.7777778006566
Used Trucks: 1.0
truck_variable_cost: 55.099999999999994
drone_variable_cost: 0.0
robot_variable_cost: 0.36
truck_fixed_cost: 30.0
drone_fixed_cost: 0.0
robot_fixed_cost: 8.0
total_variable_cost: 55.459999999999994
total_fixed_cost: 38.0
operating_cost: 93.46
route_duration_penalty: 2927.7777778006566
time_window_penalty: 0.0
total_penalty: 2927.7777778006566
objective_value: 3021.2377778006567

Selected truck route arcs
 truck  i  j  value
     1  0  2    1.0
     1  1  6    1.0
     1  2  1    1.0
     1  3  8    1.0
     1  6  3    1.0
     1  8  9    1.0

Reconstructed truck routes
 truck                           route  arc_count  starts_at_depot  ends_at_end_depot status
     1 0 -> 2 -> 1 -> 6 -> 3 -> 8 -> 9          6             True               True   used
     2                          unused          0            False              False unused

Selected drone sorties
(none)

Selected robot sorties
 launch_truck  recovery_truck  robot  sortie_id  value_launch  value_recovery truck  i  k  sequence sequence_text                 route  customer_count  payload  travel_distance  travel_duration_precomputed_hr  cost  truck_launch_time_hr  truck_recovery_time_hr  platform_finish_time_hr  recovery_slack_hr  travel_duration_hr  service_duration_hr  active_duration_hr  elapsed_schedule_time_hr  waiting_time_hr
            1               1      1        140           1.0             1.0  1->1  1  6 (7, 5, 4)         7,5,4 1 -> 7 -> 5 -> 4 -> 6               3     4.57              6.0                            0.24  0.36              0.522222                     9.7                      9.7       8.011369e-13                0.24                 0.24                0.48                  9.177778         8.697778

Sortie timing audit
platform  vehicle  sortie_id truck  launch_truck  recovery_truck                 route    leg  from_node  to_node  travel_distance  travel_duration_hr  arrival_before_wait_hr  wait_hr  service_start_hr  service_duration_hr  service_finish_hr
   robot        1        140  1->1             1               1 1 -> 7 -> 5 -> 4 -> 6 1 -> 7          1        7              1.0                0.04                0.562222 0.000000          0.562222                 0.08           0.642222
   robot        1        140  1->1             1               1 1 -> 7 -> 5 -> 4 -> 6 7 -> 5          7        5              2.0                0.08                0.722222 1.107778          1.830000                 0.08           1.910000
   robot        1        140  1->1             1               1 1 -> 7 -> 5 -> 4 -> 6 5 -> 4          5        4              2.0                0.08                1.990000 7.590000          9.580000                 0.08           9.660000
   robot        1        140  1->1             1               1 1 -> 7 -> 5 -> 4 -> 6 4 -> 6          4        6              1.0                0.04                9.700000 0.000000          9.700000                 0.00           9.700000

Customer assignment
 customer_id assigned_mode                           assignment_detail
           1         truck                            truck 1: visit 1
           2         truck                            truck 1: visit 2
           3         truck                            truck 1: visit 3
           4         robot robot 1: 1 -> 7 -> 5 -> 4 -> 6 (truck 1->1)
           5         robot robot 1: 1 -> 7 -> 5 -> 4 -> 6 (truck 1->1)
           6         truck                            truck 1: visit 6
           7         robot robot 1: 1 -> 7 -> 5 -> 4 -> 6 (truck 1->1)
           8         truck                            truck 1: visit 8

Arrival times
 mode vehicle  node_id                     status arrival_time
truck       1        0                    visited          0.0
truck       1        1                    visited     0.522222
truck       1        2                    visited         0.25
truck       1        3                    visited        11.13
truck       1        4                not_visited             
truck       1        5                not_visited             
truck       1        6                    visited          9.7
truck       1        7                not_visited             
truck       1        8                    visited        12.67
truck       1        9                    visited    12.927778
truck       2        0               unused_truck             
truck       2        1               unused_truck             
truck       2        2               unused_truck             
truck       2        3               unused_truck             
truck       2        4               unused_truck             
truck       2        5               unused_truck             
truck       2        6               unused_truck             
truck       2        7               unused_truck             
truck       2        8               unused_truck             
truck       2        9               unused_truck             
drone                0                      depot          0.0
robot                0                      depot          0.0
drone                1 not_served_value_arbitrary          0.0
robot                1 not_served_value_arbitrary          0.0
drone                2 not_served_value_arbitrary          0.0
robot                2 not_served_value_arbitrary          0.0
drone                3 not_served_value_arbitrary          0.0
robot                3 not_served_value_arbitrary          0.0
drone                4 not_served_value_arbitrary          0.0
robot                4                     served         9.58
drone                5 not_served_value_arbitrary          0.0
robot                5                     served         1.83
drone                6 not_served_value_arbitrary          0.0
robot                6 not_served_value_arbitrary          0.0
drone                7 not_served_value_arbitrary          0.0
robot                7                     served     0.562222
drone                8 not_served_value_arbitrary          0.0
robot                8 not_served_value_arbitrary          0.0
drone                9                      depot          0.0
robot                9                      depot          0.0

Positive penalty variables
route_late_t[1]: 2.927778
route_late_global[global]: 2.927778

Warnings / modeling notes
- Operational constraints are route-completeness constraints, not explicit PDF constraints.
- Flexible docking uses h_launch/h_recover and g_launch/g_recover.
- Big-M used: 10000.0

Excel exported to: results/final_5min/tdrp_8_75_ordered_sorties_github_final_5min_3_10_no_cmax_arrival_status_solution.xlsx
LP file: results/final_5min/tdrp_8_75_ordered_sorties_github_final_5min_3_10_no_cmax_arrival_status_model.lp
Operational notes: results/final_5min/tdrp_8_75_ordered_sorties_github_final_5min_3_10_no_cmax_arrival_status_model_notes.md

