
Operational model information
------------------------------------------------------------
Model: drone_robot_truck_ordered_sorties_first_instance
 - number of variables: 48202
   - binary=48111, integer=0, continuous=91
 - number of constraints: 123998
   - linear=123998
 - parameters:
     parameters.threads = 2
     parameters.timelimit = 300.00000000000000
     parameters.workmem = 4096.00000000000000
     parameters.emphasis.memory = 1
     parameters.mip.strategy.file = 3
 - objective: minimize
 - problem type is: MILP
Truck-only warm start added: True
LP exported to: results/final_5min/tdrp_7_50_ordered_sorties_github_final_5min_3_10_no_cmax_arrival_status_model.lp
Version identifier: 22.1.1.0 | 2022-11-27 | 9160aff4d
CPXPARAM_Read_DataCheck                          1
CPXPARAM_Threads                                 2
CPXPARAM_Emphasis_Memory                         1
CPXPARAM_MIP_Strategy_File                       3
CPXPARAM_TimeLimit                               300
CPXPARAM_WorkMem                                 4096
1 of 1 MIP starts provided solutions.
MIP start 'm1' defined initial solution with objective 90.9000.
Tried aggregator 1 time.
MIP Presolve eliminated 16737 rows and 11 columns.
MIP Presolve modified 5874 coefficients.
Reduced MIP has 107261 rows, 48191 columns, and 497334 nonzeros.
Reduced MIP has 48111 binaries, 0 generals, 0 SOSs, and 0 indicators.
Presolve time = 2.33 sec. (2309.06 ticks)
Probing time = 0.19 sec. (78.96 ticks)
Tried aggregator 1 time.
Detecting symmetries...
Reduced MIP has 107261 rows, 48191 columns, and 497334 nonzeros.
Reduced MIP has 48111 binaries, 0 generals, 0 SOSs, and 0 indicators.
Presolve time = 2.20 sec. (1698.83 ticks)
Probing time = 0.25 sec. (75.11 ticks)
Clique table members: 267973.
MIP emphasis: balance optimality and feasibility.
MIP search method: dynamic search.
Parallel mode: deterministic, using up to 2 threads.
Root relaxation solution time = 8.77 sec. (5644.19 ticks)

        Nodes                                         Cuts/
   Node  Left     Objective  IInf  Best Integer    Best Bound    ItCnt     Gap

*     0+    0                           90.9000        0.0000           100.00%
      0     0       49.6333    38       90.9000       49.6333     6932   45.40%
*     0+    0                           84.7600       49.6333            41.44%
      0     0       49.8400    47       84.7600       Cuts: 6    17163   41.20%
      0     0       49.9000    69       84.7600       Cuts: 7    17586   41.13%
      0     0       49.9000    71       84.7600       Cuts: 7    17631   41.13%

Cover cuts applied:  2
Implied bound cuts applied:  4
Flow cuts applied:  3
Mixed integer rounding cuts applied:  1
Zero-half cuts applied:  2
Gomory fractional cuts applied:  1

Root node processing (before b&c):
  Real time             =  300.11 sec. (89925.84 ticks)
Parallel b&c, 2 threads:
  Real time             =    0.00 sec. (0.00 ticks)
  Sync time (average)   =    0.00 sec.
  Wait time (average)   =    0.00 sec.
                          ------------
Total (root+branch&cut) =  300.11 sec. (89925.84 ticks)

Operational solve summary
------------------------------------------------------------
Solve status: time limit exceeded
Objective value: 84.75999999999999
Runtime seconds: 311.8597

KPI values
Solve Status: time limit exceeded
Objective Value: 84.75999999999999
Runtime Seconds: 311.8596666000085
Truck Only Mode: 0
Truck Warm Start: 1
Drones In Model: 6
Robots In Model: 6
Reported Makespan: 9.999999999994543
Objective: 84.75999999999999
Operating Cost: 84.75999999999999
Route Duration Penalty: 0.0
Route Duration Excess: 0.0
Time Window Penalty: 0.0
Total Penalty: 0.0
Used Trucks: 1.0
truck_variable_cost: 46.4
drone_variable_cost: 0.0
robot_variable_cost: 0.35999999999999993
truck_fixed_cost: 30.0
drone_fixed_cost: 0.0
robot_fixed_cost: 8.0
total_variable_cost: 46.75999999999999
total_fixed_cost: 38.0
operating_cost: 84.75999999999999
route_duration_penalty: 0.0
time_window_penalty: 0.0
total_penalty: 0.0
objective_value: 84.75999999999999

Selected truck route arcs
 truck  i  j  value
     1  0  6    1.0
     1  2  8    1.0
     1  3  2    1.0
     1  5  3    1.0
     1  6  5    1.0

Reconstructed truck routes
 truck                      route  arc_count  starts_at_depot  ends_at_end_depot status
     1 0 -> 6 -> 5 -> 3 -> 2 -> 8          5             True               True   used
     2                     unused          0            False              False unused
     3                     unused          0            False              False unused

Selected drone sorties
(none)

Selected robot sorties
 launch_truck  recovery_truck  robot  sortie_id  value_launch  value_recovery truck  i  k  sequence sequence_text                 route  customer_count  payload  travel_distance  travel_duration_precomputed_hr  cost  truck_launch_time_hr  truck_recovery_time_hr  platform_finish_time_hr  recovery_slack_hr  travel_duration_hr  service_duration_hr  active_duration_hr  elapsed_schedule_time_hr  waiting_time_hr
            1               1      1        383           1.0             1.0  1->1  5  3 (7, 4, 1)         7,4,1 5 -> 7 -> 4 -> 1 -> 3               3    10.08              6.0                            0.24  0.36              0.235556                    4.67                     4.67       7.274181e-13                0.24                 0.41                0.65                  4.434444         3.784444

Sortie timing audit
platform  vehicle  sortie_id truck  launch_truck  recovery_truck                 route    leg  from_node  to_node  travel_distance  travel_duration_hr  arrival_before_wait_hr  wait_hr  service_start_hr  service_duration_hr  service_finish_hr
   robot        1        383  1->1             1               1 5 -> 7 -> 4 -> 1 -> 3 5 -> 7          5        7              1.0                0.04                0.275556 0.000000          0.275556                 0.08           0.355556
   robot        1        383  1->1             1               1 5 -> 7 -> 4 -> 1 -> 3 7 -> 4          7        4              2.0                0.08                0.435556 3.784444          4.220000                 0.08           4.300000
   robot        1        383  1->1             1               1 5 -> 7 -> 4 -> 1 -> 3 4 -> 1          4        1              1.0                0.04                4.340000 0.000000          4.340000                 0.25           4.590000
   robot        1        383  1->1             1               1 5 -> 7 -> 4 -> 1 -> 3 1 -> 3          1        3              2.0                0.08                4.670000 0.000000          4.670000                 0.00           4.670000

Customer assignment
 customer_id assigned_mode                           assignment_detail
           1         robot robot 1: 5 -> 7 -> 4 -> 1 -> 3 (truck 1->1)
           2         truck                            truck 1: visit 2
           3         truck                            truck 1: visit 3
           4         robot robot 1: 5 -> 7 -> 4 -> 1 -> 3 (truck 1->1)
           5         truck                            truck 1: visit 5
           6         truck                            truck 1: visit 6
           7         robot robot 1: 5 -> 7 -> 4 -> 1 -> 3 (truck 1->1)

Arrival times
 mode vehicle  node_id                     status arrival_time
truck       1        0                    visited          0.0
truck       1        1                not_visited             
truck       1        2                    visited     4.942222
truck       1        3                    visited         4.67
truck       1        4                not_visited             
truck       1        5                    visited     0.235556
truck       1        6                    visited     0.133333
truck       1        7                not_visited             
truck       1        8                    visited         10.0
truck       2        0               unused_truck             
truck       2        1               unused_truck             
truck       2        2               unused_truck             
truck       2        3               unused_truck             
truck       2        4               unused_truck             
truck       2        5               unused_truck             
truck       2        6               unused_truck             
truck       2        7               unused_truck             
truck       2        8               unused_truck             
truck       3        0               unused_truck             
truck       3        1               unused_truck             
truck       3        2               unused_truck             
truck       3        3               unused_truck             
truck       3        4               unused_truck             
truck       3        5               unused_truck             
truck       3        6               unused_truck             
truck       3        7               unused_truck             
truck       3        8               unused_truck             
drone                0                      depot          0.0
robot                0                      depot          0.0
drone                1 not_served_value_arbitrary          0.0
robot                1                     served         4.34
drone                2 not_served_value_arbitrary          0.0
robot                2 not_served_value_arbitrary          0.0
drone                3 not_served_value_arbitrary          0.0
robot                3 not_served_value_arbitrary          0.0
drone                4 not_served_value_arbitrary          0.0
robot                4                     served         4.22
drone                5 not_served_value_arbitrary          0.0
robot                5 not_served_value_arbitrary          0.0
drone                6 not_served_value_arbitrary          0.0
robot                6 not_served_value_arbitrary          0.0
drone                7 not_served_value_arbitrary          0.0
robot                7                     served     0.275556
drone                8                      depot          0.0
robot                8                      depot          0.0

Positive penalty variables
(none)

Warnings / modeling notes
- Operational constraints are route-completeness constraints, not explicit PDF constraints.
- Flexible docking uses h_launch/h_recover and g_launch/g_recover.
- Big-M used: 10000.0

Excel exported to: results/final_5min/tdrp_7_50_ordered_sorties_github_final_5min_3_10_no_cmax_arrival_status_solution.xlsx
LP file: results/final_5min/tdrp_7_50_ordered_sorties_github_final_5min_3_10_no_cmax_arrival_status_model.lp
Operational notes: results/final_5min/tdrp_7_50_ordered_sorties_github_final_5min_3_10_no_cmax_arrival_status_model_notes.md

