
Operational model information
------------------------------------------------------------
Model: drone_robot_truck_ordered_sorties_first_instance
 - number of variables: 32710
   - binary=32494, integer=0, continuous=216
 - number of constraints: 70702
   - linear=70702
 - parameters:
     parameters.threads = 2
     parameters.timelimit = 300.00000000000000
     parameters.workmem = 4096.00000000000000
     parameters.emphasis.memory = 1
     parameters.mip.strategy.file = 3
 - objective: minimize
 - problem type is: MILP
Truck-only warm start added: True
LP exported to: results/final_5min/tdrp_10_25_ordered_sorties_github_final_5min_3_10_no_cmax_arrival_status_model.lp
Version identifier: 22.1.1.0 | 2022-11-27 | 9160aff4d
CPXPARAM_Read_DataCheck                          1
CPXPARAM_Threads                                 2
CPXPARAM_Emphasis_Memory                         1
CPXPARAM_MIP_Strategy_File                       3
CPXPARAM_TimeLimit                               300
CPXPARAM_WorkMem                                 4096
1 of 1 MIP starts provided solutions.
MIP start 'm1' defined initial solution with objective 479.5000.
Tried aggregator 1 time.
MIP Presolve eliminated 8194 rows and 29 columns.
MIP Presolve modified 6811 coefficients.
Reduced MIP has 62508 rows, 32681 columns, and 280964 nonzeros.
Reduced MIP has 32494 binaries, 0 generals, 0 SOSs, and 0 indicators.
Presolve time = 0.94 sec. (533.24 ticks)
Probing fixed 0 vars, tightened 7 bounds.
Probing time = 0.44 sec. (128.92 ticks)
Tried aggregator 1 time.
Detecting symmetries...
Reduced MIP has 62508 rows, 32681 columns, and 280964 nonzeros.
Reduced MIP has 32494 binaries, 0 generals, 0 SOSs, and 0 indicators.
Presolve time = 1.05 sec. (525.51 ticks)
Probing time = 0.09 sec. (40.10 ticks)
Clique table members: 156145.
MIP emphasis: balance optimality and feasibility.
MIP search method: dynamic search.
Parallel mode: deterministic, using up to 2 threads.
Root relaxation solution time = 5.00 sec. (3133.38 ticks)

        Nodes                                         Cuts/
   Node  Left     Objective  IInf  Best Integer    Best Bound    ItCnt     Gap

*     0+    0                          479.5000        0.0000           100.00%
      0     0      137.3600   152      479.5000      137.3600     3447   71.35%
*     0+    0                          395.6644      137.3600            65.28%
*     0+    0                          329.6200      137.3600            58.33%
*     0+    0                          315.2600      137.3600            56.43%
*     0+    0                          306.5600      137.3600            55.19%
      0     2      175.0600    72      306.5600      137.3600     7739   55.19%
Elapsed time = 49.97 sec. (16321.21 ticks, tree = 0.02 MB, solutions = 5)
      1     3      176.8286    85      306.5600      175.0600    10285   42.90%
      2     4      184.3280    34      306.5600      175.0600    10591   42.90%
*     3+    1                          302.6000      175.0600            42.15%
*     3+    1                          289.2400      175.0600            39.48%
*     3+    1                          267.9400      175.0600            34.66%
*     3+    1                          264.7200      175.0600            33.87%
      3     3      176.2080    75      264.7200      175.0600     8169   33.87%
      6     5      181.2650    30      264.7200      179.4028    12448   32.23%
      7     7      191.4340    26      264.7200      179.4028    17438   32.23%
      8     7      194.9080    20      264.7200      179.4028    18732   32.23%
      9     8      217.5040    26      264.7200      179.4028    20556   32.23%
     10     9      245.4040    26      264.7200      179.4028    21431   32.23%
     12    10      248.3600    21      264.7200      179.4028    22031   32.23%
     14    10      187.0530    58      264.7200      179.4028    25198   32.23%
Elapsed time = 114.34 sec. (32122.32 ticks, tree = 0.11 MB, solutions = 9)
     17    12      212.8720    45      264.7200      179.4028    26713   32.23%
     19    13      233.7780    53      264.7200      179.4028    29162   32.23%
     20     7      233.1404    41      264.7200      179.4028    29088   32.23%
     21    14      253.9220    67      264.7200      179.4028    34494   32.23%
     22    15      233.1404    54      264.7200      179.4028    46684   32.23%
     24    16        cutoff            264.7200      179.4028    53096   32.23%
     25    17      258.7200    19      264.7200      179.4028    55232   32.23%
     28    16      256.4000    21      264.7200      179.4028    52218   32.23%
     31    16      188.2290    39      264.7200      185.4760    58011   29.94%
     34    22      256.4000    38      264.7200      185.4760    53838   29.94%
Elapsed time = 204.06 sec. (55158.15 ticks, tree = 1.25 MB, solutions = 9)
     36    24      256.4435    49      264.7200      185.4760    55880   29.94%
     51    38      257.4769    90      264.7200      185.4760    58790   29.94%
*    52+   37                          258.7600      185.4760            28.32%
     59    18      192.1030    38      258.7600      188.2290    67606   27.26%
     72    50      244.4361    43      258.7600      188.2290    69371   27.26%
     77    52      248.8200    24      258.7600      188.2290    71400   27.26%
     88    57        cutoff            258.7600      188.2290    81549   27.26%
    100    63      253.7120    55      258.7600      188.2290    84555   27.26%
    115    68      252.6230    10      258.7600      188.2290    86891   27.26%
    118    69      205.0265    48      258.7600      188.2290    91190   27.26%
    128    79      207.1000    16      258.7600      188.2290    96706   27.26%
Elapsed time = 269.31 sec. (71850.10 ticks, tree = 1.89 MB, solutions = 10)
    129    42      197.7560    35      258.7600      188.2290    87571   27.26%
    130    80      207.1001    30      258.7600      188.2290   100159   27.26%
    131    84      207.1001    30      258.7600      188.2290   114776   27.26%
    134    86      207.1001    24      258.7600      188.2290   115622   27.26%
    135    72      200.4300    16      258.7600      188.2290   109699   27.26%
    137    88      207.1001    27      258.7600      188.2290   118118   27.26%

Flow cuts applied:  1
Lift and project cuts applied:  1
Gomory fractional cuts applied:  3

Root node processing (before b&c):
  Real time             =   47.89 sec. (15644.18 ticks)
Parallel b&c, 2 threads:
  Real time             =  252.22 sec. (67718.26 ticks)
  Sync time (average)   =   18.77 sec.
  Wait time (average)   =    0.00 sec.
                          ------------
Total (root+branch&cut) =  300.11 sec. (83362.45 ticks)

Operational solve summary
------------------------------------------------------------
Solve status: time limit exceeded
Objective value: 258.76
Runtime seconds: 308.6652

KPI values
Solve Status: time limit exceeded
Objective Value: 258.76
Runtime Seconds: 308.6652074000449
Truck Only Mode: 0
Truck Warm Start: 1
Drones In Model: 10
Robots In Model: 10
Reported Makespan: 9.999999999994543
Objective: 258.76
Operating Cost: 258.76
Route Duration Penalty: 0.0
Route Duration Excess: 0.0
Time Window Penalty: 0.0
Total Penalty: 0.0
Used Trucks: 1.0
truck_variable_cost: 197.2
drone_variable_cost: 2.72
robot_variable_cost: 0.8400000000000001
truck_fixed_cost: 30.0
drone_fixed_cost: 20.0
robot_fixed_cost: 8.0
total_variable_cost: 200.76
total_fixed_cost: 58.0
operating_cost: 258.76
route_duration_penalty: 0.0
time_window_penalty: 0.0
total_penalty: 0.0
objective_value: 258.76

Selected truck route arcs
 truck  i  j  value
     5  0  1    1.0
     5  1  7    1.0
     5  2 11    1.0
     5  3 10    1.0
     5  5  2    1.0
     5  7  3    1.0
     5 10  5    1.0

Reconstructed truck routes
 truck                                  route  arc_count  starts_at_depot  ends_at_end_depot status
     1                                 unused          0            False              False unused
     2                                 unused          0            False              False unused
     3                                 unused          0            False              False unused
     4                                 unused          0            False              False unused
     5 0 -> 1 -> 7 -> 3 -> 10 -> 5 -> 2 -> 11          7             True               True   used
     6                                 unused          0            False              False unused
     7                                 unused          0            False              False unused

Selected drone sorties
 launch_truck  recovery_truck  drone  sortie_id  value_launch  value_recovery truck  i  k sequence sequence_text            route  customer_count  payload  travel_distance  travel_duration_precomputed_hr  cost  truck_launch_time_hr  truck_recovery_time_hr  platform_finish_time_hr  recovery_slack_hr  travel_duration_hr  service_duration_hr  active_duration_hr  elapsed_schedule_time_hr  waiting_time_hr
            5               5      1         36           1.0             1.0  5->5  1  2   (9, 6)           9,6 1 -> 9 -> 6 -> 2               2     5.21             20.0                        0.266667  1.60                   1.0                6.733333                 4.266667           2.466667            0.266667                 0.33            0.596667                  5.733333         2.670000
            5               5      2         34           1.0             1.0  5->5  0 11     (8,)             8     0 -> 8 -> 11               1     1.01             14.0                        0.186667  1.12                   0.0               10.000000                 5.523333           4.476667            0.186667                 0.08            0.266667                 10.000000         5.256667

Selected robot sorties
 launch_truck  recovery_truck  robot  sortie_id  value_launch  value_recovery truck  i  k sequence sequence_text        route  customer_count  payload  travel_distance  travel_duration_precomputed_hr  cost  truck_launch_time_hr  truck_recovery_time_hr  platform_finish_time_hr  recovery_slack_hr  travel_duration_hr  service_duration_hr  active_duration_hr  elapsed_schedule_time_hr  waiting_time_hr
            5               5      1          8           1.0             1.0  5->5  0 10     (4,)             4 0 -> 4 -> 10               1      3.4             14.0                            0.56  0.84                   0.0                     4.9                     4.15               0.75                0.56                 0.25                0.81                       4.9             3.34

Sortie timing audit
platform  vehicle  sortie_id truck  launch_truck  recovery_truck            route     leg  from_node  to_node  travel_distance  travel_duration_hr  arrival_before_wait_hr  wait_hr  service_start_hr  service_duration_hr  service_finish_hr
   drone        1         36  5->5             5               5 1 -> 9 -> 6 -> 2  1 -> 9          1        9              6.0            0.080000                1.080000 2.670000          3.750000                 0.08           3.830000
   drone        1         36  5->5             5               5 1 -> 9 -> 6 -> 2  9 -> 6          9        6              6.0            0.080000                3.910000 0.000000          3.910000                 0.25           4.160000
   drone        1         36  5->5             5               5 1 -> 9 -> 6 -> 2  6 -> 2          6        2              8.0            0.106667                4.266667 0.000000          4.266667                 0.00           4.266667
   drone        2         34  5->5             5               5     0 -> 8 -> 11  0 -> 8          0        8              7.0            0.093333                0.093333 5.256667          5.350000                 0.08           5.430000
   drone        2         34  5->5             5               5     0 -> 8 -> 11 8 -> 11          8       11              7.0            0.093333                5.523333 0.000000          5.523333                 0.00           5.523333
   robot        1          8  5->5             5               5     0 -> 4 -> 10  0 -> 4          0        4              9.0            0.360000                0.360000 3.340000          3.700000                 0.25           3.950000
   robot        1          8  5->5             5               5     0 -> 4 -> 10 4 -> 10          4       10              5.0            0.200000                4.150000 0.000000          4.150000                 0.00           4.150000

Customer assignment
 customer_id assigned_mode                      assignment_detail
           1         truck                       truck 5: visit 1
           2         truck                       truck 5: visit 2
           3         truck                       truck 5: visit 3
           4         robot     robot 1: 0 -> 4 -> 10 (truck 5->5)
           5         truck                       truck 5: visit 5
           6         drone drone 1: 1 -> 9 -> 6 -> 2 (truck 5->5)
           7         truck                       truck 5: visit 7
           8         drone     drone 2: 0 -> 8 -> 11 (truck 5->5)
           9         drone drone 1: 1 -> 9 -> 6 -> 2 (truck 5->5)
          10         truck                      truck 5: visit 10

Arrival times
 mode vehicle  node_id                     status arrival_time
truck       1        0               unused_truck             
truck       1        1               unused_truck             
truck       1        2               unused_truck             
truck       1        3               unused_truck             
truck       1        4               unused_truck             
truck       1        5               unused_truck             
truck       1        6               unused_truck             
truck       1        7               unused_truck             
truck       1        8               unused_truck             
truck       1        9               unused_truck             
truck       1       10               unused_truck             
truck       1       11               unused_truck             
truck       2        0               unused_truck             
truck       2        1               unused_truck             
truck       2        2               unused_truck             
truck       2        3               unused_truck             
truck       2        4               unused_truck             
truck       2        5               unused_truck             
truck       2        6               unused_truck             
truck       2        7               unused_truck             
truck       2        8               unused_truck             
truck       2        9               unused_truck             
truck       2       10               unused_truck             
truck       2       11               unused_truck             
truck       3        0               unused_truck             
truck       3        1               unused_truck             
truck       3        2               unused_truck             
truck       3        3               unused_truck             
truck       3        4               unused_truck             
truck       3        5               unused_truck             
truck       3        6               unused_truck             
truck       3        7               unused_truck             
truck       3        8               unused_truck             
truck       3        9               unused_truck             
truck       3       10               unused_truck             
truck       3       11               unused_truck             
truck       4        0               unused_truck             
truck       4        1               unused_truck             
truck       4        2               unused_truck             
truck       4        3               unused_truck             
truck       4        4               unused_truck             
truck       4        5               unused_truck             
truck       4        6               unused_truck             
truck       4        7               unused_truck             
truck       4        8               unused_truck             
truck       4        9               unused_truck             
truck       4       10               unused_truck             
truck       4       11               unused_truck             
truck       5        0                    visited          0.0
truck       5        1                    visited          1.0
truck       5        2                    visited     6.733333
truck       5        3                    visited     4.227778
truck       5        4                not_visited             
truck       5        5                    visited         6.15
truck       5        6                not_visited             
truck       5        7                    visited          3.8
truck       5        8                not_visited             
truck       5        9                not_visited             
truck       5       10                    visited          4.9
truck       5       11                    visited         10.0
truck       6        0               unused_truck             
truck       6        1               unused_truck             
truck       6        2               unused_truck             
truck       6        3               unused_truck             
truck       6        4               unused_truck             
truck       6        5               unused_truck             
truck       6        6               unused_truck             
truck       6        7               unused_truck             
truck       6        8               unused_truck             
truck       6        9               unused_truck             
truck       6       10               unused_truck             
truck       6       11               unused_truck             
truck       7        0               unused_truck             
truck       7        1               unused_truck             
truck       7        2               unused_truck             
truck       7        3               unused_truck             
truck       7        4               unused_truck             
truck       7        5               unused_truck             
truck       7        6               unused_truck             
truck       7        7               unused_truck             
truck       7        8               unused_truck             
truck       7        9               unused_truck             
truck       7       10               unused_truck             
truck       7       11               unused_truck             
drone                0                      depot          0.0
robot                0                      depot          0.0
drone                1 not_served_value_arbitrary          0.0
robot                1 not_served_value_arbitrary          0.0
drone                2 not_served_value_arbitrary          9.9
robot                2 not_served_value_arbitrary          0.0
drone                3 not_served_value_arbitrary          0.0
robot                3 not_served_value_arbitrary          0.0
drone                4 not_served_value_arbitrary         -0.0
robot                4                     served          3.7
drone                5 not_served_value_arbitrary          0.0
robot                5 not_served_value_arbitrary          0.0
drone                6                     served         3.91
robot                6 not_served_value_arbitrary          5.5
drone                7 not_served_value_arbitrary          0.0
robot                7 not_served_value_arbitrary          0.0
drone                8                     served          7.5
robot                8 not_served_value_arbitrary          0.0
drone                9                     served         3.75
robot                9 not_served_value_arbitrary          6.2
drone               10 not_served_value_arbitrary          0.0
robot               10 not_served_value_arbitrary         7.15
drone               11                      depot          0.0
robot               11                      depot          0.0

Positive penalty variables
(none)

Warnings / modeling notes
- Operational constraints are route-completeness constraints, not explicit PDF constraints.
- Flexible docking uses h_launch/h_recover and g_launch/g_recover.
- Big-M used: 10000.0

Excel exported to: results/final_5min/tdrp_10_25_ordered_sorties_github_final_5min_3_10_no_cmax_arrival_status_solution.xlsx
LP file: results/final_5min/tdrp_10_25_ordered_sorties_github_final_5min_3_10_no_cmax_arrival_status_model.lp
Operational notes: results/final_5min/tdrp_10_25_ordered_sorties_github_final_5min_3_10_no_cmax_arrival_status_model_notes.md

