
Operational model information
------------------------------------------------------------
Model: drone_robot_truck_ordered_sorties_first_instance
 - number of variables: 499016
   - binary=498756, integer=0, continuous=260
 - number of constraints: 1115808
   - linear=1115808
 - parameters:
     parameters.threads = 2
     parameters.timelimit = 1800.00000000000000
     parameters.workmem = 4096.00000000000000
     parameters.emphasis.memory = 1
     parameters.mip.strategy.file = 3
 - objective: minimize
 - problem type is: MILP
Truck-only warm start added: True
LP exported to: results/final_30min\tdrp_11_25_ordered_sorties_github_final_30min_3_10_no_cmax_arrival_status_model.lp
Version identifier: 22.1.1.0 | 2022-11-27 | 9160aff4d
CPXPARAM_Read_DataCheck                          1
CPXPARAM_Threads                                 2
CPXPARAM_Emphasis_Memory                         1
CPXPARAM_MIP_Strategy_File                       3
CPXPARAM_TimeLimit                               1800
CPXPARAM_WorkMem                                 4096
1 of 1 MIP starts provided solutions.
MIP start 'm1' defined initial solution with objective 3208.9778.
Tried aggregator 1 time.
Presolve has eliminated 79706 rows and 26 columns...
Presolve has improved bounds 252 times...
MIP Presolve eliminated 79706 rows and 26 columns.
MIP Presolve modified 42616 coefficients.
Reduced MIP has 1036102 rows, 498990 columns, and 4739707 nonzeros.
Reduced MIP has 498756 binaries, 0 generals, 0 SOSs, and 0 indicators.
Presolve time = 65.55 sec. (46340.65 ticks)
Probing time = 1.45 sec. (518.34 ticks)
Tried aggregator 1 time.
Presolve has eliminated 0 rows and 0 columns...
Presolve time = 27.41 sec. (16768.37 ticks)
Warning: MIP starts not constructed because of out-of-memory status.

Root node processing (before b&c):
  Real time             =  101.09 sec. (65220.84 ticks)
Parallel b&c, 2 threads:
  Real time             =    0.00 sec. (0.00 ticks)
  Sync time (average)   =    0.00 sec.
  Wait time (average)   =    0.00 sec.
                          ------------
Total (root+branch&cut) =  101.09 sec. (65220.84 ticks)
CPLEX Error  1001: Out of memory.

Operational solve summary
------------------------------------------------------------
Solve status: CPLEX Error  1001: Out of memory.
Objective value: nan
Runtime seconds: 189.7265

KPI values
Solve Status: CPLEX Error  1001: Out of memory.
Objective Value: nan
Runtime Seconds: 189.7265443999786
Truck Only Mode: 0
Truck Warm Start: 1
Drones In Model: 11
Robots In Model: 11
Reported Makespan: 0.0
Objective: 0.0
Operating Cost: 0.0
Route Duration Penalty: 0.0
Route Duration Excess: 0.0
Time Window Penalty: 0.0
Total Penalty: 0.0
Used Trucks: 0.0
truck_variable_cost: 0.0
drone_variable_cost: 0.0
robot_variable_cost: 0.0
truck_fixed_cost: 0.0
drone_fixed_cost: 0.0
robot_fixed_cost: 0.0
total_variable_cost: 0.0
total_fixed_cost: 0.0
operating_cost: 0.0
route_duration_penalty: 0.0
time_window_penalty: 0.0
total_penalty: 0.0
objective_value: 0.0

Selected truck route arcs
(none)

Reconstructed truck routes
 truck  route  arc_count  starts_at_depot  ends_at_end_depot status
     1 unused          0            False              False unused
     2 unused          0            False              False unused
     3 unused          0            False              False unused
     4 unused          0            False              False unused
     5 unused          0            False              False unused
     6 unused          0            False              False unused
     7 unused          0            False              False unused
     8 unused          0            False              False unused

Selected drone sorties
(none)

Selected robot sorties
(none)

Sortie timing audit
platform vehicle sortie_id truck launch_truck recovery_truck route leg  travel_duration_hr  arrival_before_wait_hr  wait_hr  service_start_hr  service_duration_hr  service_finish_hr
  (none)                                                                               0.0                     0.0      0.0               0.0                  0.0                0.0

Customer assignment
 customer_id assigned_mode assignment_detail
           1    unassigned                  
           2    unassigned                  
           3    unassigned                  
           4    unassigned                  
           5    unassigned                  
           6    unassigned                  
           7    unassigned                  
           8    unassigned                  
           9    unassigned                  
          10    unassigned                  
          11    unassigned                  

Arrival times
 mode vehicle  node_id                     status arrival_time
truck       1        0               unused_truck             
truck       1        1               unused_truck             
truck       1        2               unused_truck             
truck       1        3               unused_truck             
truck       1        4               unused_truck             
truck       1        5               unused_truck             
truck       1        6               unused_truck             
truck       1        7               unused_truck             
truck       1        8               unused_truck             
truck       1        9               unused_truck             
truck       1       10               unused_truck             
truck       1       11               unused_truck             
truck       1       12               unused_truck             
truck       2        0               unused_truck             
truck       2        1               unused_truck             
truck       2        2               unused_truck             
truck       2        3               unused_truck             
truck       2        4               unused_truck             
truck       2        5               unused_truck             
truck       2        6               unused_truck             
truck       2        7               unused_truck             
truck       2        8               unused_truck             
truck       2        9               unused_truck             
truck       2       10               unused_truck             
truck       2       11               unused_truck             
truck       2       12               unused_truck             
truck       3        0               unused_truck             
truck       3        1               unused_truck             
truck       3        2               unused_truck             
truck       3        3               unused_truck             
truck       3        4               unused_truck             
truck       3        5               unused_truck             
truck       3        6               unused_truck             
truck       3        7               unused_truck             
truck       3        8               unused_truck             
truck       3        9               unused_truck             
truck       3       10               unused_truck             
truck       3       11               unused_truck             
truck       3       12               unused_truck             
truck       4        0               unused_truck             
truck       4        1               unused_truck             
truck       4        2               unused_truck             
truck       4        3               unused_truck             
truck       4        4               unused_truck             
truck       4        5               unused_truck             
truck       4        6               unused_truck             
truck       4        7               unused_truck             
truck       4        8               unused_truck             
truck       4        9               unused_truck             
truck       4       10               unused_truck             
truck       4       11               unused_truck             
truck       4       12               unused_truck             
truck       5        0               unused_truck             
truck       5        1               unused_truck             
truck       5        2               unused_truck             
truck       5        3               unused_truck             
truck       5        4               unused_truck             
truck       5        5               unused_truck             
truck       5        6               unused_truck             
truck       5        7               unused_truck             
truck       5        8               unused_truck             
truck       5        9               unused_truck             
truck       5       10               unused_truck             
truck       5       11               unused_truck             
truck       5       12               unused_truck             
truck       6        0               unused_truck             
truck       6        1               unused_truck             
truck       6        2               unused_truck             
truck       6        3               unused_truck             
truck       6        4               unused_truck             
truck       6        5               unused_truck             
truck       6        6               unused_truck             
truck       6        7               unused_truck             
truck       6        8               unused_truck             
truck       6        9               unused_truck             
truck       6       10               unused_truck             
truck       6       11               unused_truck             
truck       6       12               unused_truck             
truck       7        0               unused_truck             
truck       7        1               unused_truck             
truck       7        2               unused_truck             
truck       7        3               unused_truck             
truck       7        4               unused_truck             
truck       7        5               unused_truck             
truck       7        6               unused_truck             
truck       7        7               unused_truck             
truck       7        8               unused_truck             
truck       7        9               unused_truck             
truck       7       10               unused_truck             
truck       7       11               unused_truck             
truck       7       12               unused_truck             
truck       8        0               unused_truck             
truck       8        1               unused_truck             
truck       8        2               unused_truck             
truck       8        3               unused_truck             
truck       8        4               unused_truck             
truck       8        5               unused_truck             
truck       8        6               unused_truck             
truck       8        7               unused_truck             
truck       8        8               unused_truck             
truck       8        9               unused_truck             
truck       8       10               unused_truck             
truck       8       11               unused_truck             
truck       8       12               unused_truck             
drone                0                      depot          0.0
robot                0                      depot          0.0
drone                1 not_served_value_arbitrary          0.0
robot                1 not_served_value_arbitrary          0.0
drone                2 not_served_value_arbitrary          0.0
robot                2 not_served_value_arbitrary          0.0
drone                3 not_served_value_arbitrary          0.0
robot                3 not_served_value_arbitrary          0.0
drone                4 not_served_value_arbitrary          0.0
robot                4 not_served_value_arbitrary          0.0
drone                5 not_served_value_arbitrary          0.0
robot                5 not_served_value_arbitrary          0.0
drone                6 not_served_value_arbitrary          0.0
robot                6 not_served_value_arbitrary          0.0
drone                7 not_served_value_arbitrary          0.0
robot                7 not_served_value_arbitrary          0.0
drone                8 not_served_value_arbitrary          0.0
robot                8 not_served_value_arbitrary          0.0
drone                9 not_served_value_arbitrary          0.0
robot                9 not_served_value_arbitrary          0.0
drone               10 not_served_value_arbitrary          0.0
robot               10 not_served_value_arbitrary          0.0
drone               11 not_served_value_arbitrary          0.0
robot               11 not_served_value_arbitrary          0.0
drone               12                      depot          0.0
robot               12                      depot          0.0

Positive penalty variables
(none)

Warnings / modeling notes
- Operational constraints are route-completeness constraints, not explicit PDF constraints.
- Flexible docking uses h_launch/h_recover and g_launch/g_recover.
- Big-M used: 10000.0

Excel exported to: results/final_30min\tdrp_11_25_ordered_sorties_github_final_30min_3_10_no_cmax_arrival_status_solution.xlsx
LP file: results/final_30min\tdrp_11_25_ordered_sorties_github_final_30min_3_10_no_cmax_arrival_status_model.lp
Operational notes: results/final_30min\tdrp_11_25_ordered_sorties_github_final_30min_3_10_no_cmax_arrival_status_model_notes.md
Infeasibility notes: results/final_30min\tdrp_11_25_ordered_sorties_github_final_30min_3_10_no_cmax_arrival_status_infeasibility_notes.md

