
Operational model information
------------------------------------------------------------
Model: drone_robot_truck_ordered_sorties_first_instance
 - number of variables: 49190
   - binary=49005, integer=0, continuous=185
 - number of constraints: 109078
   - linear=109078
 - parameters:
     parameters.threads = 2
     parameters.timelimit = 1800.00000000000000
     parameters.workmem = 4096.00000000000000
     parameters.emphasis.memory = 1
     parameters.mip.strategy.file = 3
 - objective: minimize
 - problem type is: MILP
Truck-only warm start added: True
LP exported to: results/final_30min\tdrp_11_50_ordered_sorties_github_final_30min_3_10_no_cmax_arrival_status_model.lp
Version identifier: 22.1.1.0 | 2022-11-27 | 9160aff4d
CPXPARAM_Read_DataCheck                          1
CPXPARAM_Threads                                 2
CPXPARAM_Emphasis_Memory                         1
CPXPARAM_MIP_Strategy_File                       3
CPXPARAM_TimeLimit                               1800
CPXPARAM_WorkMem                                 4096
1 of 1 MIP starts provided solutions.
MIP start 'm1' defined initial solution with objective 508.5000.
Tried aggregator 1 time.
MIP Presolve eliminated 14021 rows and 21 columns.
MIP Presolve modified 9490 coefficients.
Reduced MIP has 95057 rows, 49169 columns, and 428854 nonzeros.
Reduced MIP has 49005 binaries, 0 generals, 0 SOSs, and 0 indicators.
Presolve time = 1.08 sec. (1242.09 ticks)
Probing fixed 0 vars, tightened 5 bounds.
Probing time = 0.19 sec. (180.31 ticks)
Tried aggregator 1 time.
Detecting symmetries...
Reduced MIP has 95057 rows, 49169 columns, and 428854 nonzeros.
Reduced MIP has 49005 binaries, 0 generals, 0 SOSs, and 0 indicators.
Presolve time = 1.11 sec. (1153.85 ticks)
Probing time = 0.05 sec. (54.22 ticks)
Clique table members: 238290.
MIP emphasis: balance optimality and feasibility.
MIP search method: dynamic search.
Parallel mode: deterministic, using up to 2 threads.
Root relaxation solution time = 66.56 sec. (96988.23 ticks)

        Nodes                                         Cuts/
   Node  Left     Objective  IInf  Best Integer    Best Bound    ItCnt     Gap

*     0+    0                          508.5000        0.0000           100.00%
      0     0      147.0800   148      508.5000      147.0800    31300   71.08%
*     0+    0                          293.8400      147.0800            49.95%
      0     0      147.0800   122      293.8400      Cuts: 31    39603   49.95%
      0     0      166.0838   168      293.8400      Cuts: 30   130217   43.48%
      0     0      166.7899   217      293.8400      Cuts: 21   210168   43.24%
*     0+    0                          293.2800      166.7899            43.13%
      0     0      168.0830   184      293.2800      Cuts: 22   272531   42.69%

Cover cuts applied:  1
Implied bound cuts applied:  14
Flow cuts applied:  5
Mixed integer rounding cuts applied:  20
Zero-half cuts applied:  3
Gomory fractional cuts applied:  3

Root node processing (before b&c):
  Real time             = 1800.20 sec. (1097687.90 ticks)
Parallel b&c, 2 threads:
  Real time             =    0.00 sec. (0.00 ticks)
  Sync time (average)   =    0.00 sec.
  Wait time (average)   =    0.00 sec.
                          ------------
Total (root+branch&cut) = 1800.20 sec. (1097687.90 ticks)

Operational solve summary
------------------------------------------------------------
Solve status: time limit exceeded
Objective value: 293.28000000000003
Runtime seconds: 1808.2714

KPI values
Solve Status: time limit exceeded
Objective Value: 293.28000000000003
Runtime Seconds: 1808.271406099957
Truck Only Mode: 0
Truck Warm Start: 1
Drones In Model: 10
Robots In Model: 10
Reported Makespan: 9.999999999994543
Objective: 293.28000000000003
Operating Cost: 293.28000000000003
Route Duration Penalty: 0.0
Route Duration Excess: 0.0
Time Window Penalty: 0.0
Total Penalty: 0.0
Used Trucks: 1.0
truck_variable_cost: 232.0
drone_variable_cost: 2.56
robot_variable_cost: 0.72
truck_fixed_cost: 30.0
drone_fixed_cost: 20.0
robot_fixed_cost: 8.0
total_variable_cost: 235.28
total_fixed_cost: 58.0
operating_cost: 293.28000000000003
route_duration_penalty: 0.0
time_window_penalty: 0.0
total_penalty: 0.0
objective_value: 293.28000000000003

Selected truck route arcs
 truck  i  j  value
     1  0  9    1.0
     1  1  4    1.0
     1  3  6    1.0
     1  4  3    1.0
     1  6 10    1.0
     1  9 11    1.0
     1 10 12    1.0
     1 11  1    1.0

Reconstructed truck routes
 truck                                        route  arc_count  starts_at_depot  ends_at_end_depot status
     1 0 -> 9 -> 11 -> 1 -> 4 -> 3 -> 6 -> 10 -> 12          8             True               True   used
     2                                       unused          0            False              False unused
     3                                       unused          0            False              False unused
     4                                       unused          0            False              False unused
     5                                       unused          0            False              False unused

Selected drone sorties
 launch_truck  recovery_truck  drone  sortie_id  value_launch  value_recovery truck  i  k sequence sequence_text            route  customer_count  payload  travel_distance  travel_duration_precomputed_hr  cost  truck_launch_time_hr  truck_recovery_time_hr  platform_finish_time_hr  recovery_slack_hr  travel_duration_hr  service_duration_hr  active_duration_hr  elapsed_schedule_time_hr  waiting_time_hr
            1               1      1         75           1.0             1.0  1->1  1  6   (7, 2)           7,2 1 -> 7 -> 2 -> 6               2    18.20             20.0                        0.266667  1.60                  3.91                    6.15                 4.506667       1.643333e+00            0.266667                 0.33            0.596667                      2.24             0.00
            1               1      2        245           1.0             1.0  1->1  9  1     (8,)             8      9 -> 8 -> 1               1     2.31             12.0                        0.160000  0.96                  3.05                    3.91                 3.910000      -1.456613e-13            0.160000                 0.08            0.240000                      0.86             0.62

Selected robot sorties
 launch_truck  recovery_truck  robot  sortie_id  value_launch  value_recovery truck  i  k sequence sequence_text         route  customer_count  payload  travel_distance  travel_duration_precomputed_hr  cost  truck_launch_time_hr  truck_recovery_time_hr  platform_finish_time_hr  recovery_slack_hr  travel_duration_hr  service_duration_hr  active_duration_hr  elapsed_schedule_time_hr  waiting_time_hr
            1               1      1         96           1.0             1.0  1->1 11 12     (5,)             5 11 -> 5 -> 12               1     3.64             12.0                            0.48  0.72              3.241111                    10.0                     5.88               4.12                0.48                 0.25                0.73                  6.758889         1.908889

Sortie timing audit
platform  vehicle  sortie_id truck  launch_truck  recovery_truck            route     leg  from_node  to_node  travel_distance  travel_duration_hr  arrival_before_wait_hr  wait_hr  service_start_hr  service_duration_hr  service_finish_hr
   drone        1         75  1->1             1               1 1 -> 7 -> 2 -> 6  1 -> 7          1        7              4.0            0.053333                3.963333 0.000000          3.963333                 0.08           4.043333
   drone        1         75  1->1             1               1 1 -> 7 -> 2 -> 6  7 -> 2          7        2              8.0            0.106667                4.150000 0.000000          4.150000                 0.25           4.400000
   drone        1         75  1->1             1               1 1 -> 7 -> 2 -> 6  2 -> 6          2        6              8.0            0.106667                4.506667 0.000000          4.506667                 0.00           4.506667
   drone        2        245  1->1             1               1      9 -> 8 -> 1  9 -> 8          9        8              6.0            0.080000                3.130000 0.620000          3.750000                 0.08           3.830000
   drone        2        245  1->1             1               1      9 -> 8 -> 1  8 -> 1          8        1              6.0            0.080000                3.910000 0.000000          3.910000                 0.00           3.910000
   robot        1         96  1->1             1               1    11 -> 5 -> 12 11 -> 5         11        5              5.0            0.200000                3.441111 1.908889          5.350000                 0.25           5.600000
   robot        1         96  1->1             1               1    11 -> 5 -> 12 5 -> 12          5       12              7.0            0.280000                5.880000 0.000000          5.880000                 0.00           5.880000

Customer assignment
 customer_id assigned_mode                      assignment_detail
           1         truck                       truck 1: visit 1
           2         drone drone 1: 1 -> 7 -> 2 -> 6 (truck 1->1)
           3         truck                       truck 1: visit 3
           4         truck                       truck 1: visit 4
           5         robot    robot 1: 11 -> 5 -> 12 (truck 1->1)
           6         truck                       truck 1: visit 6
           7         drone drone 1: 1 -> 7 -> 2 -> 6 (truck 1->1)
           8         drone      drone 2: 9 -> 8 -> 1 (truck 1->1)
           9         truck                       truck 1: visit 9
          10         truck                      truck 1: visit 10
          11         truck                      truck 1: visit 11

Arrival times
 mode vehicle  node_id                     status arrival_time
truck       1        0                    visited          0.0
truck       1        1                    visited         3.91
truck       1        2                not_visited             
truck       1        3                    visited     5.261111
truck       1        4                    visited          4.9
truck       1        5                not_visited             
truck       1        6                    visited         6.15
truck       1        7                not_visited             
truck       1        8                not_visited             
truck       1        9                    visited         3.05
truck       1       10                    visited         6.65
truck       1       11                    visited     3.241111
truck       1       12                    visited         10.0
truck       2        0               unused_truck             
truck       2        1               unused_truck             
truck       2        2               unused_truck             
truck       2        3               unused_truck             
truck       2        4               unused_truck             
truck       2        5               unused_truck             
truck       2        6               unused_truck             
truck       2        7               unused_truck             
truck       2        8               unused_truck             
truck       2        9               unused_truck             
truck       2       10               unused_truck             
truck       2       11               unused_truck             
truck       2       12               unused_truck             
truck       3        0               unused_truck             
truck       3        1               unused_truck             
truck       3        2               unused_truck             
truck       3        3               unused_truck             
truck       3        4               unused_truck             
truck       3        5               unused_truck             
truck       3        6               unused_truck             
truck       3        7               unused_truck             
truck       3        8               unused_truck             
truck       3        9               unused_truck             
truck       3       10               unused_truck             
truck       3       11               unused_truck             
truck       3       12               unused_truck             
truck       4        0               unused_truck             
truck       4        1               unused_truck             
truck       4        2               unused_truck             
truck       4        3               unused_truck             
truck       4        4               unused_truck             
truck       4        5               unused_truck             
truck       4        6               unused_truck             
truck       4        7               unused_truck             
truck       4        8               unused_truck             
truck       4        9               unused_truck             
truck       4       10               unused_truck             
truck       4       11               unused_truck             
truck       4       12               unused_truck             
truck       5        0               unused_truck             
truck       5        1               unused_truck             
truck       5        2               unused_truck             
truck       5        3               unused_truck             
truck       5        4               unused_truck             
truck       5        5               unused_truck             
truck       5        6               unused_truck             
truck       5        7               unused_truck             
truck       5        8               unused_truck             
truck       5        9               unused_truck             
truck       5       10               unused_truck             
truck       5       11               unused_truck             
truck       5       12               unused_truck             
drone                0                      depot          0.0
robot                0                      depot          0.0
drone                1 not_served_value_arbitrary          0.0
robot                1 not_served_value_arbitrary          0.0
drone                2                     served         4.15
robot                2 not_served_value_arbitrary          0.0
drone                3 not_served_value_arbitrary          0.0
robot                3 not_served_value_arbitrary          0.0
drone                4 not_served_value_arbitrary         -0.0
robot                4 not_served_value_arbitrary          0.0
drone                5 not_served_value_arbitrary          0.0
robot                5                     served         5.35
drone                6 not_served_value_arbitrary          0.0
robot                6 not_served_value_arbitrary          0.0
drone                7                     served     3.963333
robot                7 not_served_value_arbitrary          0.0
drone                8                     served         3.75
robot                8 not_served_value_arbitrary          0.0
drone                9 not_served_value_arbitrary          0.0
robot                9 not_served_value_arbitrary          0.0
drone               10 not_served_value_arbitrary          0.0
robot               10 not_served_value_arbitrary          0.0
drone               11 not_served_value_arbitrary          0.0
robot               11 not_served_value_arbitrary          0.0
drone               12                      depot          0.0
robot               12                      depot          0.0

Positive penalty variables
(none)

Warnings / modeling notes
- Operational constraints are route-completeness constraints, not explicit PDF constraints.
- Flexible docking uses h_launch/h_recover and g_launch/g_recover.
- Big-M used: 10000.0

Excel exported to: results/final_30min\tdrp_11_50_ordered_sorties_github_final_30min_3_10_no_cmax_arrival_status_solution.xlsx
LP file: results/final_30min\tdrp_11_50_ordered_sorties_github_final_30min_3_10_no_cmax_arrival_status_model.lp
Operational notes: results/final_30min\tdrp_11_50_ordered_sorties_github_final_30min_3_10_no_cmax_arrival_status_model_notes.md

