
Operational model information
------------------------------------------------------------
Model: drone_robot_truck_ordered_sorties_first_instance
 - number of variables: 19140
   - binary=18970, integer=0, continuous=170
 - number of constraints: 42390
   - linear=42390
 - parameters:
     parameters.threads = 2
     parameters.timelimit = 1800.00000000000000
     parameters.workmem = 4096.00000000000000
     parameters.emphasis.memory = 1
     parameters.mip.strategy.file = 3
 - objective: minimize
 - problem type is: MILP
Truck-only warm start added: True
LP exported to: results/final_30min\tdrp_10_50_ordered_sorties_github_final_30min_3_10_no_cmax_arrival_status_model.lp
Version identifier: 22.1.1.0 | 2022-11-27 | 9160aff4d
CPXPARAM_Read_DataCheck                          1
CPXPARAM_Threads                                 2
CPXPARAM_Emphasis_Memory                         1
CPXPARAM_MIP_Strategy_File                       3
CPXPARAM_TimeLimit                               1800
CPXPARAM_WorkMem                                 4096
1 of 1 MIP starts provided solutions.
MIP start 'm1' defined initial solution with objective 436.0000.
Tried aggregator 1 time.
MIP Presolve eliminated 5431 rows and 29 columns.
MIP Presolve modified 3180 coefficients.
Reduced MIP has 36959 rows, 19111 columns, and 163019 nonzeros.
Reduced MIP has 18970 binaries, 0 generals, 0 SOSs, and 0 indicators.
Presolve time = 0.30 sec. (323.35 ticks)
Probing fixed 0 vars, tightened 5 bounds.
Probing time = 0.11 sec. (82.15 ticks)
Tried aggregator 1 time.
Detecting symmetries...
Reduced MIP has 36959 rows, 19111 columns, and 163019 nonzeros.
Reduced MIP has 18970 binaries, 0 generals, 0 SOSs, and 0 indicators.
Presolve time = 0.33 sec. (267.80 ticks)
Probing time = 0.03 sec. (21.82 ticks)
Clique table members: 91081.
MIP emphasis: balance optimality and feasibility.
MIP search method: dynamic search.
Parallel mode: deterministic, using up to 2 threads.
Root relaxation solution time = 2.20 sec. (3377.16 ticks)

        Nodes                                         Cuts/
   Node  Left     Objective  IInf  Best Integer    Best Bound    ItCnt     Gap

*     0+    0                          436.0000        0.0000           100.00%
      0     0      144.2040   142      436.0000      144.2040     3798   66.93%
*     0+    0                          238.5600      144.2040            39.55%
      0     0      166.1800    97      238.5600     Cuts: 615     6024   30.34%
      0     0      166.1800    74      238.5600     Cuts: 847     9137   30.34%
      0     0      166.1800    53      238.5600     Cuts: 838    11472   30.34%
      0     0      166.1800    64      238.5600      Cuts: 16    13133   30.34%
      0     0      166.1800    56      238.5600       Cuts: 8    13328   30.34%
      0     0      176.2160    53      238.5600     Cuts: 467    13518   26.13%
      0     0      181.0133    54      238.5600     Cuts: 362    13564   24.12%
      0     0      189.8800    48      238.5600      Cuts: 10    13622   20.41%
      0     0      190.7570    75      238.5600      Cuts: 29    13700   20.04%
      0     0      191.2983    66      238.5600      Cuts: 30    13775   19.81%
      0     0      191.4130    83      238.5600      Cuts: 20    13842   19.76%
      0     0      191.4130    97      238.5600      Cuts: 15    13886   19.76%
      0     2      191.4130    86      238.5600      191.4130    13886   19.76%
Elapsed time = 34.50 sec. (26895.82 ticks, tree = 0.02 MB, solutions = 2)
      3     5      206.1570    60      238.5600      191.4130    14415   19.76%
     13    11      198.0600    40      238.5600      191.4130    15097   19.76%
     20    15      199.1300    55      238.5600      195.7214    15664   17.96%
     25    17      206.9875    52      238.5600      198.0600    16598   16.98%
     36    27      205.7340    28      238.5600      198.0600    18249   16.98%
     46    30      202.0306    55      238.5600      198.3640    18765   16.85%
     50    37      222.1691    16      238.5600      198.6364    19724   16.74%
     57    39      199.1300    58      238.5600      198.6364    19817   16.74%
     68    42      215.3971    82      238.5600      198.6364    22509   16.74%
     88    70      200.1128   121      238.5600      198.6364    23917   16.74%
Elapsed time = 39.58 sec. (30879.11 ticks, tree = 0.61 MB, solutions = 2)
    110    77        cutoff            238.5600      198.6364    26377   16.74%
    120    87      217.4250    74      238.5600      198.6364    28090   16.74%
    191   146      230.5349    72      238.5600      198.6364    29046   16.74%
    215   154      205.0500    35      238.5600      199.2560    30127   16.48%
    226   156        cutoff            238.5600      199.6600    34251   16.31%
    245   169        cutoff            238.5600      199.6600    36582   16.31%
    262   171        cutoff            238.5600      199.6600    41440   16.31%
    285   185        cutoff            238.5600      199.6600    42798   16.31%
    319   196        cutoff            238.5600      200.1128    47277   16.12%
    365   209        cutoff            238.5600      201.8480    49840   15.39%
Elapsed time = 54.03 sec. (41011.28 ticks, tree = 10.95 MB, solutions = 2)
    445   268      212.1547   138      238.5600      202.7360    52521   15.02%
    499   331      215.6980    79      238.5600      203.7700    55478   14.58%
    558   340      222.6455    55      238.5600      203.7700    56852   14.58%
    617   414      215.5414    50      238.5600      203.9600    59724   14.50%
    697   419      221.9240    40      238.5600      204.5280    61566   14.27%
    746   499        cutoff            238.5600      205.0821    65031   14.03%
    808   531      224.5350    42      238.5600      205.0821    66449   14.03%
    866   544      234.4520    39      238.5600      205.6414    68820   13.80%
    928   615      225.6360    24      238.5600      205.9031    71183   13.69%
   1060   735      222.4163    40      238.5600      205.9031    72281   13.69%
Elapsed time = 68.84 sec. (51173.40 ticks, tree = 87.85 MB, solutions = 2)
   1148   819      227.1836    97      238.5600      206.5740    74078   13.41%
*  1242+  888                          229.8600      206.5740            10.13%
   1247   893      215.2065    63      229.8600      206.5740    74724   10.13%
   1354   847      216.1970    21      229.8600      206.5740    76285   10.13%
   1458   920      207.1080    25      229.8600      206.8040    77863   10.03%
   1516   935      217.1400    41      229.8600      206.8040    78841   10.03%
   1625  1038      217.8805    36      229.8600      208.0700    80175    9.48%
   1661  1015      219.5152    53      229.8600      208.0700    81819    9.48%

Performing restart 1

Repeating presolve.
Tried aggregator 3 times.
MIP Presolve eliminated 1838 rows and 147 columns.
MIP Presolve modified 16677 coefficients.
Aggregator did 2 substitutions.
Reduced MIP has 35119 rows, 18962 columns, and 155406 nonzeros.
Reduced MIP has 18823 binaries, 0 generals, 0 SOSs, and 0 indicators.
Presolve time = 0.30 sec. (296.36 ticks)
Tried aggregator 1 time.
MIP Presolve modified 13923 coefficients.
Reduced MIP has 35119 rows, 18962 columns, and 155406 nonzeros.
Reduced MIP has 18823 binaries, 0 generals, 0 SOSs, and 0 indicators.
Presolve time = 0.28 sec. (258.08 ticks)
Represolve time = 1.00 sec. (805.98 ticks)
   1662     0      194.6746    74      229.8600      Cuts: 40    83341    9.48%
   1662     0      197.0705    69      229.8600      Cuts: 57    83458    9.48%
   1662     0      197.9440    75      229.8600      Cuts: 53    84956    9.48%
   1662     0      198.5211    33      229.8600      Cuts: 32    85062    9.48%
   1662     0      198.5389    51      229.8600     Cuts: 178    85524    9.48%
   1662     0      198.5389    57      229.8600     Cuts: 176    86262    9.48%
   1662     0      198.5389    57      229.8600      Cuts: 17    86319    9.48%
   1662     2      198.5389    57      229.8600      208.0700    86319    9.48%
   1663     3      204.9990    41      229.8600      208.0700    86463    9.48%
   1666     3      199.4518    92      229.8600      208.0700    88512    9.48%
Elapsed time = 109.92 sec. (81213.07 ticks, tree = 0.02 MB, solutions = 3)
   1668     6      215.4864    53      229.8600      208.0700    90782    9.48%
   1670     8      215.9718    38      229.8600      208.0700    91640    9.48%
   1677     5      199.9259    51      229.8600      208.0700    93081    9.48%
   1679     9      218.3600    51      229.8600      208.0700    97718    9.48%
   1682    10      219.3938    59      229.8600      208.0700    99121    9.48%
   1685    11      219.9700    49      229.8600      208.0700    99870    9.48%
   1695    10        cutoff            229.8600      208.0700   100440    9.48%
   1697     9      222.8945    39      229.8600      208.0700   101164    9.48%
   1698     9      229.2940    81      229.8600      208.0700   102200    9.48%
   1700     8        cutoff            229.8600      208.0700   102779    9.48%
Elapsed time = 141.02 sec. (97230.96 ticks, tree = 0.06 MB, solutions = 3)
   1701     9      218.2300    63      229.8600      208.0700   103596    9.48%
   1713    14      219.4040    36      229.8600      208.0700   105174    9.48%
   1733    10      200.2748   128      229.8600      208.0700   107394    9.48%
   1734     6      216.3457    37      229.8600      208.0700   120407    9.48%
   1736     8      222.0872   119      229.8600      208.0700   122099    9.48%
   1737     7      200.5976   162      229.8600      208.0700   123913    9.48%
   1742    10      228.5400    81      229.8600      208.0700   129913    9.48%
   1746     9      200.6248    95      229.8600      208.0700   127253    9.48%
   1747    10      200.6321   143      229.8600      208.0700   129952    9.48%
   1748    10      218.4121   118      229.8600      208.0700   135914    9.48%
Elapsed time = 182.25 sec. (122540.53 ticks, tree = 0.07 MB, solutions = 3)
   1749    12      200.6528   145      229.8600      208.0700   136319    9.48%
   1750    13      217.4312   122      229.8600      208.0700   146694    9.48%
   1751    13      219.3185    78      229.8600      208.0700   147630    9.48%
   1753    12      229.3925   210      229.8600      208.0700   145445    9.48%
   1755    14      220.1760    78      229.8600      208.0700   149255    9.48%
   1756    13        cutoff            229.8600      208.0700   154403    9.48%
   1757    13      202.5304    62      229.8600      208.0700   155744    9.48%
   1761    14      217.0840    45      229.8600      208.0700   160803    9.48%
   1767    15      201.6708    93      229.8600      208.0700   162236    9.48%
   1770    18      203.3330    91      229.8600      208.0700   165399    9.48%
Elapsed time = 270.56 sec. (170978.51 ticks, tree = 0.16 MB, solutions = 3)
   1773    21      204.7338    64      229.8600      208.0700   166689    9.48%
   1775    23      204.9708    54      229.8600      208.0700   167916    9.48%
   1780    28      210.6496    93      229.8600      208.0700   169557    9.48%
   1781    29      213.4800    50      229.8600      208.0700   169796    9.48%
   1786    31      218.9753    65      229.8600      208.0700   170085    9.48%
   1798    13      224.3096    30      229.8600      208.0700   156434    9.48%
   1800    31      225.8015    27      229.8600      208.0700   173448    9.48%
   1805    35      206.9576   160      229.8600      208.0700   174988    9.48%
   1806    36      207.3528   163      229.8600      208.0700   175222    9.48%
   1815    33      229.5508    77      229.8600      208.0700   177906    9.48%
Elapsed time = 299.66 sec. (190606.94 ticks, tree = 0.25 MB, solutions = 3)
   1821    42      211.2921    70      229.8600      208.0700   178269    9.48%
   1826    46      215.1981    87      229.8600      208.0700   179145    9.48%
   1832    33      224.5921    62      229.8600      208.0700   181155    9.48%
   1837    31      223.3850    44      229.8600      208.0700   183241    9.48%
   1847    52      205.3600    60      229.8600      208.0700   185495    9.48%
   1851    56      218.3693    39      229.8600      208.0700   187670    9.48%
   1859    56      224.7740    93      229.8600      208.0700   189291    9.48%
   1865    56      228.0800    43      229.8600      208.0700   190861    9.48%
   1876    58      222.3200    20      229.8600      208.0700   192793    9.48%
   1882    57      220.0560    33      229.8600      208.0700   206169    9.48%
Elapsed time = 317.97 sec. (202883.36 ticks, tree = 0.60 MB, solutions = 3)
   1885    56      225.3902    94      229.8600      208.0700   208861    9.48%
   1887    56      228.9650   105      229.8600      208.0700   211989    9.48%
   1897    54        cutoff            229.8600      208.0700   225384    9.48%
   1899    54      227.3561    82      229.8600      208.0700   227130    9.48%
   1911    62      228.5400    26      229.8600      208.0700   221060    9.48%
   1922    64      216.9253    25      229.8600      208.0700   223646    9.48%
   1934    64      223.6363    92      229.8600      208.0700   229817    9.48%
   1947    60      228.4960    46      229.8600      208.0700   231243    9.48%
   1955    61      222.6360    38      229.8600      208.0700   234247    9.48%
   1985    59        cutoff            229.8600      208.0700   238496    9.48%
Elapsed time = 347.45 sec. (219157.24 ticks, tree = 0.56 MB, solutions = 3)
   1999    59      220.1972   145      229.8600      212.7880   242462    7.43%
   2000    69      215.8176    28      229.8600      212.7880   247374    7.43%
   2039    72        cutoff            229.8600      212.7880   253898    7.43%
   2070    53        cutoff            229.8600      212.7880   260020    7.43%
   2162    13      226.5920    23      229.8600      221.5147   278208    3.63%

GUB cover cuts applied:  3
Clique cuts applied:  1
Cover cuts applied:  9
Implied bound cuts applied:  27
Flow cuts applied:  23
Mixed integer rounding cuts applied:  10
Zero-half cuts applied:  4
Lift and project cuts applied:  11
Gomory fractional cuts applied:  6

Root node processing (before b&c):
  Real time             =   33.41 sec. (26067.18 ticks)
Parallel b&c, 2 threads:
  Real time             =  357.47 sec. (224573.26 ticks)
  Sync time (average)   =   19.97 sec.
  Wait time (average)   =    0.01 sec.
                          ------------
Total (root+branch&cut) =  390.88 sec. (250640.44 ticks)

Operational solve summary
------------------------------------------------------------
Solve status: integer optimal solution
Objective value: 229.86
Runtime seconds: 394.7989

KPI values
Solve Status: integer optimal solution
Objective Value: 229.86
Runtime Seconds: 394.79890150000574
Truck Only Mode: 0
Truck Warm Start: 1
Drones In Model: 10
Robots In Model: 10
Reported Makespan: 9.999999999994543
Objective: 229.86
Operating Cost: 229.86
Route Duration Penalty: 0.0
Route Duration Excess: 0.0
Time Window Penalty: 0.0
Total Penalty: 0.0
Used Trucks: 1.0
truck_variable_cost: 188.5
drone_variable_cost: 1.3599999999999999
robot_variable_cost: 0.0
truck_fixed_cost: 30.0
drone_fixed_cost: 10.0
robot_fixed_cost: 0.0
total_variable_cost: 189.86
total_fixed_cost: 40.0
operating_cost: 229.86
route_duration_penalty: 0.0
time_window_penalty: 0.0
total_penalty: 0.0
objective_value: 229.86

Selected truck route arcs
 truck  i  j  value
     2  0  6    1.0
     2  1  8    1.0
     2  2  7    1.0
     2  3 11    1.0
     2  4  2    1.0
     2  5  1    1.0
     2  6 10    1.0
     2  7  5    1.0
     2  8  3    1.0
     2 10  4    1.0

Reconstructed truck routes
 truck                                                 route  arc_count  starts_at_depot  ends_at_end_depot status
     1                                                unused          0            False              False unused
     2 0 -> 6 -> 10 -> 4 -> 2 -> 7 -> 5 -> 1 -> 8 -> 3 -> 11         10             True               True   used
     3                                                unused          0            False              False unused
     4                                                unused          0            False              False unused
     5                                                unused          0            False              False unused

Selected drone sorties
 launch_truck  recovery_truck  drone  sortie_id  value_launch  value_recovery truck  i  k sequence sequence_text       route  customer_count  payload  travel_distance  travel_duration_precomputed_hr  cost  truck_launch_time_hr  truck_recovery_time_hr  platform_finish_time_hr  recovery_slack_hr  travel_duration_hr  service_duration_hr  active_duration_hr  elapsed_schedule_time_hr  waiting_time_hr
            2               2      1         93           1.0             1.0  2->2  6  8     (9,)             9 6 -> 9 -> 8               1     2.14             17.0                        0.226667  1.36              0.288889                    4.83                     4.83       7.274181e-13            0.226667                 0.08            0.306667                  4.541111         4.234444

Selected robot sorties
(none)

Sortie timing audit
platform  vehicle  sortie_id truck  launch_truck  recovery_truck       route    leg  from_node  to_node  travel_distance  travel_duration_hr  arrival_before_wait_hr  wait_hr  service_start_hr  service_duration_hr  service_finish_hr
   drone        1         93  2->2             2               2 6 -> 9 -> 8 6 -> 9          6        9              8.0            0.106667                0.395556 4.234444              4.63                 0.08               4.71
   drone        1         93  2->2             2               2 6 -> 9 -> 8 9 -> 8          9        8              9.0            0.120000                4.830000 0.000000              4.83                 0.00               4.83

Customer assignment
 customer_id assigned_mode                 assignment_detail
           1         truck                  truck 2: visit 1
           2         truck                  truck 2: visit 2
           3         truck                  truck 2: visit 3
           4         truck                  truck 2: visit 4
           5         truck                  truck 2: visit 5
           6         truck                  truck 2: visit 6
           7         truck                  truck 2: visit 7
           8         truck                  truck 2: visit 8
           9         drone drone 1: 6 -> 9 -> 8 (truck 2->2)
          10         truck                 truck 2: visit 10

Arrival times
 mode vehicle  node_id                     status arrival_time
truck       1        0               unused_truck             
truck       1        1               unused_truck             
truck       1        2               unused_truck             
truck       1        3               unused_truck             
truck       1        4               unused_truck             
truck       1        5               unused_truck             
truck       1        6               unused_truck             
truck       1        7               unused_truck             
truck       1        8               unused_truck             
truck       1        9               unused_truck             
truck       1       10               unused_truck             
truck       1       11               unused_truck             
truck       2        0                    visited          0.0
truck       2        1                    visited     3.898889
truck       2        2                    visited         2.83
truck       2        3                    visited     5.043333
truck       2        4                    visited     0.715556
truck       2        5                    visited     3.448889
truck       2        6                    visited     0.288889
truck       2        7                    visited     3.213333
truck       2        8                    visited         4.83
truck       2        9                not_visited             
truck       2       10                    visited     0.546667
truck       2       11                    visited         10.0
truck       3        0               unused_truck             
truck       3        1               unused_truck             
truck       3        2               unused_truck             
truck       3        3               unused_truck             
truck       3        4               unused_truck             
truck       3        5               unused_truck             
truck       3        6               unused_truck             
truck       3        7               unused_truck             
truck       3        8               unused_truck             
truck       3        9               unused_truck             
truck       3       10               unused_truck             
truck       3       11               unused_truck             
truck       4        0               unused_truck             
truck       4        1               unused_truck             
truck       4        2               unused_truck             
truck       4        3               unused_truck             
truck       4        4               unused_truck             
truck       4        5               unused_truck             
truck       4        6               unused_truck             
truck       4        7               unused_truck             
truck       4        8               unused_truck             
truck       4        9               unused_truck             
truck       4       10               unused_truck             
truck       4       11               unused_truck             
truck       5        0               unused_truck             
truck       5        1               unused_truck             
truck       5        2               unused_truck             
truck       5        3               unused_truck             
truck       5        4               unused_truck             
truck       5        5               unused_truck             
truck       5        6               unused_truck             
truck       5        7               unused_truck             
truck       5        8               unused_truck             
truck       5        9               unused_truck             
truck       5       10               unused_truck             
truck       5       11               unused_truck             
drone                0                      depot          0.0
robot                0                      depot          0.0
drone                1 not_served_value_arbitrary          0.0
robot                1 not_served_value_arbitrary          0.0
drone                2 not_served_value_arbitrary          0.0
robot                2 not_served_value_arbitrary          0.0
drone                3 not_served_value_arbitrary          0.0
robot                3 not_served_value_arbitrary          0.0
drone                4 not_served_value_arbitrary          0.0
robot                4 not_served_value_arbitrary          0.0
drone                5 not_served_value_arbitrary         -0.0
robot                5 not_served_value_arbitrary          0.0
drone                6 not_served_value_arbitrary          0.0
robot                6 not_served_value_arbitrary          0.0
drone                7 not_served_value_arbitrary          0.0
robot                7 not_served_value_arbitrary          6.6
drone                8 not_served_value_arbitrary         6.57
robot                8 not_served_value_arbitrary         6.57
drone                9                     served         4.63
robot                9 not_served_value_arbitrary          0.0
drone               10 not_served_value_arbitrary         -0.0
robot               10 not_served_value_arbitrary         6.93
drone               11                      depot          0.0
robot               11                      depot          0.0

Positive penalty variables
(none)

Warnings / modeling notes
- Operational constraints are route-completeness constraints, not explicit PDF constraints.
- Flexible docking uses h_launch/h_recover and g_launch/g_recover.
- Big-M used: 10000.0

Excel exported to: results/final_30min\tdrp_10_50_ordered_sorties_github_final_30min_3_10_no_cmax_arrival_status_solution.xlsx
LP file: results/final_30min\tdrp_10_50_ordered_sorties_github_final_30min_3_10_no_cmax_arrival_status_model.lp
Operational notes: results/final_30min\tdrp_10_50_ordered_sorties_github_final_30min_3_10_no_cmax_arrival_status_model_notes.md

