
Operational model information
------------------------------------------------------------
Model: drone_robot_truck_ordered_sorties_first_instance
 - number of variables: 16398
   - binary=16263, integer=0, continuous=135
 - number of constraints: 38194
   - linear=38194
 - parameters:
     parameters.threads = 2
     parameters.timelimit = 1800.00000000000000
     parameters.workmem = 4096.00000000000000
     parameters.emphasis.memory = 1
     parameters.mip.strategy.file = 3
 - objective: minimize
 - problem type is: MILP
Truck-only warm start added: True
LP exported to: results/final_30min\tdrp_11_75_ordered_sorties_github_final_30min_3_10_no_cmax_arrival_status_model.lp
Version identifier: 22.1.1.0 | 2022-11-27 | 9160aff4d
CPXPARAM_Read_DataCheck                          1
CPXPARAM_Threads                                 2
CPXPARAM_Emphasis_Memory                         1
CPXPARAM_MIP_Strategy_File                       3
CPXPARAM_TimeLimit                               1800
CPXPARAM_WorkMem                                 4096
1 of 1 MIP starts provided solutions.
MIP start 'm1' defined initial solution with objective 4792.8333.
Tried aggregator 1 time.
MIP Presolve eliminated 5957 rows and 17 columns.
MIP Presolve modified 2142 coefficients.
Reduced MIP has 32237 rows, 16381 columns, and 141001 nonzeros.
Reduced MIP has 16263 binaries, 0 generals, 0 SOSs, and 0 indicators.
Presolve time = 0.20 sec. (313.08 ticks)
Probing fixed 0 vars, tightened 3 bounds.
Probing time = 0.06 sec. (70.84 ticks)
Tried aggregator 1 time.
Detecting symmetries...
Reduced MIP has 32237 rows, 16381 columns, and 141001 nonzeros.
Reduced MIP has 16263 binaries, 0 generals, 0 SOSs, and 0 indicators.
Presolve time = 0.20 sec. (249.78 ticks)
Probing time = 0.02 sec. (17.06 ticks)
Clique table members: 79102.
MIP emphasis: balance optimality and feasibility.
MIP search method: dynamic search.
Parallel mode: deterministic, using up to 2 threads.
Root relaxation solution time = 5.64 sec. (10304.88 ticks)

        Nodes                                         Cuts/
   Node  Left     Objective  IInf  Best Integer    Best Bound    ItCnt     Gap

*     0+    0                         4792.8333        0.0000           100.00%
      0     0      144.7057   150     4792.8333      144.7057    13559   96.98%
*     0+    0                         4662.4733      144.7057            96.90%
      0     0      151.8567   155     4662.4733     Cuts: 114    21036   96.74%
      0     0      152.5400   189     4662.4733     Cuts: 347    24686   96.73%
      0     0      152.5688   198     4662.4733      Cuts: 68    27173   96.73%
      0     0      152.8400   180     4662.4733     Cuts: 373    30287   96.72%
*     0+    0                         4639.6756      152.8400            96.71%
      0     0      154.3896   203     4639.6756     Cuts: 346    42107   96.67%
      0     0      159.9111   267     4639.6756     Cuts: 169    47364   96.55%
      0     0      159.9111   276     4639.6756      Cuts: 33    48772   96.55%
      0     0      160.3882   205     4639.6756      Cuts: 19    50412   96.54%
      0     0      160.3882   214     4639.6756      Cuts: 28    50515   96.54%
*     0+    0                         4625.7733      160.3882            96.53%
*     0+    0                         4624.3133      160.3882            96.53%
*     0+    0                         4606.9133      160.3882            96.52%
      0     0  -1.00000e+75     0     4606.9133      160.3882    50515   96.52%
      0     2      160.3882   214     4606.9133      160.3882    50515   96.52%
Elapsed time = 62.28 sec. (70404.01 ticks, tree = 0.02 MB, solutions = 6)
      1     3      165.7000   132     4606.9133      160.3882    55203   96.52%
*     2+    1                         4595.4533      160.3882            96.51%
      2     3      160.3882   211     4595.4533      160.3882    50519   96.51%
      3     4      166.2498   146     4595.4533      160.3882    62121   96.51%
      4     6      168.7101   202     4595.4533      160.4092    63078   96.51%
      5     7      210.1786   103     4595.4533      160.4092    66650   96.51%
      9     9     2831.2170    85     4595.4533      160.4092    67262   96.51%
     12    12      252.4764    67     4595.4533      160.4092    68179   96.51%
     27    21        cutoff           4595.4533      160.4092    68840   96.51%
     39    24      170.9358    89     4595.4533      160.4092    70413   96.51%
     44    29      172.6834   161     4595.4533      160.4092    74273   96.51%
Elapsed time = 73.09 sec. (82234.86 ticks, tree = 0.57 MB, solutions = 7)
     52    37      183.6372    53     4595.4533      160.4092    76685   96.51%
     77    52      198.9732   174     4595.4533      160.4092    83239   96.51%
    103    56      214.4282    99     4595.4533      160.4092    98312   96.51%
    122    85      210.3859   133     4595.4533      160.4092    99901   96.51%
    129    89      226.2549   124     4595.4533      160.4092   105031   96.51%
    143   109      246.2625    82     4595.4533      160.4092   109324   96.51%
    180   123        cutoff           4595.4533      160.4092   115064   96.51%
    221   159      298.5059   102     4595.4533      160.4092   119656   96.51%
    292   219      299.7875    85     4595.4533      160.4092   120329   96.51%
    345   270      300.4685    78     4595.4533      160.6410   121307   96.50%
Elapsed time = 84.44 sec. (93987.22 ticks, tree = 2.81 MB, solutions = 7)
    376   333      303.7915   118     4595.4533      160.8444   128969   96.50%
    409   364      305.3162   119     4595.4533      160.8444   135782   96.50%
    437   390      311.7521   118     4595.4533      160.8444   138290   96.50%
    448   408      312.0480   102     4595.4533      160.8444   142851   96.50%
    480   438      324.8580   101     4595.4533      160.8444   145056   96.50%
    489   359      163.8288   144     4595.4533      160.8444   147719   96.50%
    499   431      167.9432   108     4595.4533      160.8444   155451   96.50%
    525   476      238.3542   100     4595.4533      160.8444   161693   96.50%
    577   439      254.3186   115     4595.4533      160.8444   160618   96.50%
    613   569      238.9115   101     4595.4533      160.8444   172121   96.50%
Elapsed time = 95.20 sec. (105367.13 ticks, tree = 6.40 MB, solutions = 7)
    667   572      168.5025    88     4595.4533      160.8444   176154   96.50%
    713   665      239.5648   111     4595.4533      160.8444   179554   96.50%
    727   670      210.5467    70     4595.4533      160.8444   182038   96.50%
    810   658      223.9750    92     4595.4533      160.8444   189047   96.50%
    860   699      246.3818    81     4595.4533      160.8444   194727   96.50%
    913   710      269.9700    73     4595.4533      160.8444   197525   96.50%

Performing restart 1

Repeating presolve.
Tried aggregator 3 times.
MIP Presolve eliminated 354 rows and 4 columns.
MIP Presolve modified 18604 coefficients.
Aggregator did 2 substitutions.
Reduced MIP has 31881 rows, 16375 columns, and 137143 nonzeros.
Reduced MIP has 16259 binaries, 0 generals, 0 SOSs, and 0 indicators.
Presolve time = 0.25 sec. (279.19 ticks)
Tried aggregator 1 time.
MIP Presolve modified 608 coefficients.
Reduced MIP has 31881 rows, 16375 columns, and 137143 nonzeros.
Reduced MIP has 16259 binaries, 0 generals, 0 SOSs, and 0 indicators.
Presolve time = 0.20 sec. (234.25 ticks)
Represolve time = 0.77 sec. (809.25 ticks)
    914     0      162.7113   232     4595.4533     Cuts: 106   213623   96.46%
    914     0      164.1665   309     4595.4533      Cuts: 82   215738   96.43%
    914     0      164.6202   322     4595.4533      Cuts: 83   216869   96.42%
    914     0      165.5332   351     4595.4533      Cuts: 86   218443   96.40%
    914     0      165.9016   327     4595.4533      Cuts: 98   219775   96.39%
    914     0      168.8164   357     4595.4533      Cuts: 66   221140   96.33%
    914     0      169.9776   375     4595.4533     Cuts: 281   224125   96.30%
    914     0      170.0509   395     4595.4533     Cuts: 290   225074   96.30%
    914     0      170.5428   353     4595.4533      Cuts: 77   228482   96.29%
    914     0      170.6069   359     4595.4533      Cuts: 77   229890   96.29%
    914     0      170.6794   360     4595.4533      Cuts: 40   230588   96.29%
    914     0      170.7214   351     4595.4533      Cuts: 24   231057   96.28%
    914     0      170.8943   340     4595.4533      Cuts: 40   231484   96.28%
    914     0      170.9970   355     4595.4533      Cuts: 19   231866   96.28%
    914     0      171.1161   338     4595.4533      Cuts: 30   232190   96.28%
    914     0      171.1304   340     4595.4533      Cuts: 12   232301   96.28%
    914     0      171.1334   355     4595.4533      Cuts: 32   232370   96.28%
    914     0      171.1462   341     4595.4533       Cuts: 4   232469   96.28%
    914     0      171.1529   356     4595.4533     Cuts: 228   232628   96.28%
*   914+    0                         4595.3533      171.1529            96.28%
    914     0      171.2504   365     4595.3533      Cuts: 16   233211   96.27%
    914     0      171.2684   350     4595.3533     Cuts: 236   233400   96.27%
    914     2      171.2684   350     4595.3533      171.2684   233400   96.27%
    915     3      199.5348   137     4595.3533      171.2702   237660   96.27%
    916     4      202.4268    80     4595.3533      171.2702   238314   96.27%
    918     5      203.9980    58     4595.3533      171.7511   238552   96.26%
Elapsed time = 208.28 sec. (222717.11 ticks, tree = 0.04 MB, solutions = 8)
    920     7      205.7364    58     4595.3533      171.7511   239967   96.26%
    922     6      173.0151   290     4595.3533      171.7532   241898   96.26%
    924    11      208.0209    52     4595.3533      171.7532   243029   96.26%
    926    13      212.6282    70     4595.3533      171.7532   244040   96.26%
    927    13     3550.4737    78     4595.3533      171.7532   244413   96.26%
    929    14     3573.5871   122     4595.3533      171.7532   245138   96.26%
    931    15     3573.5871   119     4595.3533      171.7532   245171   96.26%
    932    17     3592.5036    58     4595.3533      171.7532   248382   96.26%
    936    21     3592.5516    58     4595.3533      171.7532   248400   96.26%
    939    24     3593.0236    57     4595.3533      171.7532   248449   96.26%
Elapsed time = 229.44 sec. (242357.59 ticks, tree = 0.21 MB, solutions = 8)
    942    27     3593.0356    72     4595.3533      171.7532   248472   96.26%
    948    33     3593.5136    91     4595.3533      171.7532   248517   96.26%
    955    35     3594.6992    76     4595.3533      171.7532   248601   96.26%
    959    39     3594.8556    71     4595.3533      171.7532   248678   96.26%
    966    45     3596.2156    55     4595.3533      171.7532   248816   96.26%
    970    47     3600.8716    60     4595.3533      171.7532   249050   96.26%
    974    48     3600.9516    71     4595.3533      171.7532   249064   96.26%
    979    48     3600.9676    57     4595.3533      171.7532   249080   96.26%
    987    49      182.5267   149     4595.3533      171.7532   250855   96.26%
    988    50      183.1077   153     4595.3533      171.7532   251017   96.26%
Elapsed time = 244.34 sec. (257706.38 ticks, tree = 0.41 MB, solutions = 8)
    991    52      183.8449   136     4595.3533      171.7532   251328   96.26%
    995    57      194.1002   128     4595.3533      171.7532   254876   96.26%
    996    58      194.8910   166     4595.3533      171.7532   255055   96.26%
    999    59      184.1576   139     4595.3533      171.7532   258524   96.26%
   1002    60      184.3706   151     4595.3533      171.7532   259010   96.26%
   1006    69      197.9242   116     4595.3533      171.7532   259813   96.26%
   1008    61      184.5911   217     4595.3533      171.7532   259870   96.26%
   1011    73      233.9232   106     4595.3533      171.7532   262402   96.26%
   1014    76      224.4185    73     4595.3533      171.7532   264433   96.26%
   1015    62      344.6346   104     4595.3533      171.7532   268645   96.26%
Elapsed time = 262.34 sec. (276702.75 ticks, tree = 0.55 MB, solutions = 8)
   1022    83      200.3005   113     4595.3533      171.7532   265373   96.26%
   1028    88      201.3483   126     4595.3533      171.7532   265502   96.26%
   1033    90      201.3811   129     4595.3533      171.7532   267998   96.26%
   1038    80      184.7068   139     4595.3533      171.7532   273937   96.26%
   1041    99      225.2794    74     4595.3533      171.7532   279717   96.26%
   1061   116      241.7345    20     4595.3533      171.7532   279925   96.26%
   1077    83      279.3361    90     4595.3533      171.7532   281469   96.26%
   1079   127      176.2067   263     4595.3533      171.7532   280360   96.26%
   1081   105      184.9673   156     4595.3533      171.7532   293088   96.26%
   1084   108      185.6086   142     4595.3533      171.7532   293421   96.26%
Elapsed time = 280.50 sec. (295528.61 ticks, tree = 1.03 MB, solutions = 8)
   1085   109      216.5395   113     4595.3533      171.7532   294709   96.26%
   1087   134      178.9883   260     4595.3533      171.7532   290307   96.26%
   1088   142      190.9418   142     4595.3533      171.7532   298136   96.26%
*  1089+  141                         4588.1956      171.7532            96.26%
   1092   144      191.6139   156     4588.1956      171.7532   298192   96.26%
   1097   137      180.2504   197     4588.1956      171.7532   290824   96.26%
   1102   152      197.0465   134     4588.1956      171.7532   298889   96.26%
   1111   151      182.8444   173     4588.1956      171.7532   300767   96.26%
   1117   153      183.4990   180     4588.1956      171.7532   300894   96.26%
   1119   155      185.0290   211     4588.1956      171.7532   301692   96.26%
   1120   161      318.2382    42     4588.1956      171.7532   304936   96.26%
Elapsed time = 294.91 sec. (309088.47 ticks, tree = 1.70 MB, solutions = 9)
   1123   156      185.2171   235     4588.1956      171.7532   301787   96.26%
   1124   164      262.3731   119     4588.1956      171.7532   307212   96.26%
   1130   180      185.8372   228     4588.1956      171.7532   311116   96.26%
   1132   172      225.0509    51     4588.1956      171.7532   312499   96.26%
   1140   178      197.3153   143     4588.1956      171.7532   312532   96.26%
   1147   181      340.2902    45     4588.1956      171.7532   312870   96.26%
   1162   184      188.2990   225     4588.1956      171.7532   311411   96.26%
   1167   185      188.6663   207     4588.1956      171.7532   311603   96.26%
   1170   188      190.5026   207     4588.1956      171.7532   311772   96.26%
   1177   187      210.5519   143     4588.1956      175.9771   316022   96.16%
Elapsed time = 311.42 sec. (326036.79 ticks, tree = 2.02 MB, solutions = 9)
   1189   201      235.3497    61     4588.1956      175.9771   313466   96.16%
   1212   213      368.9000    38     4588.1956      175.9771   314116   96.16%
   1255   227      217.4176   127     4588.1956      175.9771   325437   96.16%
   1276   236      259.2622   103     4588.1956      176.2982   327245   96.16%
   1320   253      304.7589   112     4588.1956      176.2982   328749   96.16%
   1330   291      189.8757   223     4588.1956      176.2982   337766   96.16%
   1348   320      193.3283   215     4588.1956      178.9944   338464   96.10%
   1362   354      215.1302   120     4588.1956      179.3126   348571   96.09%
   1376   364      226.4312   180     4588.1956      179.3126   350922   96.09%
   1410   400      266.8947    56     4588.1956      179.3126   355965   96.09%
Elapsed time = 351.20 sec. (366842.14 ticks, tree = 4.57 MB, solutions = 9)
   1430   412      226.1764   129     4588.1956      179.3126   357708   96.09%
   1460   444      370.2495    42     4588.1956      179.3126   363511   96.09%
   1505   473      290.9885    41     4588.1956      179.3126   365847   96.09%
   1585   531      232.5310   132     4588.1956      179.3126   371569   96.09%
   1630   574      272.8212    69     4588.1956      179.3126   376779   96.09%
   1700   634      314.5800    40     4588.1956      179.3126   380927   96.09%
   1727   664      203.3685   147     4588.1956      179.3126   388649   96.09%
   1815   607      216.0612    88     4588.1956      180.8798   387108   96.06%
   1872   784      349.4815    46     4588.1956      183.4594   400549   96.00%
   1920   728      241.1675   128     4588.1956      183.4594   399411   96.00%
Elapsed time = 390.69 sec. (405990.16 ticks, tree = 8.67 MB, solutions = 9)
   1970   806      349.7457    34     4588.1956      183.5279   400674   96.00%
   2012   873      288.6536    40     4588.1956      183.5279   412689   96.00%
   2026   884      308.6341    62     4588.1956      184.0639   413523   95.99%
   2118   919      230.2909    57     4588.1956      184.1885   421147   95.99%
   2249  1058      243.9267    76     4588.1956      184.5911   439137   95.98%
   2336  1046     3963.7582    30     4588.1956      184.5911   427562   95.98%
   2401  1117     3963.7584    17     4588.1956      184.5911   439153   95.98%
   2438  1129     3963.7631    31     4588.1956      184.5911   439377   95.98%
   2490  1181      323.0286    85     4588.1956      184.5911   454890   95.98%
   2578  1213      234.4698    81     4588.1956      185.0290   456550   95.97%
Elapsed time = 430.64 sec. (445499.84 ticks, tree = 15.09 MB, solutions = 9)
   2629  1269      243.7669   145     4588.1956      185.2215   463615   95.96%
   2681  1310      384.2240    62     4588.1956      185.2215   465302   95.96%
   2767  1406     3416.8057    25     4588.1956      185.8835   481239   95.95%
*  2798+ 1428                         4588.1956      185.8835            95.95%
   2833  1281      350.1793   124     4588.1956      185.8835   470606   95.95%
   2894  1491      199.7537   163     4588.1956      185.8835   492235   95.95%
   2980  1564      224.7973   136     4588.1956      185.8835   498844   95.95%
   3068  1548      212.4192   127     4588.1956      186.4921   499153   95.94%
   3153  1708      326.8622    49     4588.1956      188.8749   518102   95.88%
   3221  1674      230.9006   109     4588.1956      188.8749   514636   95.88%
   3288  1784      240.1763   112     4588.1956      189.1997   527509   95.88%
Elapsed time = 470.95 sec. (484845.91 ticks, tree = 22.13 MB, solutions = 9)
   3352  1797      258.3720    96     4588.1956      190.2185   529972   95.85%
   3447  1875      315.7873    50     4588.1956      190.3331   539488   95.85%
   3532  1895     3502.4483    38     4588.1956      191.0205   540259   95.84%
   3620  2003      248.2944   130     4588.1956      191.2675   559309   95.83%
   3670  2016      409.0550    63     4588.1956      191.6139   557884   95.82%
   3765  2144     1362.9789    35     4588.1956      191.6139   577265   95.82%
   3823  2153      220.7183    64     4588.1956      192.0802   580550   95.81%
   3896  2236      310.8077    79     4588.1956      192.3336   594606   95.81%
   3997  2335      311.7782    66     4588.1956      193.4373   599344   95.78%
   4113  2363      213.6016   132     4588.1956      194.0684   610463   95.77%
Elapsed time = 510.89 sec. (524292.43 ticks, tree = 29.71 MB, solutions = 9)
   4180  2395    infeasible           4588.1956      194.0684   611871   95.77%
*  4269+ 2473                         4579.4956      194.9383            95.74%
   4270  2475      250.2457   115     4579.4956      194.9383   630861   95.74%
   4394  2600      358.3625    39     4579.4956      195.4782   638683   95.73%
   4482  2675      358.4398    29     4579.4956      195.4782   645712   95.73%
   4559  2720      358.4484    41     4579.4956      195.8169   645844   95.72%
   4614  2746      358.4970    30     4579.4956      195.8169   645918   95.72%
   4745  2928      387.3991    51     4579.4956      196.1282   674737   95.72%
   4877  2971      244.0399   121     4579.4956      196.1282   677965   95.72%
   5031  2988      229.0748   136     4579.4956      196.4667   695727   95.71%
   5072  3153      230.2767    98     4579.4956      196.4667   715202   95.71%
Elapsed time = 549.03 sec. (563202.12 ticks, tree = 40.35 MB, solutions = 10)
   5226  3213      249.4436    53     4579.4956      197.0499   725730   95.70%
   5337  3281      221.8327    32     4579.4956      197.0499   730945   95.70%
   5385  3366      371.7781    86     4579.4956      197.0499   749347   95.70%
   5455  3392      216.1784    96     4579.4956      197.2518   761773   95.69%
   5580  3526      281.9314    65     4579.4956      197.2518   776031   95.69%
   5731  3694      247.1152    82     4579.4956      197.3125   796860   95.69%
   5811  3598      251.7946    41     4579.4956      197.3125   784831   95.69%
   5954  3881      255.1980    61     4579.4956      197.5195   817831   95.69%
   6042  3782     4569.7523    83     4579.4956      197.5195   818264   95.69%
   6129  3930      243.4679    50     4579.4956      197.9785   835245   95.68%
Elapsed time = 588.02 sec. (601753.47 ticks, tree = 50.40 MB, solutions = 10)
   6231  4054      318.6723    72     4579.4956      198.0646   853157   95.67%
*  6341+ 4030                         4579.4956      198.0646            95.67%
   6366  4118      354.6779    45     4579.4956      198.1757   856164   95.67%
   6472  4109      245.6396   130     4579.4956      198.1757   867956   95.67%
   6667  4287      446.7546     9     4579.4956      198.4795   872443   95.67%
   6865  4429      220.9479    74     4579.4956      198.6023   897920   95.66%
   6986  4483      310.7700    45     4579.4956      198.8654   906302   95.66%
   7049  4590      329.6000    32     4579.4956      198.9978   917071   95.65%
   7178  4652        cutoff           4579.4956      198.9978   925450   95.65%
   7221  4718      238.4964    60     4579.4956      199.4550   946708   95.64%
   7223  4784      269.6750    70     4579.4956      199.4550   946249   95.64%
Elapsed time = 631.00 sec. (643014.46 ticks, tree = 61.71 MB, solutions = 10)
   7225  4786      274.5175    87     4579.4956      199.4550   946449   95.64%
   7229  4789      304.4361    82     4579.4956      199.4550   946609   95.64%
   7233  4854      307.1450    69     4579.4956      199.7630   964872   95.64%
   7299  4855     3311.2957    73     4579.4956      199.8063   965022   95.64%
   7372  4912      272.5055    20     4579.4956      199.8063   969850   95.64%
   7525  4924      246.0818    32     4579.4956      199.8063   977715   95.64%
   7816  5035      398.9647    25     4579.4956      199.8076   984431   95.64%
   7935  5216      200.5190   135     4579.4956      199.8076  1003393   95.64%
   8071  5328      215.4067    75     4579.4956      200.0352  1015795   95.63%
   8250  5388      201.1729    84     4579.4956      200.1091  1021844   95.63%
Elapsed time = 678.72 sec. (684939.00 ticks, tree = 69.61 MB, solutions = 10)
   8441  5456      227.8271   113     4579.4956      200.1091  1033446   95.63%
   8637  5749      289.4949    32     4579.4956      200.3548  1045293   95.62%
   8792  5712      295.2095    74     4579.4956      200.5129  1062216   95.62%
   9068  6107      250.8435    85     4579.4956      201.0165  1091837   95.61%
   9205  6318      253.5013    80     4579.4956      201.3860  1116535   95.60%
   9334  6182      639.0555   111     4579.4956      201.3860  1104105   95.60%
   9562  6450      257.0393    70     4579.4956      201.4539  1133780   95.60%
   9651  6500    infeasible           4579.4956      201.5224  1142045   95.60%
   9786  6589      222.5238    56     4579.4956      201.5224  1152317   95.60%
   9916  6888    infeasible           4579.4956      202.0448  1179864   95.59%
Elapsed time = 721.16 sec. (723791.42 ticks, tree = 88.97 MB, solutions = 10)
  10048  6954      241.3591   125     4579.4956      202.0448  1189785   95.59%
  10274  7066        cutoff           4579.4956      202.7138  1195630   95.57%
  10622  7273     3638.8149    52     4579.4956      202.7138  1204704   95.57%
  10835  7355      253.8126   135     4579.4956      203.1174  1209774   95.56%
  11062  7451      308.4563    10     4579.4956      203.1174  1216296   95.56%
  11293  7737      313.0636    32     4579.4956      203.8478  1242583   95.55%
  11460  7819      247.0251    50     4579.4956      204.3780  1255530   95.54%
  11648  7848      226.9664   101     4579.4956      204.3780  1257250   95.54%
  11897  8250     3542.5402    54     4579.4956      205.5872  1290775   95.51%
  12114  8512      287.6923    36     4579.4956      206.1736  1318141   95.50%
Elapsed time = 759.77 sec. (762430.67 ticks, tree = 110.39 MB, solutions = 10)
  12319  8399      352.0818    10     4579.4956      206.1736  1310461   95.50%
  12612  8698      385.0818    16     4579.4956      206.4940  1332949   95.49%
  12785  8814      309.5418    70     4579.4956      206.9500  1353781   95.48%
  13097  8894      252.4827    59     4579.4956      206.9500  1358664   95.48%
  13198  9183     2848.5378    29     4579.4956      207.2991  1390111   95.47%
  13350  9409      322.3205    62     4579.4956      207.6589  1411446   95.47%
  13621  9394      310.5855    28     4579.4956      207.6589  1404934   95.47%
  13778  9558      247.9798    73     4579.4956      208.0225  1431637   95.46%
  13980  9867      317.0270    37     4579.4956      208.4400  1463940   95.45%
  14179  9946      235.3818    78     4579.4956      208.4400  1466720   95.45%
Elapsed time = 800.00 sec. (800968.53 ticks, tree = 129.33 MB, solutions = 10)
  14367 10042      216.6218     8     4579.4956      208.9243  1492541   95.44%
  14523 10092     2966.5970   113     4579.4956      209.3681  1501782   95.43%
  14694 10284     2997.7869    87     4579.4956      209.3681  1512603   95.43%
  14847 10397      211.0877   135     4579.4956      209.8363  1526629   95.42%
  15013 10455      258.5879    70     4579.4956      210.2229  1528314   95.41%
  15225 10674      344.0500    40     4579.4956      210.2229  1555626   95.41%
  15377 10684      314.5438    57     4579.4956      210.7900  1561410   95.40%
  15516 10994      223.7002   114     4579.4956      210.7900  1582503   95.40%
  15777 11082      242.8178   140     4579.4956      211.3150  1590658   95.39%
  15871 11224      317.1225    51     4579.4956      211.4595  1610262   95.38%
Elapsed time = 842.11 sec. (839464.80 ticks, tree = 146.52 MB, solutions = 10)
  16159 11315      228.6350   105     4579.4956      211.5678  1619072   95.38%
  16398 11461      249.5172    97     4579.4956      211.8066  1635925   95.37%
  16662 11707      395.9655    55     4579.4956      211.8066  1661159   95.37%
  16980 11840      407.4933    24     4579.4956      211.9253  1678103   95.37%
  17240 12169      409.3109    24     4579.4956      212.1476  1698562   95.37%
  17459 12360      266.7394    65     4579.4956      212.3778  1713918   95.36%
  17599 12425      342.2600    54     4579.4956      212.5898  1717148   95.36%
  17851 12618      295.7933    46     4579.4956      212.5898  1747770   95.36%
  18054 12740      268.7389   113     4579.4956      213.1309  1762055   95.35%
  18210 12916      279.9353   165     4579.4956      213.4145  1786238   95.34%
Elapsed time = 882.03 sec. (878192.70 ticks, tree = 169.26 MB, solutions = 10)
  18239 12929      227.2775   151     4579.4956      213.4145  1798928   95.34%
  18326 13081      320.8279    57     4579.4956      213.4745  1816982   95.34%
  18390 13132      287.9291    92     4579.4956      213.4745  1828335   95.34%
  18472 13120      257.0255    35     4579.4956      213.5965  1840384   95.34%
  18600 13288      309.4087    67     4579.4956      213.6917  1868542   95.33%
  18906 13321      270.7309    66     4579.4956      213.6917  1872187   95.33%
  19125 13678     2968.5939    38     4579.4956      213.8547  1914665   95.33%
  19220 13726      395.9892   105     4579.4956      213.8547  1925176   95.33%
  19398 13773      268.1611    86     4579.4956      213.9208  1934770   95.33%
  19626 13929      333.3548    55     4579.4956      214.0812  1973539   95.33%
Elapsed time = 925.09 sec. (918364.05 ticks, tree = 182.42 MB, solutions = 10)
* 19787+13993                         4574.9133      214.0812            95.32%
  19944 13968      247.1600    32     4574.9133      214.0812  1958498   95.32%
  20290 14143      260.9339    64     4574.9133      214.4728  1990628   95.31%
  20434 14492     2852.8275    55     4574.9133      214.5443  2025356   95.31%
  20615 14641      375.0127    16     4574.9133      214.7827  2043318   95.31%
  20728 14620      249.6320   177     4574.9133      214.7827  2046886   95.31%
  20865 14782        cutoff           4574.9133      215.0688  2076720   95.30%
  21054 14933      237.8603    63     4574.9133      215.1825  2098905   95.30%
  21378 15059      300.2709     6     4574.9133      215.2800  2116958   95.29%
  21612 15148      338.4382    52     4574.9133      215.4048  2126412   95.29%
  21725 15280      323.1291    42     4574.9133      215.4048  2148684   95.29%
Elapsed time = 965.95 sec. (957802.96 ticks, tree = 200.50 MB, solutions = 11)
  21808 15548      324.9148   102     4574.9133      215.6764  2190292   95.29%
  21864 15422      300.4637   149     4574.9133      215.6764  2164575   95.29%
  22001 15666      235.0551   107     4574.9133      215.6764  2203897   95.29%
  22167 15823      244.2512   133     4574.9133      215.6764  2223384   95.29%
  22240 15789      315.6793   150     4574.9133      215.6764  2215469   95.29%
  22322 15842      260.2495   108     4574.9133      215.8963  2223104   95.28%
  22324 15911      232.9609   126     4574.9133      215.8963  2231343   95.28%
  22326 15912      234.0196   132     4574.9133      215.8963  2231498   95.28%
  22327 15971      268.4644   104     4574.9133      216.0255  2238896   95.28%
  22329 15975      234.4748   124     4574.9133      216.0255  2239462   95.28%
Elapsed time = 1018.39 sec. (1001396.96 ticks, tree = 209.61 MB, solutions = 11)
  22344 15985      232.8379    40     4574.9133      216.0255  2242341   95.28%
  22581 16046      252.5012    44     4574.9133      216.2724  2253018   95.27%
  22748 16122      289.5337   103     4574.9133      216.2724  2261264   95.27%
* 22754+16104                         4545.9133      216.2724            95.24%
  22849 16248      251.0859    64     4545.9133      216.2990  2288148   95.24%
  23028 16094      260.7682   114     4545.9133      216.2990  2279740   95.24%
  23238 16531      249.6145   155     4545.9133      216.2990  2333980   95.24%
  23467 16393      391.7821    61     4545.9133      216.3710  2322681   95.24%
  23733 16650      328.1455    41     4545.9133      216.5182  2349027   95.24%
  23875 16970      833.1533    34     4545.9133      216.5182  2380674   95.24%
  24138 17045    infeasible           4545.9133      216.5182  2392692   95.24%
Elapsed time = 1056.53 sec. (1040048.24 ticks, tree = 224.62 MB, solutions = 12)
  24371 17016      348.2226    33     4545.9133      216.7359  2396106   95.23%
  24679 17445      251.5800    69     4545.9133      216.7359  2436368   95.23%
  24968 17373      292.3150    26     4545.9133      217.0482  2445069   95.23%
  25288 17480     2944.0065    43     4545.9133      217.0482  2457105   95.23%
  25532 18159      258.5529    82     4545.9133      217.3133  2511137   95.22%
  25729 18194      301.0286    60     4545.9133      217.3133  2515656   95.22%
  26055 18183      217.8905   131     4545.9133      217.3133  2504888   95.22%
  26267 18656      341.3127    64     4545.9133      217.5470  2555475   95.21%
  26446 18779     2900.2302    48     4545.9133      217.5470  2566532   95.21%
  26706 18940      368.7545    35     4545.9133      217.8286  2589859   95.21%
Elapsed time = 1098.42 sec. (1079458.20 ticks, tree = 249.80 MB, solutions = 12)
  26940 18721     4222.2406    44     4545.9133      217.8286  2578671   95.21%
  27146 19244      251.1173    81     4545.9133      217.9739  2629162   95.21%
  27397 19309      474.6019    21     4545.9133      217.9739  2639956   95.21%
  27662 19591      300.7636    15     4545.9133      218.1997  2671860   95.20%
  27785 19550      288.1200    15     4545.9133      218.1997  2658917   95.20%
  28112 19734      293.9836    10     4545.9133      218.2295  2696196   95.20%
  28373 19992      357.3124    29     4545.9133      218.3384  2714837   95.20%
  28638 19891      218.8079    56     4545.9133      218.3384  2714023   95.20%
  28964 20405      248.3076    83     4545.9133      218.5073  2751967   95.19%
  29211 20506    infeasible           4545.9133      218.5073  2759824   95.19%
Elapsed time = 1139.09 sec. (1118202.18 ticks, tree = 271.09 MB, solutions = 12)
  29448 20742      231.6673    93     4545.9133      218.6618  2785651   95.19%
  29653 20653      231.0841    73     4545.9133      218.6618  2772625   95.19%
  29960 20958      243.7410    77     4545.9133      218.7970  2803097   95.19%
  30238 21027     3294.5238    58     4545.9133      218.7970  2813089   95.19%
  30563 21297      266.9288    96     4545.9133      219.0756  2844091   95.18%
  30770 21587      272.8636    51     4545.9133      219.0756  2872338   95.18%
  30835 21714    infeasible           4545.9133      219.1755  2889631   95.18%
  30841 21716      250.0279    42     4545.9133      219.1755  2889940   95.18%
  30851 21721      258.6400    30     4545.9133      219.1755  2890729   95.18%
  30859 21729      288.6092    86     4545.9133      219.1755  2891413   95.18%
Elapsed time = 1187.55 sec. (1159299.61 ticks, tree = 287.55 MB, solutions = 12)
  30868 21739      371.5000    60     4545.9133      219.1755  2892229   95.18%
  30878 21747      396.3000    38     4545.9133      219.1755  2892385   95.18%
  30889 21751     2836.9850    83     4545.9133      219.1755  2892649   95.18%
  30900 21723     3302.9366    34     4545.9133      219.1755  2891279   95.18%
  30904 21759      269.2382    91     4545.9133      219.1755  2894322   95.18%
  30909 21759      283.9250    91     4545.9133      219.1755  2895254   95.18%
  30913 21759      294.6957   120     4545.9133      219.1755  2896068   95.18%
  30918 21759      257.6970    67     4545.9133      219.1755  2897714   95.18%
  30920 21760      258.6800    68     4545.9133      219.1755  2897722   95.18%
  30922 21763     3310.1724    61     4545.9133      219.1755  2895978   95.18%
Elapsed time = 1246.52 sec. (1208945.39 ticks, tree = 288.02 MB, solutions = 12)
  30927 21765     2920.3193    47     4545.9133      219.1755  2898151   95.18%
  30932 21764      220.6860    76     4545.9133      219.5300  2898018   95.17%
  30934 21769      261.8673    34     4545.9133      219.5300  2898599   95.17%
  30939 21769      252.9686    55     4545.9133      219.5300  2899255   95.17%
  30941 21771      265.3733    48     4545.9133      219.5300  2899379   95.17%
  30944 21774      273.6564    43     4545.9133      219.5613  2899578   95.17%
  30947 21776      300.7827    34     4545.9133      219.5613  2899790   95.17%
  30951 21775      222.2982    37     4545.9133      219.5613  2899535   95.17%
  30952 21776      222.8073    46     4545.9133      219.5613  2899632   95.17%
  30954 21781      222.8403    50     4545.9133      219.5613  2899993   95.17%
Elapsed time = 1313.53 sec. (1260810.48 ticks, tree = 288.25 MB, solutions = 12)
  31040 21850      368.9000    46     4545.9133      219.5613  2908419   95.17%
  31129 21824      300.4462   128     4545.9133      219.5613  2905031   95.17%
  31332 21969      274.3836    56     4545.9133      219.6503  2927172   95.17%
  31724 22103      269.5528    41     4545.9133      219.6503  2935577   95.17%
  32045 22210      222.0427   125     4545.9133      219.6503  2944565   95.17%
  32346 22573      268.0545    65     4545.9133      219.6753  2980768   95.17%
  32618 22754      283.5825    52     4545.9133      219.7200  2995048   95.17%
  32745 22830      308.5365    75     4545.9133      219.8103  3007139   95.16%
  32967 22946      310.8400    26     4545.9133      219.8103  3016805   95.16%
  33390 23112      322.9545    22     4545.9133      219.8857  3022200   95.16%
Elapsed time = 1357.59 sec. (1299240.59 ticks, tree = 306.15 MB, solutions = 12)
  33577 23258    infeasible           4545.9133      220.0686  3053427   95.16%
  33862 23592      252.5982    23     4545.9133      220.2182  3072075   95.16%
  34171 23757      345.3891    28     4545.9133      220.2729  3095910   95.15%
  34563 23866      242.7702    84     4545.9133      220.2729  3092312   95.15%
  34876 23957      297.7436    15     4545.9133      220.3425  3114687   95.15%
  35255 24271      221.4895    84     4545.9133      220.5927  3134680   95.15%
  35542 24467      221.6940   149     4545.9133      220.6941  3154968   95.15%
  35711 24652      296.4566    67     4545.9133      220.7921  3172070   95.14%
  35714 24886      297.1017    71     4545.9133      220.9749  3193769   95.14%
  35832 24954      237.8243   203     4545.9133      220.9749  3202963   95.14%
Elapsed time = 1405.67 sec. (1341536.81 ticks, tree = 330.98 MB, solutions = 12)
  35848 24888      221.0024   164     4545.9133      221.0024  3193449   95.14%
  35979 25013      224.8286    78     4545.9133      221.0857  3212855   95.14%
  36197 25143      680.4675    13     4545.9133      221.2248  3233990   95.13%
  36444 25214      229.5444    29     4545.9133      221.2248  3244848   95.13%
  36736 25476      263.4218    35     4545.9133      221.3594  3277549   95.13%
  37093 25403      271.8182    14     4545.9133      221.3594  3267461   95.13%
  37372 25682      235.6429    59     4545.9133      221.6080  3299236   95.13%
  37657 25971     3092.9046    28     4545.9133      221.7079  3333552   95.12%
  37985 26135      222.2679   139     4545.9133      221.7462  3348538   95.12%
  38193 26365      257.5200    38     4545.9133      221.8000  3371791   95.12%
Elapsed time = 1447.12 sec. (1379821.66 ticks, tree = 350.19 MB, solutions = 12)
  38335 26418      263.8833   148     4545.9133      221.8000  3376859   95.12%
  38482 26495      292.2176    95     4545.9133      222.1551  3388586   95.11%
  38645 26655      262.6788   160     4545.9133      222.1551  3413187   95.11%
  38751 26719      245.8774    71     4545.9133      222.1551  3422534   95.11%
  38824 26767      348.7575    62     4545.9133      222.2996  3428764   95.11%
  38943 26846      379.4316    27     4545.9133      222.2996  3439634   95.11%
  38981 26825      263.6651    82     4545.9133      222.3249  3434375   95.11%
  38985 26992      265.3101    83     4545.9133      222.3759  3453885   95.11%
  38990 27001      364.7767    19     4545.9133      222.3759  3454533   95.11%
  39005 26994      267.6026    73     4545.9133      222.4212  3454023   95.11%
Elapsed time = 1492.42 sec. (1419962.29 ticks, tree = 358.85 MB, solutions = 12)
  39008 27002      267.6026    73     4545.9133      222.4212  3454306   95.11%
  39168 27127      494.7191    31     4545.9133      222.4212  3464948   95.11%
  39446 27239      222.6428    75     4545.9133      222.5263  3477361   95.10%
  39755 27196      298.5305    52     4545.9133      222.5263  3473559   95.10%
  40033 27429      266.3736   155     4545.9133      222.5668  3496124   95.10%
  40324 27560      286.6381   117     4545.9133      222.5964  3515727   95.10%
  40636 27923      279.8509    37     4545.9133      222.6295  3546457   95.10%
  40880 28037      275.8634    23     4545.9133      222.6770  3556740   95.10%
  41201 28230      411.4133    25     4545.9133      222.6770  3580884   95.10%
  41405 28380      276.6792    39     4545.9133      222.9101  3601111   95.10%
Elapsed time = 1534.25 sec. (1458581.95 ticks, tree = 377.64 MB, solutions = 12)
  41434 28510      270.0209    41     4545.9133      222.9101  3612419   95.10%
  41439 28595      281.3812    43     4545.9133      223.1247  3623099   95.09%
  41610 28712      254.2718    32     4545.9133      223.1247  3631618   95.09%
  41796 28848      266.6845    45     4545.9133      223.1405  3639687   95.09%
  41907 28897      268.0309    13     4545.9133      223.1700  3643700   95.09%
  42281 29066     3408.3761    39     4545.9133      223.1761  3657075   95.09%
  42657 29160      358.8818    44     4545.9133      223.2612  3666464   95.09%
  42897 29323      300.7218    34     4545.9133      223.2612  3692892   95.09%
  43175 29670      252.4067    29     4545.9133      223.3327  3727889   95.09%
  43355 29472      223.7060    41     4545.9133      223.3327  3716252   95.09%
Elapsed time = 1583.94 sec. (1500291.37 ticks, tree = 392.67 MB, solutions = 12)
  43545 29766      256.3887   108     4545.9133      223.4127  3747536   95.09%
  43677 29850     1045.2128    22     4545.9133      223.6400  3754438   95.08%
  43722 30023     1068.1475    16     4545.9133      223.7000  3778249   95.08%
  43836 30140      249.0536   219     4545.9133      223.7002  3791089   95.08%
  43879 30168      271.8633    50     4545.9133      223.7002  3796229   95.08%
  44189 30305     2945.1095    81     4545.9133      223.7479  3807580   95.08%
  44336 30367        cutoff           4545.9133      223.7479  3819737   95.08%
Starting limited solution polishing.
* 44439+30521                         4545.9133      223.8000            95.08%
  44541 30419      356.0036    25     4545.9133      223.8000  3825488   95.08%
  44764 30649      281.1709    37     4545.9133      223.9154  3852216   95.07%
  45121 30731      256.3346   102     4545.9133      223.9154  3861692   95.07%
Elapsed time = 1634.14 sec. (1541247.93 ticks, tree = 409.80 MB, solutions = 12)
  45390 31097      233.4801   148     4545.9133      223.9589  3894386   95.07%
  45593 30944    infeasible           4545.9133      223.9589  3892708   95.07%
  45685 31319      255.2057    60     4545.9133      224.0264  3932709   95.07%
  45933 31381      269.4844   104     4545.9133      224.1390  3941249   95.07%
  46061 31456      263.1218    74     4545.9133      224.2673  3947257   95.07%
  46314 31542      281.2800    25     4545.9133      224.2673  3955316   95.07%
  46562 31661      374.3410    49     4545.9133      224.3536  3962922   95.06%
  46777 31782      242.3073    85     4545.9133      224.4150  3979064   95.06%
  47042 32105      227.9709    54     4545.9133      224.4713  4010409   95.06%
  47254 32169    infeasible           4545.9133      224.4713  4020133   95.06%
Elapsed time = 1679.77 sec. (1582818.68 ticks, tree = 429.24 MB, solutions = 12)
  47266 32401      264.3935    41     4545.9133      224.5757  4038771   95.06%
  47325 32403      284.8420    72     4545.9133      224.5757  4040178   95.06%
  47333 32429    infeasible           4545.9133      224.7299  4050032   95.06%
  47538 32472      330.3743    68     4545.9133      224.7434  4053035   95.06%
  47714 32588      300.6350    60     4545.9133      224.8278  4060769   95.05%
  47882 32776      225.2182    26     4545.9133      224.8345  4079666   95.05%
  48014 32831      285.4045    57     4545.9133      224.8483  4086616   95.05%
  48204 32884      253.2255    32     4545.9133      224.8900  4092530   95.05%
  48370 33063      336.2136     8     4545.9133      224.9345  4116139   95.05%
  48501 33069      254.7741    45     4545.9133      224.9345  4114541   95.05%
Elapsed time = 1725.75 sec. (1623389.14 ticks, tree = 441.26 MB, solutions = 12)
  48627 33280      293.0050   174     4545.9133      225.0083  4141120   95.05%
  48651 33304      301.0912   171     4545.9133      225.0083  4143351   95.05%
  48723 33284      290.1273    55     4545.9133      225.0264  4142599   95.05%
  48870 33457      244.1128    31     4545.9133      225.0665  4158751   95.05%
  49014 33514      378.7709    36     4545.9133      225.0913  4171853   95.05%
  49114 33504      255.6800    37     4545.9133      225.0913  4169648   95.05%
  49212 33628      315.2282    45     4545.9133      225.1249  4183813   95.05%
  49383 33728        cutoff           4545.9133      225.1249  4193806   95.05%
  49493 33802      307.0979   114     4545.9133      225.1249  4204722   95.05%
  49564 33858      284.8906   123     4545.9133      225.1249  4215263   95.05%
Elapsed time = 1773.78 sec. (1669473.06 ticks, tree = 453.16 MB, solutions = 12)
  49714 33586      260.1502    33     4545.9133      225.1249  4175574   95.05%
  49914 34012      292.5248   135     4545.9133      225.2606  4224972   95.04%
  50114 34179      247.4487    39     4545.9133      225.2959  4243871   95.04%
  50314 34319      305.9145    18     4545.9133      225.3133  4249077   95.04%
  50566 34435      326.3214   132     4545.9133      225.3520  4260011   95.04%

GUB cover cuts applied:  7
Cover cuts applied:  23
Implied bound cuts applied:  1
Flow cuts applied:  51
Mixed integer rounding cuts applied:  72
Zero-half cuts applied:  24
Lift and project cuts applied:  3
Gomory fractional cuts applied:  3

Root node processing (before b&c):
  Real time             =   60.16 sec. (67957.74 ticks)
Parallel b&c, 2 threads:
  Real time             = 1739.97 sec. (1627854.23 ticks)
  Sync time (average)   =   65.01 sec.
  Wait time (average)   =    0.01 sec.
                          ------------
Total (root+branch&cut) = 1800.12 sec. (1695811.97 ticks)

Operational solve summary
------------------------------------------------------------
Solve status: time limit exceeded
Objective value: 4545.9133323012975
Runtime seconds: 1803.0890

KPI values
Solve Status: time limit exceeded
Objective Value: 4545.9133323012975
Runtime Seconds: 1803.0889628999867
Truck Only Mode: 0
Truck Warm Start: 1
Drones In Model: 6
Robots In Model: 6
Reported Makespan: 14.313333332301298
Objective: 4545.9133323012975
Operating Cost: 232.57999999999998
Route Duration Penalty: 4313.333332301298
Route Duration Excess: 4.313333332301298
Time Window Penalty: 0.0
Total Penalty: 4313.333332301298
Used Trucks: 1.0
truck_variable_cost: 171.1
drone_variable_cost: 2.88
robot_variable_cost: 0.6
truck_fixed_cost: 30.0
drone_fixed_cost: 20.0
robot_fixed_cost: 8.0
total_variable_cost: 174.57999999999998
total_fixed_cost: 58.0
operating_cost: 232.57999999999998
route_duration_penalty: 4313.333332301298
time_window_penalty: 0.0
total_penalty: 4313.333332301298
objective_value: 4545.9133323012975

Selected truck route arcs
 truck  i  j  value
     2  0  1    1.0
     2  1 10    1.0
     2  2 11    1.0
     2  3  2    1.0
     2  5 12    1.0
     2 10  3    1.0
     2 11  5    1.0

Reconstructed truck routes
 truck                                   route  arc_count  starts_at_depot  ends_at_end_depot status
     1                                  unused          0            False              False unused
     2 0 -> 1 -> 10 -> 3 -> 2 -> 11 -> 5 -> 12          7             True               True   used
     3                                  unused          0            False              False unused

Selected drone sorties
 launch_truck  recovery_truck  drone  sortie_id  value_launch  value_recovery truck  i  k sequence sequence_text             route  customer_count  payload  travel_distance  travel_duration_precomputed_hr  cost  truck_launch_time_hr  truck_recovery_time_hr  platform_finish_time_hr  recovery_slack_hr  travel_duration_hr  service_duration_hr  active_duration_hr  elapsed_schedule_time_hr  waiting_time_hr
            2               2      1        272           1.0             1.0  2->2 10  2   (8, 6)           8,6 10 -> 8 -> 6 -> 2               2     1.78             16.0                        0.213333  1.28              0.450000                9.416667                 8.793333       6.233333e-01            0.213333                 0.16            0.373333                  8.966667         7.970000
            2               2      2         51           1.0             1.0  2->2  1  3   (7, 9)           7,9  1 -> 7 -> 9 -> 3               2     0.99             20.0                        0.266667  1.60              0.022222                8.900000                 8.900000      -1.002181e-09            0.266667                 0.16            0.426667                  8.877778         8.451111

Selected robot sorties
 launch_truck  recovery_truck  robot  sortie_id  value_launch  value_recovery truck  i  k sequence sequence_text        route  customer_count  payload  travel_distance  travel_duration_precomputed_hr  cost  truck_launch_time_hr  truck_recovery_time_hr  platform_finish_time_hr  recovery_slack_hr  travel_duration_hr  service_duration_hr  active_duration_hr  elapsed_schedule_time_hr  waiting_time_hr
            2               2      1         59           1.0             1.0  2->2 10  3     (4,)             4 10 -> 4 -> 3               1     1.24             10.0                             0.4   0.6                  0.45                     8.9                     5.98               2.92                 0.4                 0.08                0.48                      8.45             5.05

Sortie timing audit
platform  vehicle  sortie_id truck  launch_truck  recovery_truck             route     leg  from_node  to_node  travel_distance  travel_duration_hr  arrival_before_wait_hr  wait_hr  service_start_hr  service_duration_hr  service_finish_hr
   drone        1        272  2->2             2               2 10 -> 8 -> 6 -> 2 10 -> 8         10        8              6.0            0.080000                0.530000 7.970000          8.500000                 0.08           8.580000
   drone        1        272  2->2             2               2 10 -> 8 -> 6 -> 2  8 -> 6          8        6              6.0            0.080000                8.660000 0.000000          8.660000                 0.08           8.740000
   drone        1        272  2->2             2               2 10 -> 8 -> 6 -> 2  6 -> 2          6        2              4.0            0.053333                8.793333 0.000000          8.793333                 0.00           8.793333
   drone        2         51  2->2             2               2  1 -> 7 -> 9 -> 3  1 -> 7          1        7              6.0            0.080000                0.102222 0.000000          0.102222                 0.08           0.182222
   drone        2         51  2->2             2               2  1 -> 7 -> 9 -> 3  7 -> 9          7        9              5.0            0.066667                0.248889 8.451111          8.700000                 0.08           8.780000
   drone        2         51  2->2             2               2  1 -> 7 -> 9 -> 3  9 -> 3          9        3              9.0            0.120000                8.900000 0.000000          8.900000                 0.00           8.900000
   robot        1         59  2->2             2               2      10 -> 4 -> 3 10 -> 4         10        4              5.0            0.200000                0.650000 5.050000          5.700000                 0.08           5.780000
   robot        1         59  2->2             2               2      10 -> 4 -> 3  4 -> 3          4        3              5.0            0.200000                5.980000 0.000000          5.980000                 0.00           5.980000

Customer assignment
 customer_id assigned_mode                       assignment_detail
           1         truck                        truck 2: visit 1
           2         truck                        truck 2: visit 2
           3         truck                        truck 2: visit 3
           4         robot      robot 1: 10 -> 4 -> 3 (truck 2->2)
           5         truck                        truck 2: visit 5
           6         drone drone 1: 10 -> 8 -> 6 -> 2 (truck 2->2)
           7         drone  drone 2: 1 -> 7 -> 9 -> 3 (truck 2->2)
           8         drone drone 1: 10 -> 8 -> 6 -> 2 (truck 2->2)
           9         drone  drone 2: 1 -> 7 -> 9 -> 3 (truck 2->2)
          10         truck                       truck 2: visit 10
          11         truck                       truck 2: visit 11

Arrival times
 mode vehicle  node_id                     status arrival_time
truck       1        0               unused_truck             
truck       1        1               unused_truck             
truck       1        2               unused_truck             
truck       1        3               unused_truck             
truck       1        4               unused_truck             
truck       1        5               unused_truck             
truck       1        6               unused_truck             
truck       1        7               unused_truck             
truck       1        8               unused_truck             
truck       1        9               unused_truck             
truck       1       10               unused_truck             
truck       1       11               unused_truck             
truck       1       12               unused_truck             
truck       2        0                    visited          0.0
truck       2        1                    visited     0.022222
truck       2        2                    visited     9.416667
truck       2        3                    visited          8.9
truck       2        4                not_visited             
truck       2        5                    visited         13.9
truck       2        6                not_visited             
truck       2        7                not_visited             
truck       2        8                not_visited             
truck       2        9                not_visited             
truck       2       10                    visited         0.45
truck       2       11                    visited     9.844444
truck       2       12                    visited    14.313333
truck       3        0               unused_truck             
truck       3        1               unused_truck             
truck       3        2               unused_truck             
truck       3        3               unused_truck             
truck       3        4               unused_truck             
truck       3        5               unused_truck             
truck       3        6               unused_truck             
truck       3        7               unused_truck             
truck       3        8               unused_truck             
truck       3        9               unused_truck             
truck       3       10               unused_truck             
truck       3       11               unused_truck             
truck       3       12               unused_truck             
drone                0                      depot          0.0
robot                0                      depot          0.0
drone                1 not_served_value_arbitrary         -0.0
robot                1 not_served_value_arbitrary          0.0
drone                2 not_served_value_arbitrary          0.0
robot                2 not_served_value_arbitrary          0.0
drone                3 not_served_value_arbitrary          0.0
robot                3 not_served_value_arbitrary          0.0
drone                4 not_served_value_arbitrary          0.0
robot                4                     served         8.62
drone                5 not_served_value_arbitrary          0.0
robot                5 not_served_value_arbitrary          0.0
drone                6                     served     9.283333
robot                6 not_served_value_arbitrary          0.0
drone                7                     served     8.553333
robot                7 not_served_value_arbitrary         -0.0
drone                8                     served     9.123333
robot                8 not_served_value_arbitrary          0.0
drone                9                     served          8.7
robot                9 not_served_value_arbitrary         11.7
drone               10 not_served_value_arbitrary          0.0
robot               10 not_served_value_arbitrary          0.0
drone               11 not_served_value_arbitrary          0.0
robot               11 not_served_value_arbitrary          0.0
drone               12                      depot          0.0
robot               12                      depot          0.0

Positive penalty variables
route_late_t[2]: 4.313333
route_late_global[global]: 4.313333

Warnings / modeling notes
- Operational constraints are route-completeness constraints, not explicit PDF constraints.
- Flexible docking uses h_launch/h_recover and g_launch/g_recover.
- Big-M used: 10000.0

Excel exported to: results/final_30min\tdrp_11_75_ordered_sorties_github_final_30min_3_10_no_cmax_arrival_status_solution.xlsx
LP file: results/final_30min\tdrp_11_75_ordered_sorties_github_final_30min_3_10_no_cmax_arrival_status_model.lp
Operational notes: results/final_30min\tdrp_11_75_ordered_sorties_github_final_30min_3_10_no_cmax_arrival_status_model_notes.md

