
Operational model information
------------------------------------------------------------
Model: drone_robot_truck_ordered_sorties_first_instance
 - number of variables: 143851
   - binary=143692, integer=0, continuous=159
 - number of constraints: 327148
   - linear=327148
 - parameters:
     parameters.threads = 2
     parameters.timelimit = 1800.00000000000000
     parameters.workmem = 4096.00000000000000
     parameters.emphasis.memory = 1
     parameters.mip.strategy.file = 3
 - objective: minimize
 - problem type is: MILP
Truck-only warm start added: True
LP exported to: results/final_30min\tdrp_8_25_ordered_sorties_github_final_30min_3_10_no_cmax_arrival_status_model.lp
Version identifier: 22.1.1.0 | 2022-11-27 | 9160aff4d
CPXPARAM_Read_DataCheck                          1
CPXPARAM_Threads                                 2
CPXPARAM_Emphasis_Memory                         1
CPXPARAM_MIP_Strategy_File                       3
CPXPARAM_TimeLimit                               1800
CPXPARAM_WorkMem                                 4096
1 of 1 MIP starts provided solutions.
MIP start 'm1' defined initial solution with objective 3194.4778.
Tried aggregator 1 time.
MIP Presolve eliminated 30999 rows and 20 columns.
MIP Presolve modified 17346 coefficients.
Reduced MIP has 296149 rows, 143831 columns, and 1354841 nonzeros.
Reduced MIP has 143692 binaries, 0 generals, 0 SOSs, and 0 indicators.
Presolve time = 8.81 sec. (8538.70 ticks)
Probing time = 0.52 sec. (145.52 ticks)
Tried aggregator 1 time.
Detecting symmetries...
Reduced MIP has 296149 rows, 143831 columns, and 1354841 nonzeros.
Reduced MIP has 143692 binaries, 0 generals, 0 SOSs, and 0 indicators.
Presolve time = 7.02 sec. (4932.10 ticks)
Probing time = 0.39 sec. (144.50 ticks)
Clique table members: 742180.
MIP emphasis: balance optimality and feasibility.
MIP search method: dynamic search.
Parallel mode: deterministic, using up to 2 threads.
Root relaxation solution time = 2.66 sec. (1324.43 ticks)

        Nodes                                         Cuts/
   Node  Left     Objective  IInf  Best Integer    Best Bound    ItCnt     Gap

*     0+    0                         3194.4778        0.0000           100.00%
      0     0       53.2000    36     3194.4778       53.2000      577   98.33%
      0     0       53.2000    36     3194.4778      Cuts: 22      588   98.33%
Compressing row and column files.
      0     0       54.6600    43     3194.4778       Cuts: 7      855   98.29%
      0     0       54.6600    64     3194.4778      Cuts: 14      907   98.29%
      0     2       54.6600    42     3194.4778       54.6600      907   98.29%
Elapsed time = 596.12 sec. (131756.63 ticks, tree = 0.02 MB, solutions = 1)
      1     3       56.1000    40     3194.4778       54.6600      969   98.29%
      3     5      357.6822    17     3194.4778       56.1000     1053   98.24%
      5     7      359.0472    13     3194.4778       56.1000     1193   98.24%
      8     9      359.0472    10     3194.4778       56.1000     1226   98.24%
     11    11       57.3202    46     3194.4778       56.1000     1410   98.24%
     13    13       57.6700    37     3194.4778       56.1000     1492   98.24%
     14    14       61.9283    40     3194.4778       56.1000     1689   98.24%
     17    17       59.6100    17     3194.4778       56.1000     1813   98.24%
     18    18       60.6917    11     3194.4778       56.1000     1866   98.24%
     27    25       83.3600     9     3194.4778       56.1000     2204   98.24%
Elapsed time = 607.12 sec. (136542.79 ticks, tree = 1.65 MB, solutions = 1)
     34    24       59.0004    40     3194.4778       57.6350     2353   98.20%
     50    36       62.6850    44     3194.4778       57.6350     2907   98.20%
     59    39       59.9564    18     3194.4778       57.6850     3215   98.19%
     63    44       66.3050    60     3194.4778       57.6850     4913   98.19%
     64    45       68.5350    67     3194.4778       57.6850     5229   98.19%
     65    42       64.2450     8     3194.4778       57.6850     3404   98.19%
     70    52      101.2302    19     3194.4778       57.6850     5557   98.19%
     74    50       60.0875     9     3194.4778       59.0000     5676   98.15%
     83    54        cutoff           3194.4778       59.0000     5910   98.15%
     89    56       62.4935    32     3194.4778       59.0000     6167   98.15%
Elapsed time = 669.86 sec. (154300.78 ticks, tree = 3.23 MB, solutions = 1)
     93    58       94.8875     4     3194.4778       59.0000     6285   98.15%
    105    64       59.8388    47     3194.4778       59.0000     6487   98.15%
    120    79       60.2510    49     3194.4778       59.0000     6793   98.15%
    136    95       60.2527    52     3194.4778       59.0000     7275   98.15%
    146   105       60.2560    48     3194.4778       59.0000     7514   98.15%
    160   119       60.2580    41     3194.4778       59.0000     7676   98.15%
    170   129       60.2597    52     3194.4778       59.0000     8526   98.15%
    183   142       60.2597    52     3194.4778       59.0000     8559   98.15%
    200   159       60.2597    52     3194.4778       59.0000     8736   98.15%
    216   175       60.2597    52     3194.4778       59.0000     9488   98.15%
Elapsed time = 704.03 sec. (166334.06 ticks, tree = 13.58 MB, solutions = 1)
    220   179       60.2597    52     3194.4778       59.0000     9641   98.15%
    237   196       60.2597    52     3194.4778       59.0000     9882   98.15%
    243   202       60.9454    16     3194.4778       59.0000    10021   98.15%
    252   209        cutoff           3194.4778       59.0000    10861   98.15%
    257   210       60.5667    17     3194.4778       59.0000    11143   98.15%
    263   214       91.6256    12     3194.4778       59.0000    11356   98.15%
    272   219       99.6000     4     3194.4778       59.0000    11651   98.15%
    278   223      105.6867    10     3194.4778       59.0000    12053   98.15%
    280   225     2015.6878    14     3194.4778       59.0000    12394   98.15%
    286   229      100.2887    45     3194.4778       59.0000    13282   98.15%
Elapsed time = 759.39 sec. (179310.74 ticks, tree = 18.20 MB, solutions = 1)
    287   228        cutoff           3194.4778       59.0000    13753   98.15%
    288   229      128.9600    11     3194.4778       59.0000    15134   98.15%
    289   230      139.2120    27     3194.4778       59.0000    15750   98.15%
    291   232      130.5900    41     3194.4778       59.0000    17409   98.15%
    294   233        cutoff           3194.4778       59.0000    17613   98.15%
    297   232     2052.5396     8     3194.4778       59.0000    17736   98.15%
    309   240     2057.0662     9     3194.4778       59.0000    18052   98.15%
    310   241     2065.2150     6     3194.4778       59.0000    19155   98.15%
    315   242       60.4636    18     3194.4778       59.0000    20526   98.15%
    320   247       81.2333     8     3194.4778       59.0000    21249   98.15%
Elapsed time = 847.42 sec. (197259.03 ticks, tree = 19.88 MB, solutions = 1)
    330   253       64.8000     4     3194.4778       59.0000    21499   98.15%
    339   260       63.3500     8     3194.4778       59.0000    21652   98.15%
    346   267       70.0816    11     3194.4778       59.0000    26116   98.15%
    348   267       71.1675     8     3194.4778       59.0000    34826   98.15%
    349   266        cutoff           3194.4778       59.0000    36518   98.15%
    351   266       62.4094    40     3194.4778       59.0000    36548   98.15%
    360   275       62.4219    40     3194.4778       59.0000    36683   98.15%
    374   289       62.4375    46     3194.4778       59.0000    36803   98.15%
    389   304       62.4428    46     3194.4778       59.0000    36868   98.15%
    401   316       62.4428    46     3194.4778       59.0000    36904   98.15%
Elapsed time = 1165.64 sec. (255792.85 ticks, tree = 25.92 MB, solutions = 1)
    415   330       62.6069    45     3194.4778       59.0000    37056   98.15%
    429   344       62.6162    47     3194.4778       59.0000    37180   98.15%
    440   355       62.6174    47     3194.4778       59.0000    37243   98.15%
    455   370       62.6186    47     3194.4778       59.0000    37288   98.15%
    469   384       62.6546    25     3194.4778       59.0000    37359   98.15%
    480   395       62.6793    47     3194.4778       59.0000    37426   98.15%
    493   408       62.7037    44     3194.4778       59.0000    37656   98.15%
    507   422       62.7069    44     3194.4778       59.0000    37829   98.15%
    520   435       62.7087    44     3194.4778       59.0000    37998   98.15%
    534   449       62.7100    44     3194.4778       59.0000    38107   98.15%
Elapsed time = 1181.23 sec. (266447.81 ticks, tree = 37.83 MB, solutions = 1)
    548   463       62.7108    24     3194.4778       59.0000    38215   98.15%
    560   475       62.7125    16     3194.4778       59.0000    38321   98.15%
    574   489       62.7145    32     3194.4778       59.0000    38447   98.15%
    588   503       62.7165    45     3194.4778       59.0000    38585   98.15%
    600   515       62.7219    44     3194.4778       59.0000    38690   98.15%
    614   529       62.7219    44     3194.4778       59.0000    38802   98.15%
    622   537       62.7325    47     3194.4778       59.0000    38874   98.15%
    636   551       62.7336    47     3194.4778       59.0000    38967   98.15%
    647   562       62.7346    47     3194.4778       59.0000    39000   98.15%
    661   575       62.7357    47     3194.4778       59.0000    39039   98.15%
Elapsed time = 1209.30 sec. (279655.89 ticks, tree = 49.53 MB, solutions = 1)
    673   589       62.7571    46     3194.4778       59.0000    74726   98.15%
    681   597       62.7579    46     3194.4778       59.0000    74953   98.15%
    696   612       62.7586    46     3194.4778       59.0000    75093   98.15%
    711   627       62.7712    34     3194.4778       59.0000    75229   98.15%
    722   638       62.7734    26     3194.4778       59.0000    75442   98.15%
    737   653       62.7809    34     3194.4778       59.0000    75559   98.15%
    747   663       62.8672    35     3194.4778       59.0000    75961   98.15%
    761   677       62.8875    20     3194.4778       59.0000    76278   98.15%
    769   685       63.2441    29     3194.4778       59.0000    76871   98.15%
    781   697       63.2548    29     3194.4778       59.0000    77034   98.15%
Elapsed time = 1352.25 sec. (303441.49 ticks, tree = 60.09 MB, solutions = 1)
    797   713       63.2851    46     3194.4778       59.0000    77150   98.15%
    804   720       63.5443    49     3194.4778       59.0000    77451   98.15%
    819   735       63.5470    49     3194.4778       59.0000    77586   98.15%
    832   748       63.5632    49     3194.4778       59.0000    77708   98.15%

Cover cuts applied:  2
Implied bound cuts applied:  22
Flow cuts applied:  5
Mixed integer rounding cuts applied:  1
Lift and project cuts applied:  1
Gomory fractional cuts applied:  1

Root node processing (before b&c):
  Real time             =  595.08 sec. (131437.60 ticks)
Parallel b&c, 2 threads:
  Real time             = 1205.44 sec. (367840.51 ticks)
  Sync time (average)   =   34.01 sec.
  Wait time (average)   =    0.00 sec.
                          ------------
Total (root+branch&cut) = 1800.52 sec. (499278.10 ticks)

Operational solve summary
------------------------------------------------------------
Solve status: time limit exceeded
Objective value: 3194.477777800729
Runtime seconds: 1829.5637

KPI values
Solve Status: time limit exceeded
Objective Value: 3194.477777800729
Runtime Seconds: 1829.5636584000313
Truck Only Mode: 0
Truck Warm Start: 1
Drones In Model: 8
Robots In Model: 8
Reported Makespan: 13.09777777780073
Objective: 3194.477777800729
Operating Cost: 96.69999999999999
Route Duration Penalty: 3097.7777778007294
Route Duration Excess: 3.0977777778007294
Time Window Penalty: 0.0
Total Penalty: 3097.7777778007294
Used Trucks: 1.0
truck_variable_cost: 66.69999999999999
drone_variable_cost: 0.0
robot_variable_cost: 0.0
truck_fixed_cost: 30.0
drone_fixed_cost: 0.0
robot_fixed_cost: 0.0
total_variable_cost: 66.69999999999999
total_fixed_cost: 30.0
operating_cost: 96.69999999999999
route_duration_penalty: 3097.7777778007294
time_window_penalty: 0.0
total_penalty: 3097.7777778007294
objective_value: 3194.477777800729

Selected truck route arcs
 truck  i  j  value
     1  0  3    1.0
     1  1  9    1.0
     1  2  6    1.0
     1  3  2    1.0
     1  4  1    1.0
     1  5  7    1.0
     1  6  5    1.0
     1  7  8    1.0
     1  8  4    1.0

Reconstructed truck routes
 truck                                          route  arc_count  starts_at_depot  ends_at_end_depot status
     1 0 -> 3 -> 2 -> 6 -> 5 -> 7 -> 8 -> 4 -> 1 -> 9          9             True               True   used
     2                                         unused          0            False              False unused
     3                                         unused          0            False              False unused
     4                                         unused          0            False              False unused
     5                                         unused          0            False              False unused
     6                                         unused          0            False              False unused

Selected drone sorties
(none)

Selected robot sorties
(none)

Sortie timing audit
platform vehicle sortie_id truck launch_truck recovery_truck route leg  travel_duration_hr  arrival_before_wait_hr  wait_hr  service_start_hr  service_duration_hr  service_finish_hr
  (none)                                                                               0.0                     0.0      0.0               0.0                  0.0                0.0

Customer assignment
 customer_id assigned_mode assignment_detail
           1         truck  truck 1: visit 1
           2         truck  truck 1: visit 2
           3         truck  truck 1: visit 3
           4         truck  truck 1: visit 4
           5         truck  truck 1: visit 5
           6         truck  truck 1: visit 6
           7         truck  truck 1: visit 7
           8         truck  truck 1: visit 8

Arrival times
 mode vehicle  node_id                     status arrival_time
truck       1        0                    visited          0.0
truck       1        1                    visited        12.67
truck       1        2                    visited     0.522222
truck       1        3                    visited         0.25
truck       1        4                    visited        11.13
truck       1        5                    visited         1.83
truck       1        6                    visited     0.794444
truck       1        7                    visited         8.03
truck       1        8                    visited         9.58
truck       1        9                    visited    13.097778
truck       2        0               unused_truck             
truck       2        1               unused_truck             
truck       2        2               unused_truck             
truck       2        3               unused_truck             
truck       2        4               unused_truck             
truck       2        5               unused_truck             
truck       2        6               unused_truck             
truck       2        7               unused_truck             
truck       2        8               unused_truck             
truck       2        9               unused_truck             
truck       3        0               unused_truck             
truck       3        1               unused_truck             
truck       3        2               unused_truck             
truck       3        3               unused_truck             
truck       3        4               unused_truck             
truck       3        5               unused_truck             
truck       3        6               unused_truck             
truck       3        7               unused_truck             
truck       3        8               unused_truck             
truck       3        9               unused_truck             
truck       4        0               unused_truck             
truck       4        1               unused_truck             
truck       4        2               unused_truck             
truck       4        3               unused_truck             
truck       4        4               unused_truck             
truck       4        5               unused_truck             
truck       4        6               unused_truck             
truck       4        7               unused_truck             
truck       4        8               unused_truck             
truck       4        9               unused_truck             
truck       5        0               unused_truck             
truck       5        1               unused_truck             
truck       5        2               unused_truck             
truck       5        3               unused_truck             
truck       5        4               unused_truck             
truck       5        5               unused_truck             
truck       5        6               unused_truck             
truck       5        7               unused_truck             
truck       5        8               unused_truck             
truck       5        9               unused_truck             
truck       6        0               unused_truck             
truck       6        1               unused_truck             
truck       6        2               unused_truck             
truck       6        3               unused_truck             
truck       6        4               unused_truck             
truck       6        5               unused_truck             
truck       6        6               unused_truck             
truck       6        7               unused_truck             
truck       6        8               unused_truck             
truck       6        9               unused_truck             
drone                0                      depot          0.0
robot                0                      depot          0.0
drone                1 not_served_value_arbitrary          0.0
robot                1 not_served_value_arbitrary          0.0
drone                2 not_served_value_arbitrary          0.0
robot                2 not_served_value_arbitrary          0.0
drone                3 not_served_value_arbitrary          0.0
robot                3 not_served_value_arbitrary          0.0
drone                4 not_served_value_arbitrary          0.0
robot                4 not_served_value_arbitrary          0.0
drone                5 not_served_value_arbitrary          0.0
robot                5 not_served_value_arbitrary          0.0
drone                6 not_served_value_arbitrary          0.0
robot                6 not_served_value_arbitrary          0.0
drone                7 not_served_value_arbitrary          0.0
robot                7 not_served_value_arbitrary          0.0
drone                8 not_served_value_arbitrary          0.0
robot                8 not_served_value_arbitrary          0.0
drone                9                      depot          0.0
robot                9                      depot          0.0

Positive penalty variables
route_late_t[1]: 3.097778
route_late_global[global]: 3.097778

Warnings / modeling notes
- Operational constraints are route-completeness constraints, not explicit PDF constraints.
- Flexible docking uses h_launch/h_recover and g_launch/g_recover.
- Big-M used: 10000.0

Excel exported to: results/final_30min\tdrp_8_25_ordered_sorties_github_final_30min_3_10_no_cmax_arrival_status_solution.xlsx
LP file: results/final_30min\tdrp_8_25_ordered_sorties_github_final_30min_3_10_no_cmax_arrival_status_model.lp
Operational notes: results/final_30min\tdrp_8_25_ordered_sorties_github_final_30min_3_10_no_cmax_arrival_status_model_notes.md

