
Operational model information
------------------------------------------------------------
Model: drone_robot_truck_ordered_sorties_first_instance
 - number of variables: 34363
   - binary=34268, integer=0, continuous=95
 - number of constraints: 81228
   - linear=81228
 - parameters:
     parameters.threads = 2
     parameters.timelimit = 1800.00000000000000
     parameters.workmem = 4096.00000000000000
     parameters.emphasis.memory = 1
     parameters.mip.strategy.file = 3
 - objective: minimize
 - problem type is: MILP
Truck-only warm start added: True
LP exported to: results/final_30min\tdrp_6_25_ordered_sorties_github_final_30min_3_10_no_cmax_arrival_status_model.lp
Version identifier: 22.1.1.0 | 2022-11-27 | 9160aff4d
CPXPARAM_Read_DataCheck                          1
CPXPARAM_Threads                                 2
CPXPARAM_Emphasis_Memory                         1
CPXPARAM_MIP_Strategy_File                       3
CPXPARAM_TimeLimit                               1800
CPXPARAM_WorkMem                                 4096
1 of 1 MIP starts provided solutions.
MIP start 'm1' defined initial solution with objective 3018.6778.
Tried aggregator 1 time.
MIP Presolve eliminated 10672 rows and 16 columns.
MIP Presolve modified 5988 coefficients.
Reduced MIP has 70556 rows, 34347 columns, and 322664 nonzeros.
Reduced MIP has 34268 binaries, 0 generals, 0 SOSs, and 0 indicators.
Presolve time = 1.45 sec. (1144.38 ticks)
Probing time = 0.14 sec. (52.59 ticks)
Tried aggregator 1 time.
Detecting symmetries...
Reduced MIP has 70556 rows, 34347 columns, and 322664 nonzeros.
Reduced MIP has 34268 binaries, 0 generals, 0 SOSs, and 0 indicators.
Presolve time = 1.34 sec. (964.05 ticks)
Probing time = 0.09 sec. (52.19 ticks)
Clique table members: 176665.
MIP emphasis: balance optimality and feasibility.
MIP search method: dynamic search.
Parallel mode: deterministic, using up to 2 threads.
Root relaxation solution time = 0.16 sec. (154.48 ticks)

        Nodes                                         Cuts/
   Node  Left     Objective  IInf  Best Integer    Best Bound    ItCnt     Gap

*     0+    0                         3018.6778        0.0000           100.00%
      0     0       47.0600    12     3018.6778       47.0600      187   98.44%
      0     0       47.4000    28     3018.6778      Cuts: 37      325   98.43%
      0     0       47.4000    28     3018.6778      Cuts: 23      342   98.43%
      0     0       47.6085    36     3018.6778      Cuts: 21      391   98.42%
      0     0       48.3100    52     3018.6778     Cuts: 525      416   98.40%
      0     0       49.0067    37     3018.6778     Cuts: 717      443   98.38%
      0     0       51.5800    15     3018.6778      Cuts: 10      467   98.29%
      0     0       52.7400    12     3018.6778       Cuts: 8      493   98.25%
      0     0       52.7400    12     3018.6778     Cuts: 388      496   98.25%
*     0+    0                         3015.4378       52.7400            98.25%
      0     2       52.7400    12     3015.4378       52.7400      496   98.25%
Elapsed time = 54.67 sec. (20201.16 ticks, tree = 0.02 MB, solutions = 2)
      2     4       54.1725    11     3015.4378       52.7400      642   98.25%
*     9+    1                         3014.4667       52.7400            98.25%
      9     7       88.9667     4     3014.4667       52.7400      818   98.25%
*    12+    1                         3006.0067       52.7400            98.25%
*    12+    1                         2955.4667       52.7400            98.22%
*    12+    1                         2952.5667       52.7400            98.21%
     15     9       54.1714    24     2952.5667       53.0512     1022   98.20%
     23    17     1956.7361     9     2952.5667       54.6556     1331   98.15%
     28    20       81.8600     6     2952.5667       54.6556     1345   98.15%
     38    28        cutoff           2952.5667       54.6556     2037   98.15%
     43    27    infeasible           2952.5667       54.6765     2572   98.15%
     50    26       56.1044    30     2952.5667       54.6765     3242   98.15%
     55    29       62.5452    25     2952.5667       54.6765     3686   98.15%
     63    29       81.8900     6     2952.5667       54.6765     5451   98.15%
Elapsed time = 68.16 sec. (24600.51 ticks, tree = 0.41 MB, solutions = 6)
     95    59       82.0700     6     2952.5667       54.6765     5758   98.15%
    116    76    infeasible           2952.5667       54.6765     6021   98.15%
    120    80       61.4636    64     2952.5667       54.6765    10086   98.15%
    124    78    infeasible           2952.5667       54.6765    10909   98.15%
    137    83      182.6578    25     2952.5667       54.6765    13281   98.15%
*   147+   84                         2952.1067       54.6765            98.15%
    161    91       61.7319    19     2952.1067       55.8841    13877   98.11%
    221   119     1961.7244    32     2952.1067       55.9182    14702   98.11%
    307   148    infeasible           2952.1067       55.9182    15879   98.11%
    386   268     1973.3098    22     2952.1067       55.9182    17526   98.11%
    479   300       57.3006    38     2952.1067       55.9182    18200   98.11%
Elapsed time = 91.30 sec. (35355.25 ticks, tree = 10.25 MB, solutions = 7)
    564   418     1973.3107    30     2952.1067       55.9182    18940   98.11%
    631   490     1755.9074    11     2952.1067       56.1097    19549   98.10%
    671   542       57.3456    41     2952.1067       56.1097    19624   98.10%
    712   562       57.3506    41     2952.1067       56.1097    19714   98.10%
    758   577    infeasible           2952.1067       56.1097    21692   98.10%
    790   623       57.4453    41     2952.1067       56.1097    23215   98.10%
    819   637       62.4019    15     2952.1067       56.1097    26782   98.10%
    822   637       62.7554    58     2952.1067       56.1097    28133   98.10%
    853   684       57.5352    18     2952.1067       56.1097    32149   98.10%
    860   685       57.5352    41     2952.1067       56.1097    33500   98.10%
Elapsed time = 119.61 sec. (47494.57 ticks, tree = 23.15 MB, solutions = 7)
    882   698       57.5412    37     2952.1067       56.1097    35118   98.10%
    891   707       58.3233    42     2952.1067       56.1097    37712   98.10%
    930   746       58.3632    46     2952.1067       56.1097    38322   98.10%
    970   786       58.4098    62     2952.1067       56.1097    38857   98.10%
   1006   822       58.6425    42     2952.1067       56.1097    40368   98.10%
   1010   824       96.5667     4     2952.1067       56.1097    47993   98.10%
   1013   823       58.5489    11     2952.1067       56.1097    48285   98.10%
   1024   826      121.9914    34     2952.1067       56.1097    48964   98.10%
   1027   827       59.0012    39     2952.1067       56.1097    51796   98.10%
   1079   850       59.7858    77     2952.1067       56.1097    52525   98.10%
Elapsed time = 146.08 sec. (60586.28 ticks, tree = 27.18 MB, solutions = 7)
   1133   924       62.7362    15     2952.1067       56.1097    55373   98.10%
   1204   966       64.6341    48     2952.1067       56.1097    56174   98.10%
   1269  1016       66.3692    21     2952.1067       56.1097    56359   98.10%
   1289  1068        cutoff           2952.1067       56.1097    58191   98.10%
   1320  1095       60.6240    65     2952.1067       56.1097    58261   98.10%
   1387  1133       61.1438    44     2952.1067       56.1097    58938   98.10%
   1401  1136       66.2858    30     2952.1067       56.1097    61816   98.10%
   1428  1190       88.9900     4     2952.1067       56.1097    63834   98.10%
   1441  1191    infeasible           2952.1067       56.1097    65219   98.10%
   1464  1193       63.8899    20     2952.1067       56.1097    65781   98.10%
Elapsed time = 164.94 sec. (71147.76 ticks, tree = 38.11 MB, solutions = 7)
   1500  1240       83.6733     8     2952.1067       56.1097    67522   98.10%
   1531  1279       61.7405    92     2952.1067       56.1097    68963   98.10%
   1534  1265       58.6162    11     2952.1067       56.1097    70463   98.10%
   1576  1318       57.7189    18     2952.1067       57.3256    73342   98.06%
   1585  1321       83.7333     4     2952.1067       57.3256    73975   98.06%
   1596  1320    infeasible           2952.1067       57.3256    76020   98.06%
   1601  1319       58.6162    11     2952.1067       57.3256    76979   98.06%
   1613  1322       63.8899    20     2952.1067       57.3356    77975   98.06%
   1631  1314    infeasible           2952.1067       57.3356    81552   98.06%
   1642  1350       68.6500    14     2952.1067       57.3356    82619   98.06%
Elapsed time = 183.48 sec. (83762.06 ticks, tree = 42.71 MB, solutions = 7)

Performing restart 1

Repeating presolve.
Tried aggregator 3 times.
MIP Presolve eliminated 743 rows and 13 columns.
MIP Presolve modified 56974 coefficients.
Aggregator did 2 substitutions.
Reduced MIP has 69811 rows, 34332 columns, and 320600 nonzeros.
Reduced MIP has 34255 binaries, 0 generals, 0 SOSs, and 0 indicators.
Presolve time = 1.03 sec. (1049.48 ticks)
Tried aggregator 1 time.
MIP Presolve eliminated 50555 rows and 24582 columns.
MIP Presolve modified 2221 coefficients.
Reduced MIP has 19256 rows, 9750 columns, and 85522 nonzeros.
Reduced MIP has 9673 binaries, 0 generals, 0 SOSs, and 0 indicators.
Presolve time = 0.20 sec. (157.43 ticks)
Tried aggregator 1 time.
Reduced MIP has 19256 rows, 9750 columns, and 85522 nonzeros.
Reduced MIP has 9673 binaries, 0 generals, 0 SOSs, and 0 indicators.
Presolve time = 0.14 sec. (134.59 ticks)
Represolve time = 134.11 sec. (83331.20 ticks)
*  1643+    0                         2941.1267       57.3406            98.05%
   1643     0       68.6067    34     2941.1267      Cuts: 19    84807   97.67%
   1643     0       81.4949    50     2941.1267      Cuts: 36    84854   97.23%
   1643     0       82.2000     8     2941.1267      Cuts: 39    84896   97.21%
   1643     0       82.2000     8     2941.1267      Cuts: 24    84905   97.21%
   1643     0       82.2000     8     2941.1267       Cuts: 2    84910   97.21%
   1643     0       82.2000     8     2941.1267      Cuts: 10    84913   97.21%
   1643     0       82.2000     8     2941.1267       Cuts: 6    84916   97.21%
   1643     2       82.2000     8     2941.1267       82.2000    84916   97.21%
   1662     8     2028.3457     7     2941.1267       82.3200    85232   97.20%
   1682    15     2030.4941     6     2941.1267       82.3200    85429   97.20%
   1707    20       90.4303    34     2941.1267       83.0400    86453   97.18%
   1721    16       84.4067    52     2941.1267       83.0400    87538   97.18%
   1723    27       91.5180    53     2941.1267       83.1482    87406   97.17%
   1733    30     2018.4951    50     2941.1267       83.6500    90165   97.16%
   1751    34      113.2627    67     2941.1267       83.6500    90593   97.16%
   1763    36       99.5008    18     2941.1267       83.6500    93304   97.16%
   1769    33      114.9232    48     2941.1267       83.6500    94227   97.16%
Elapsed time = 333.86 sec. (182476.75 ticks, tree = 0.19 MB, solutions = 8)
   1779    42      150.8300    22     2941.1267       83.6500    95010   97.16%
   1789    46     2046.3273    10     2941.1267       83.6500    97361   97.16%
   1797    51       87.6767    12     2941.1267       83.6500   103805   97.16%
   1799    46       87.6767    26     2941.1267       83.6500   102658   97.16%
   1801    54       87.7749    54     2941.1267       83.6500   110495   97.16%
   1810    55       87.7424    61     2941.1267       83.6500   111283   97.16%
   1833    68     1997.2762    15     2941.1267       83.6500   113190   97.16%
   1855    74     1997.9926    23     2941.1267       83.6500   113336   97.16%
   1877    84     1998.0363    20     2941.1267       83.6500   113385   97.16%
   1922    96       93.9214    17     2941.1267       84.5400   114529   97.13%
Elapsed time = 346.38 sec. (193796.20 ticks, tree = 0.66 MB, solutions = 8)
   1942    85      160.4140     6     2941.1267       84.5400   119678   97.13%
   1945   106      114.1333    11     2941.1267       84.5834   122716   97.12%
   1985   136      185.3692    38     2941.1267       84.5834   123652   97.12%
   2043   139       91.6600    17     2941.1267       84.6400   126709   97.12%
   2047   141      104.6117    24     2941.1267       84.7333   129656   97.12%
   2059   142       90.9731    76     2941.1267       85.2516   128470   97.10%
   2064   181    infeasible           2941.1267       85.2516   134723   97.10%
   2082   183       91.5325    43     2941.1267       85.2516   136488   97.10%
   2083   182    infeasible           2941.1267       86.1000   140855   97.07%
   2086   177       89.5038   104     2941.1267       86.1000   142021   97.07%
Elapsed time = 359.42 sec. (208706.24 ticks, tree = 1.44 MB, solutions = 8)
   2096   184       96.4925    38     2941.1267       87.5400   145559   97.02%
   2105   193       99.0400    58     2941.1267       87.5400   146048   97.02%
   2114   199      105.1700    40     2941.1267       87.5400   147894   97.02%
   2129   200      160.6617    64     2941.1267       87.6767   152444   97.02%
   2151   219     1756.1683    67     2941.1267       87.6767   152604   97.02%
   2173   236     1768.4048    86     2941.1267       87.6767   153116   97.02%
   2181   238       89.4644    43     2941.1267       87.6767   156152   97.02%
   2182   217      124.2000    27     2941.1267       87.6767   157771   97.02%
   2183   245      160.5900    23     2941.1267       87.6868   162530   97.02%
   2234   253      125.4120    84     2941.1267       87.7424   167574   97.02%
Elapsed time = 375.12 sec. (223627.00 ticks, tree = 2.09 MB, solutions = 8)
   2256   274      169.6600    22     2941.1267       87.7583   175342   97.02%
   2342   333     1820.1460     6     2941.1267       87.7875   182565   97.02%
   2483   349        cutoff           2941.1267       87.8578   193228   97.01%
   2624   417    infeasible           2941.1267       87.8578   197098   97.01%
   2674   404      123.6800    48     2941.1267       90.4200   207132   96.93%
   2860   492    infeasible           2941.1267       92.0354   216818   96.87%
   2982   499      139.2667    16     2941.1267       96.1801   224562   96.73%
   3405   629      118.9158    12     2941.1267      114.9523   231602   96.09%
   3823   729      183.6482    49     2941.1267      115.5605   235764   96.07%
   4032   855      129.1169    23     2941.1267      116.8400   243946   96.03%
Elapsed time = 419.48 sec. (265986.59 ticks, tree = 8.10 MB, solutions = 8)
   4260   962     1745.9414    19     2941.1267      122.2880   250567   95.84%
   4441   884        cutoff           2941.1267      127.7870   265610   95.66%
   4451   881      142.5733    11     2941.1267      127.7870   265663   95.66%
   4630   887      219.4400     6     2941.1267      131.5057   272850   95.53%
*  4858+  995                         2941.1267      131.6171            95.52%
   4922  1016      149.4526     7     2941.1267      132.8960   280775   95.48%
   4996  1105      149.0720    63     2941.1267      133.4364   287179   95.46%
   5009  1175      150.2343    43     2941.1267      133.4364   293882   95.46%
   5202  1283      141.3740    75     2941.1267      137.8197   301471   95.31%
   5470  1362      170.8933    41     2941.1267      137.8197   305563   95.31%
   5838  1616    infeasible           2941.1267      144.7600   315062   95.08%
Elapsed time = 461.67 sec. (305793.09 ticks, tree = 15.50 MB, solutions = 8)
   5974  1520        cutoff           2941.1267      146.2800   328242   95.03%
   6038  1413    infeasible           2941.1267      146.5440   343319   95.02%
   6081  1386      181.9333    21     2941.1267      147.6950   351303   94.98%
   6128  1418      182.7433    24     2941.1267      147.6950   351479   94.98%
   6328  1357      153.4332    30     2941.1267      148.8915   359746   94.94%
   6971  1361    infeasible           2941.1267      150.5018   370272   94.88%
   7467  1307    infeasible           2941.1267      150.8067   377674   94.87%
   7935   680     1803.4000     6     2941.1267      903.3533   396303   69.29%
   8487   234    infeasible           2941.1267     1748.8200   410080   40.54%

GUB cover cuts applied:  5
Cover cuts applied:  14
Implied bound cuts applied:  47
Flow cuts applied:  5
Mixed integer rounding cuts applied:  15
Zero-half cuts applied:  6
Lift and project cuts applied:  4
Gomory fractional cuts applied:  10

Root node processing (before b&c):
  Real time             =   54.34 sec. (20121.84 ticks)
Parallel b&c, 2 threads:
  Real time             =  443.66 sec. (322252.24 ticks)
  Sync time (average)   =   18.62 sec.
  Wait time (average)   =    0.01 sec.
                          ------------
Total (root+branch&cut) =  498.00 sec. (342374.07 ticks)

Operational solve summary
------------------------------------------------------------
Solve status: integer optimal solution
Objective value: 2941.1266656992384
Runtime seconds: 505.4128

KPI values
Solve Status: integer optimal solution
Objective Value: 2941.1266656992384
Runtime Seconds: 505.4127666000277
Truck Only Mode: 0
Truck Warm Start: 1
Drones In Model: 6
Robots In Model: 6
Reported Makespan: 12.8566666667
Objective: 2941.1266656992384
Operating Cost: 84.46000000000001
Route Duration Penalty: 2856.6666656992384
Route Duration Excess: 2.8566666656992385
Time Window Penalty: 0.0
Total Penalty: 2856.6666656992384
Used Trucks: 1.0
truck_variable_cost: 43.5
drone_variable_cost: 0.96
robot_variable_cost: 0.0
truck_fixed_cost: 30.0
drone_fixed_cost: 10.0
robot_fixed_cost: 0.0
total_variable_cost: 44.46
total_fixed_cost: 40.0
operating_cost: 84.46000000000001
route_duration_penalty: 2856.6666656992384
time_window_penalty: 0.0
total_penalty: 2856.6666656992384
objective_value: 2941.1266656992384

Selected truck route arcs
 truck  i  j  value
     2  0  3    1.0
     2  1  4    1.0
     2  3  1    1.0
     2  4  7    1.0

Reconstructed truck routes
 truck                 route  arc_count  starts_at_depot  ends_at_end_depot status
     1                unused          0            False              False unused
     2 0 -> 3 -> 1 -> 4 -> 7          4             True               True   used
     3                unused          0            False              False unused
     4                unused          0            False              False unused

Selected drone sorties
 launch_truck  recovery_truck  drone  sortie_id  value_launch  value_recovery truck  i  k  sequence sequence_text                 route  customer_count  payload  travel_distance  travel_duration_precomputed_hr  cost  truck_launch_time_hr  truck_recovery_time_hr  platform_finish_time_hr  recovery_slack_hr  travel_duration_hr  service_duration_hr  active_duration_hr  elapsed_schedule_time_hr  waiting_time_hr
            2               2      1        248           1.0             1.0  2->2  4  7 (5, 2, 6)         5,2,6 4 -> 5 -> 2 -> 6 -> 7               3    19.54             12.0                            0.16  0.96                  9.58               12.856667                12.856667      -1.000762e-09                0.16                 0.41                0.57                  3.276667         2.706667

Selected robot sorties
(none)

Sortie timing audit
platform  vehicle  sortie_id truck  launch_truck  recovery_truck                 route    leg  from_node  to_node  travel_distance  travel_duration_hr  arrival_before_wait_hr  wait_hr  service_start_hr  service_duration_hr  service_finish_hr
   drone        1        248  2->2             2               2 4 -> 5 -> 2 -> 6 -> 7 4 -> 5          4        5              1.0            0.013333                9.593333 0.000000          9.593333                 0.08           9.673333
   drone        1        248  2->2             2               2 4 -> 5 -> 2 -> 6 -> 7 5 -> 2          5        2              2.0            0.026667                9.700000 1.430000         11.130000                 0.25          11.380000
   drone        1        248  2->2             2               2 4 -> 5 -> 2 -> 6 -> 7 2 -> 6          2        6              1.0            0.013333               11.393333 1.276667         12.670000                 0.08          12.750000
   drone        1        248  2->2             2               2 4 -> 5 -> 2 -> 6 -> 7 6 -> 7          6        7              8.0            0.106667               12.856667 0.000000         12.856667                 0.00          12.856667

Customer assignment
 customer_id assigned_mode                           assignment_detail
           1         truck                            truck 2: visit 1
           2         drone drone 1: 4 -> 5 -> 2 -> 6 -> 7 (truck 2->2)
           3         truck                            truck 2: visit 3
           4         truck                            truck 2: visit 4
           5         drone drone 1: 4 -> 5 -> 2 -> 6 -> 7 (truck 2->2)
           6         drone drone 1: 4 -> 5 -> 2 -> 6 -> 7 (truck 2->2)

Arrival times
 mode vehicle  node_id                     status arrival_time
truck       1        0               unused_truck             
truck       1        1               unused_truck             
truck       1        2               unused_truck             
truck       1        3               unused_truck             
truck       1        4               unused_truck             
truck       1        5               unused_truck             
truck       1        6               unused_truck             
truck       1        7               unused_truck             
truck       2        0                    visited          0.0
truck       2        1                    visited     0.542222
truck       2        2                not_visited             
truck       2        3                    visited         0.27
truck       2        4                    visited         9.58
truck       2        5                not_visited             
truck       2        6                not_visited             
truck       2        7                    visited    12.856667
truck       3        0               unused_truck             
truck       3        1               unused_truck             
truck       3        2               unused_truck             
truck       3        3               unused_truck             
truck       3        4               unused_truck             
truck       3        5               unused_truck             
truck       3        6               unused_truck             
truck       3        7               unused_truck             
truck       4        0               unused_truck             
truck       4        1               unused_truck             
truck       4        2               unused_truck             
truck       4        3               unused_truck             
truck       4        4               unused_truck             
truck       4        5               unused_truck             
truck       4        6               unused_truck             
truck       4        7               unused_truck             
drone                0                      depot          0.0
robot                0                      depot          0.0
drone                1 not_served_value_arbitrary          0.0
robot                1 not_served_value_arbitrary          0.0
drone                2                     served        11.13
robot                2 not_served_value_arbitrary        17.13
drone                3 not_served_value_arbitrary          0.0
robot                3 not_served_value_arbitrary          0.0
drone                4 not_served_value_arbitrary          0.0
robot                4 not_served_value_arbitrary        15.58
drone                5                     served    11.023333
robot                5 not_served_value_arbitrary        14.03
drone                6                     served        12.67
robot                6 not_served_value_arbitrary        18.67
drone                7                      depot          0.0
robot                7                      depot          0.0

Positive penalty variables
route_late_t[2]: 2.856667
route_late_global[global]: 2.856667

Warnings / modeling notes
- Operational constraints are route-completeness constraints, not explicit PDF constraints.
- Flexible docking uses h_launch/h_recover and g_launch/g_recover.
- Big-M used: 10000.0

Excel exported to: results/final_30min\tdrp_6_25_ordered_sorties_github_final_30min_3_10_no_cmax_arrival_status_solution.xlsx
LP file: results/final_30min\tdrp_6_25_ordered_sorties_github_final_30min_3_10_no_cmax_arrival_status_model.lp
Operational notes: results/final_30min\tdrp_6_25_ordered_sorties_github_final_30min_3_10_no_cmax_arrival_status_model_notes.md

